ARM Linker, 5.02 [Build 28] [MDK-ARM Standard]

==============================================================================

Small function inlining results

Inlined function __aeabi_dneg from dneg.o at offset 0x272 in atan.o(i.__hardfp_atan).
Inlined Instruction: EOR      r0,r1,#0, ASRS     r0,r0,r0
Inlined function __aeabi_dneg from dneg.o at offset 0x25e in atan_x.o(i.____hardfp_atan$lsc).
Inlined Instruction: EOR      r0,r1,#0, ASRS     r0,r0,r0
Inlined function __aeabi_dneg from dneg.o at offset 0xfc in atan2.o(i.__hardfp_atan2).
Inlined Instruction: EOR      r0,r1,#0, ASRS     r0,r0,r0
Inlined function __aeabi_dneg from dneg.o at offset 0x120 in atan2_x.o(i.____hardfp_atan2$lsc).
Inlined Instruction: EOR      r0,r1,#0, ASRS     r0,r0,r0
Inlined function __aeabi_dneg from dneg.o at offset 0xb0 in cos.o(i.__hardfp_cos).
Inlined Instruction: EOR      r0,r1,#0, ASRS     r0,r0,r0
Inlined function __aeabi_dneg from dneg.o at offset 0xc2 in cos.o(i.__hardfp_cos).
Inlined Instruction: EOR      r0,r1,#0, ASRS     r0,r0,r0
Inlined function __aeabi_dneg from dneg.o at offset 0x9a in cos_x.o(i.____hardfp_cos$lsc).
Inlined Instruction: EOR      r0,r1,#0, ASRS     r0,r0,r0
Inlined function __aeabi_dneg from dneg.o at offset 0xae in cos_x.o(i.____hardfp_cos$lsc).
Inlined Instruction: EOR      r0,r1,#0, ASRS     r0,r0,r0
Inlined function __aeabi_dneg from dneg.o at offset 0x88 in sin.o(i.__hardfp_sin).
Inlined Instruction: EOR      r0,r1,#0, ASRS     r0,r0,r0
Inlined function __aeabi_dneg from dneg.o at offset 0xbe in sin.o(i.__hardfp_sin).
Inlined Instruction: EOR      r0,r1,#0, ASRS     r0,r0,r0
Inlined function __aeabi_dneg from dneg.o at offset 0x76 in sin_x.o(i.____hardfp_sin$lsc).
Inlined Instruction: EOR      r0,r1,#0, ASRS     r0,r0,r0
Inlined function __aeabi_dneg from dneg.o at offset 0xae in sin_x.o(i.____hardfp_sin$lsc).
Inlined Instruction: EOR      r0,r1,#0, ASRS     r0,r0,r0
Inlined function __aeabi_dneg from dneg.o at offset 0x1fc in rred.o(i.__ieee754_rem_pio2).
Inlined Instruction: EOR      r0,r1,#0, ASRS     r0,r0,r0
Inlined function __aeabi_dneg from dneg.o at offset 0x3bc in rred.o(i.__ieee754_rem_pio2).
Inlined Instruction: EOR      r0,r1,#0, ASRS     r0,r0,r0
Inlined total of 14 calls.

==============================================================================

Section Cross References

    system_m451series.o(.text) refers to system_m451series.o(.data) for PllClock
    startup_m451series.o(RESET) refers to startup_m451series.o(STACK) for __initial_sp
    startup_m451series.o(RESET) refers to startup_m451series.o(.text) for Reset_Handler
    startup_m451series.o(RESET) refers to retarget.o(.emb_text) for HardFault_Handler
    startup_m451series.o(RESET) refers to timer_ctrl.o(.text) for SysTick_Handler
    startup_m451series.o(RESET) refers to battery.o(.text) for RTC_IRQHandler
    startup_m451series.o(RESET) refers to ssv7241.o(.text) for EINT1_IRQHandler
    startup_m451series.o(RESET) refers to ir.o(.text) for PWM1P1_IRQHandler
    startup_m451series.o(RESET) refers to led.o(.text) for TMR1_IRQHandler
    startup_m451series.o(RESET) refers to gps.o(.text) for UART1_IRQHandler
    startup_m451series.o(RESET) refers to nvt_i2c.o(.text) for I2C0_IRQHandler
    startup_m451series.o(.text) refers to system_m451series.o(.text) for SystemInit
    startup_m451series.o(.text) refers to entry.o(.ARM.Collect$$$$00000000) for __main
    ak8975.o(.text) refers to i2cdev.o(.text) for I2C_readByte
    ak8975.o(.text) refers to timer_ctrl.o(.text) for ChronographRead
    ak8975.o(.text) refers to ak8975.o(.data) for devAddr
    calibrate.o(.text) refers to retarget.o(.text) for Serial_write
    calibrate.o(.text) refers to atoi.o(.text) for atoi
    calibrate.o(.text) refers to acccalibrate.o(.text) for nvtCalACCInit
    calibrate.o(.text) refers to timer_ctrl.o(.text) for DelayMsec
    calibrate.o(.text) refers to sensors.o(.text) for SensorsRead
    calibrate.o(.text) refers to flashctrl.o(.text) for UpdateFlashCal
    calibrate.o(.text) refers to gyrocalibrate.o(.text) for nvtCalGyroInit
    calibrate.o(.text) refers to led.o(.text) for led_arm_state
    calibrate.o(.text) refers to magcalibrate.o(.text) for nvtCalMAGInit
    calibrate.o(.text) refers to ahrslib.o(.text) for nvtGetSensorRawMAG
    calibrate.o(.text) refers to printfa.o(i.__0printf) for __2printf
    calibrate.o(.text) refers to rc.o(.text) for RC_Enable
    calibrate.o(.text) refers to report.o(.data) for report_format
    calibrate.o(.text) refers to calibrate.o(.data) for CalQFactor
    controller.o(.text) refers to flashctrl.o(.text) for GetFlashPID
    controller.o(.text) refers to timer_ctrl.o(.text) for getUpdateDT
    controller.o(.text) refers to pid.o(.text) for pidInit
    controller.o(.text) refers to printfa.o(i.__0printf) for __2printf
    controller.o(.text) refers to controller.o(.bss) for pidRoll
    controller.o(.text) refers to controller.o(.data) for isInit
[...]
    ADC00_IRQHandler                         0x000072bd   Thumb Code    18  battery.o(.text)
    RTC_IRQHandler                           0x000072cf   Thumb Code    78  battery.o(.text)
    GPB_IRQHandler                           0x0000731d   Thumb Code   378  battery.o(.text)
    Battery_Init                             0x00007497   Thumb Code   348  battery.o(.text)
    GetBattery                               0x000075f3   Thumb Code     6  battery.o(.text)
    CheckLowBattery                          0x000075f9   Thumb Code    18  battery.o(.text)
    UpdateBattery                            0x0000760b   Thumb Code   388  battery.o(.text)
    LeadFilterX_get_position                 0x000077bd   Thumb Code    70  gps.o(.text)
    LeadFilterY_get_position                 0x00007803   Thumb Code    70  gps.o(.text)
    get_P                                    0x00007849   Thumb Code    28  gps.o(.text)
    get_I                                    0x00007865   Thumb Code    96  gps.o(.text)
    get_D                                    0x000078c5   Thumb Code   108  gps.o(.text)
    reset_PID                                0x00007931   Thumb Code    22  gps.o(.text)
    UBLOX_parse_gps                          0x00007947   Thumb Code   160  gps.o(.text)
    GPS_UBLOX_newFrame                       0x000079e7   Thumb Code   378  gps.o(.text)
    isdigit                                  0x00007b61   Thumb Code    18  gps.o(.text)
    GPS_coord_to_degrees                     0x00007b73   Thumb Code   230  gps.o(.text)
    grab_fields                              0x00007c59   Thumb Code    78  gps.o(.text)
    hex_c                                    0x00007ca7   Thumb Code    20  gps.o(.text)
    GPS_NMEA_newFrame                        0x00007cbb   Thumb Code   582  gps.o(.text)
    GPS_newFrame                             0x00007f01   Thumb Code    12  gps.o(.text)
    GPS_calc_longitude_scaling               0x00007f0d   Thumb Code   162  gps.o(.text)
    GPS_reset_home_position                  0x00007faf   Thumb Code    82  gps.o(.text)
    wrap_18000                               0x00008001   Thumb Code    96  gps.o(.text)
    GPS_distance_cm_bearing                  0x000080b5   Thumb Code   304  gps.o(.text)
    wrap_36000                               0x00008419   Thumb Code    22  gps.o(.text)
    GPSBufferAvailable                       0x000087e7   Thumb Code     8  gps.o(.text)
    GPSBufferRead                            0x000087ef   Thumb Code    66  gps.o(.text)
    GPS_NewData                              0x00008831   Thumb Code   814  gps.o(.text)
    GPS_UART_HANDLE                          0x00008b5f   Thumb Code    86  gps.o(.text)
    UART1_IRQHandler                         0x00008bb5   Thumb Code     8  gps.o(.text)
    setupGpsUART                             0x00008bbd   Thumb Code     2  gps.o(.text)
    setupGPS                                 0x00008bbf   Thumb Code    54  gps.o(.text)
    GPSCommandProcess                        0x00008bf5   Thumb Code     8  gps.o(.text)
    GetGPSInfo                               0x00008bfd   Thumb Code     6  gps.o(.text)
    IrDa_NEC_Rx                              0x00008c81   Thumb Code  1236  ir.o(.text)
    IrDa_NEC_Rx2                             0x00009155   Thumb Code  1266  ir.o(.text)
    PWM1P1_IRQHandler                        0x00009647   Thumb Code    92  ir.o(.text)
    Mark                                     0x000096a3   Thumb Code    36  ir.o(.text)
    SPACE                                    0x000096c7   Thumb Code    20  ir.o(.text)
    SendIR                                   0x000096db   Thumb Code    78  ir.o(.text)
    IR_init                                  0x00009729   Thumb Code   250  ir.o(.text)
    HALL_init                                0x00009881   Thumb Code    78  hall.o(.text)
    HALL_getSpeed                            0x000098cf   Thumb Code    42  hall.o(.text)
    GPIO_SetMode                             0x00009901   Thumb Code    44  gpio.o(.text)
    GPIO_EnableInt                           0x0000992d   Thumb Code    26  gpio.o(.text)
    GPIO_DisableInt                          0x00009947   Thumb Code    24  gpio.o(.text)
    I2C_Open                                 0x00009961   Thumb Code    54  i2c.o(.text)
    I2C_Close                                0x00009997   Thumb Code    36  i2c.o(.text)
    I2C_ClearTimeoutFlag                     0x000099bb   Thumb Code    10  i2c.o(.text)
    I2C_Trigger                              0x000099c5   Thumb Code    44  i2c.o(.text)
    I2C_DisableInt                           0x000099f1   Thumb Code    10  i2c.o(.text)
    I2C_EnableInt                            0x000099fb   Thumb Code    10  i2c.o(.text)
    I2C_GetBusClockFreq                      0x00009a05   Thumb Code    18  i2c.o(.text)
    I2C_SetBusClockFreq                      0x00009a17   Thumb Code    46  i2c.o(.text)
    I2C_GetIntFlag                           0x00009a45   Thumb Code    10  i2c.o(.text)
    I2C_GetStatus                            0x00009a4f   Thumb Code     6  i2c.o(.text)
    I2C_GetData                              0x00009a55   Thumb Code     8  i2c.o(.text)
    I2C_SetData                              0x00009a5d   Thumb Code     4  i2c.o(.text)
    I2C_SetSlaveAddr                         0x00009a61   Thumb Code    56  i2c.o(.text)
    I2C_SetSlaveAddrMask                     0x00009a99   Thumb Code    46  i2c.o(.text)
    I2C_EnableTimeout                        0x00009ac7   Thumb Code    30  i2c.o(.text)
    I2C_DisableTimeout                       0x00009ae5   Thumb Code    10  i2c.o(.text)
    I2C_EnableWakeup                         0x00009aef   Thumb Code    10  i2c.o(.text)
    I2C_DisableWakeup                        0x00009af9   Thumb Code    10  i2c.o(.text)
    I2C_SMBusGetStatus                       0x00009b03   Thumb Code     6  i2c.o(.text)
    I2C_SMBusClearInterruptFlag              0x00009b09   Thumb Code     8  i2c.o(.text)
    I2C_SMBusSetPacketByteCount              0x00009b11   Thumb Code     4  i2c.o(.text)
    I2C_SMBusOpen                            0x00009b15   Thumb Code    32  i2c.o(.text)
    I2C_SMBusClose                           0x00009b35   Thumb Code     6  i2c.o(.text)
    I2C_SMBusPECTxEnable                     0x00009b3b   Thumb Code    30  i2c.o(.text)
    I2C_SMBusGetPECValue                     0x00009b59   Thumb Code     8  i2c.o(.text)
    I2C_SMBusIdleTimeout                     0x00009b61   Thumb Code    28  i2c.o(.text)
    I2C_SMBusTimeout                         0x00009b7d   Thumb Code    70  i2c.o(.text)
    I2C_SMBusClockLoTimeout                  0x00009bc3   Thumb Code    70  i2c.o(.text)
    PWM_ConfigCaptureChannel                 0x00009c65   Thumb Code   188  pwm.o(.text)
    PWM_ConfigOutputChannel                  0x00009d21   Thumb Code   280  pwm.o(.text)
    PWM_Start                                0x00009e39   Thumb Code     8  pwm.o(.text)
    PWM_Stop                                 0x00009e41   Thumb Code    34  pwm.o(.text)
    PWM_ForceStop                            0x00009e63   Thumb Code     8  pwm.o(.text)
    PWM_EnableADCTrigger                     0x00009e6b   Thumb Code    74  pwm.o(.text)
    PWM_DisableADCTrigger                    0x00009eb5   Thumb Code    44  pwm.o(.text)
    PWM_ClearADCTriggerFlag                  0x00009ee1   Thumb Code    12  pwm.o(.text)
    PWM_GetADCTriggerFlag                    0x00009eed   Thumb Code    24  pwm.o(.text)
    PWM_EnableDACTrigger                     0x00009f05   Thumb Code    18  pwm.o(.text)
    PWM_DisableDACTrigger                    0x00009f17   Thumb Code    18  pwm.o(.text)
    PWM_ClearDACTriggerFlag                  0x00009f29   Thumb Code    10  pwm.o(.text)
    PWM_GetDACTriggerFlag                    0x00009f33   Thumb Code    12  pwm.o(.text)
    PWM_EnableFaultBrake                     0x00009f3f   Thumb Code   366  pwm.o(.text)
    PWM_EnableCapture                        0x0000a0ad   Thumb Code    22  pwm.o(.text)
    PWM_DisableCapture                       0x0000a0c3   Thumb Code    22  pwm.o(.text)
    PWM_EnableOutput                         0x0000a0d9   Thumb Code    12  pwm.o(.text)
    PWM_DisableOutput                        0x0000a0e5   Thumb Code    12  pwm.o(.text)
    PWM_EnablePDMA                           0x0000a0f1   Thumb Code    62  pwm.o(.text)
    PWM_DisablePDMA                          0x0000a12f   Thumb Code    42  pwm.o(.text)
    PWM_EnableDeadZone                       0x0000a159   Thumb Code    50  pwm.o(.text)
    PWM_DisableDeadZone                      0x0000a18b   Thumb Code    28  pwm.o(.text)
    PWM_EnableCaptureInt                     0x0000a1a7   Thumb Code    18  pwm.o(.text)
    PWM_DisableCaptureInt                    0x0000a1b9   Thumb Code    18  pwm.o(.text)
    PWM_ClearCaptureIntFlag                  0x0000a1cb   Thumb Code    10  pwm.o(.text)
    PWM_GetCaptureIntFlag                    0x0000a1d5   Thumb Code    48  pwm.o(.text)
    PWM_EnableDutyInt                        0x0000a205   Thumb Code    18  pwm.o(.text)
    PWM_DisableDutyInt                       0x0000a217   Thumb Code    16  pwm.o(.text)
    PWM_ClearDutyIntFlag                     0x0000a227   Thumb Code    10  pwm.o(.text)
    PWM_GetDutyIntFlag                       0x0000a231   Thumb Code    22  pwm.o(.text)
    PWM_EnableFaultBrakeInt                  0x0000a247   Thumb Code    16  pwm.o(.text)
    PWM_DisableFaultBrakeInt                 0x0000a257   Thumb Code    16  pwm.o(.text)
    PWM_ClearFaultBrakeIntFlag               0x0000a267   Thumb Code    10  pwm.o(.text)
    PWM_GetFaultBrakeIntFlag                 0x0000a271   Thumb Code    22  pwm.o(.text)
    PWM_EnablePeriodInt                      0x0000a287   Thumb Code    20  pwm.o(.text)
    PWM_DisablePeriodInt                     0x0000a29b   Thumb Code    18  pwm.o(.text)
    PWM_ClearPeriodIntFlag                   0x0000a2ad   Thumb Code    12  pwm.o(.text)
    PWM_GetPeriodIntFlag                     0x0000a2b9   Thumb Code    24  pwm.o(.text)
    PWM_EnableZeroInt                        0x0000a2d1   Thumb Code    16  pwm.o(.text)
    PWM_DisableZeroInt                       0x0000a2e1   Thumb Code    16  pwm.o(.text)
    PWM_ClearZeroIntFlag                     0x0000a2f1   Thumb Code    10  pwm.o(.text)
    PWM_GetZeroIntFlag                       0x0000a2fb   Thumb Code    22  pwm.o(.text)
    PWM_EnableAcc                            0x0000a311   Thumb Code    38  pwm.o(.text)
    PWM_DisableAcc                           0x0000a337   Thumb Code    22  pwm.o(.text)
    PWM_EnableAccInt                         0x0000a34d   Thumb Code    22  pwm.o(.text)
    PWM_DisableAccInt                        0x0000a363   Thumb Code    22  pwm.o(.text)
    PWM_ClearAccInt                          0x0000a379   Thumb Code    14  pwm.o(.text)
    PWM_GetAccInt                            0x0000a387   Thumb Code    28  pwm.o(.text)
    PWM_ClearFTDutyIntFlag                   0x0000a3a3   Thumb Code    14  pwm.o(.text)
    PWM_GetFTDutyIntFlag                     0x0000a3b1   Thumb Code    28  pwm.o(.text)
    PWM_EnableLoadMode                       0x0000a3cd   Thumb Code    14  pwm.o(.text)
    PWM_DisableLoadMode                      0x0000a3db   Thumb Code    14  pwm.o(.text)
    PWM_ConfigSyncPhase                      0x0000a3e9   Thumb Code    52  pwm.o(.text)
    PWM_EnableSyncPhase                      0x0000a41d   Thumb Code    36  pwm.o(.text)
    PWM_DisableSyncPhase                     0x0000a441   Thumb Code    36  pwm.o(.text)
    PWM_EnableSyncNoiseFilter                0x0000a465   Thumb Code    24  pwm.o(.text)
    PWM_DisableSyncNoiseFilter               0x0000a47d   Thumb Code    10  pwm.o(.text)
    PWM_EnableSyncPinInverse                 0x0000a487   Thumb Code    10  pwm.o(.text)
    PWM_DisableSyncPinInverse                0x0000a491   Thumb Code    10  pwm.o(.text)
    PWM_SetClockSource                       0x0000a49b   Thumb Code    28  pwm.o(.text)
    PWM_EnableBrakeNoiseFilter               0x0000a4b7   Thumb Code    34  pwm.o(.text)
    PWM_DisableBrakeNoiseFilter              0x0000a4d9   Thumb Code    20  pwm.o(.text)
    PWM_EnableBrakePinInverse                0x0000a4ed   Thumb Code    20  pwm.o(.text)
    PWM_DisableBrakePinInverse               0x0000a501   Thumb Code    20  pwm.o(.text)
    PWM_GetWrapAroundFlag                    0x0000a515   Thumb Code    22  pwm.o(.text)
    PWM_ClearWrapAroundFlag                  0x0000a52b   Thumb Code    10  pwm.o(.text)
    TIMER_GetModuleClock                     0x0000a53d   Thumb Code    94  timer.o(.text)
    TIMER_Open                               0x0000a59b   Thumb Code   106  timer.o(.text)
    TIMER_Close                              0x0000a605   Thumb Code     8  timer.o(.text)
    TIMER_Delay                              0x0000a60d   Thumb Code   214  timer.o(.text)
    TIMER_EnableCapture                      0x0000a6e3   Thumb Code    18  timer.o(.text)
    TIMER_DisableCapture                     0x0000a6f5   Thumb Code    10  timer.o(.text)
    TIMER_EnableEventCounter                 0x0000a6ff   Thumb Code    20  timer.o(.text)
    TIMER_DisableEventCounter                0x0000a713   Thumb Code    10  timer.o(.text)
    SYS_ClearResetSrc                        0x0000a745   Thumb Code    16  sys.o(.text)
    SYS_GetBODStatus                         0x0000a755   Thumb Code    12  sys.o(.text)
    SYS_GetResetSrc                          0x0000a761   Thumb Code     8  sys.o(.text)
    SYS_IsRegLocked                          0x0000a769   Thumb Code    14  sys.o(.text)
    SYS_ReadPDID                             0x0000a777   Thumb Code     8  sys.o(.text)
    SYS_ResetChip                            0x0000a77f   Thumb Code    18  sys.o(.text)
    SYS_ResetCPU                             0x0000a791   Thumb Code    18  sys.o(.text)
    SYS_ResetModule                          0x0000a7a3   Thumb Code    54  sys.o(.text)
    SYS_EnableBOD                            0x0000a7d9   Thumb Code    42  sys.o(.text)
    SYS_DisableBOD                           0x0000a803   Thumb Code    18  sys.o(.text)
    UART_ClearIntFlag                        0x0000a86d   Thumb Code   104  uart.o(.text)
    UART_Close                               0x0000a8d5   Thumb Code     6  uart.o(.text)
    UART_DisableFlowCtrl                     0x0000a8db   Thumb Code    10  uart.o(.text)
    UART_DisableInt                          0x0000a8e5   Thumb Code    62  uart.o(.text)
    UART_EnableFlowCtrl                      0x0000a923   Thumb Code    26  uart.o(.text)
    UART_EnableInt                           0x0000a93d   Thumb Code    62  uart.o(.text)
    UART_Open                                0x0000a97b   Thumb Code   140  uart.o(.text)
    UART_Read                                0x0000aa07   Thumb Code    48  uart.o(.text)
    UART_SetLine_Config                      0x0000aa37   Thumb Code   144  uart.o(.text)
    UART_SetTimeoutCnt                       0x0000aac7   Thumb Code    20  uart.o(.text)
    UART_SelectIrDAMode                      0x0000aadb   Thumb Code   138  uart.o(.text)
    UART_SelectRS485Mode                     0x0000ab65   Thumb Code    26  uart.o(.text)
    UART_SelectLINMode                       0x0000ab7f   Thumb Code    26  uart.o(.text)
    UART_Write                               0x0000ab99   Thumb Code    48  uart.o(.text)
    CLK_DisableModuleClock                   0x0000ac29   Thumb Code    48  clk.o(.text)
    CLK_DisableCKO                           0x0000ac59   Thumb Code    10  clk.o(.text)
    CLK_SetModuleClock                       0x0000ac63   Thumb Code    78  clk.o(.text)
    CLK_EnableModuleClock                    0x0000acb1   Thumb Code    48  clk.o(.text)
    CLK_EnableCKO                            0x0000ace1   Thumb Code    34  clk.o(.text)
    CLK_PowerDown                            0x0000ad03   Thumb Code    32  clk.o(.text)
    CLK_Idle                                 0x0000ad23   Thumb Code    32  clk.o(.text)
    CLK_GetHXTFreq                           0x0000ad43   Thumb Code    18  clk.o(.text)
    CLK_GetLXTFreq                           0x0000ad55   Thumb Code    20  clk.o(.text)
    CLK_GetHCLKFreq                          0x0000ad69   Thumb Code    12  clk.o(.text)
    CLK_GetCPUFreq                           0x0000ad75   Thumb Code    12  clk.o(.text)
    CLK_WaitClockReady                       0x0000ad81   Thumb Code    36  clk.o(.text)
    CLK_SetHCLK                              0x0000ada5   Thumb Code    88  clk.o(.text)
    CLK_DisablePLL                           0x0000adfd   Thumb Code    18  clk.o(.text)
    CLK_EnablePLL                            0x0000ae0f   Thumb Code   332  clk.o(.text)
    CLK_SetCoreClock                         0x0000af5b   Thumb Code   128  clk.o(.text)
    CLK_SetSysTickClockSrc                   0x0000afdb   Thumb Code    22  clk.o(.text)
    CLK_EnableXtalRC                         0x0000aff1   Thumb Code    18  clk.o(.text)
    CLK_DisableXtalRC                        0x0000b003   Thumb Code    18  clk.o(.text)
    FMC_SetBootSource                        0x0000b0ed   Thumb Code    30  fmc.o(.text)
    FMC_Close                                0x0000b10b   Thumb Code    14  fmc.o(.text)
    FMC_DisableAPUpdate                      0x0000b119   Thumb Code    14  fmc.o(.text)
    FMC_DisableConfigUpdate                  0x0000b127   Thumb Code    14  fmc.o(.text)
    FMC_DisableLDUpdate                      0x0000b135   Thumb Code    14  fmc.o(.text)
    FMC_EnableAPUpdate                       0x0000b143   Thumb Code    14  fmc.o(.text)
    FMC_EnableConfigUpdate                   0x0000b151   Thumb Code    14  fmc.o(.text)
    FMC_EnableLDUpdate                       0x0000b15f   Thumb Code    14  fmc.o(.text)
    FMC_GetBootSource                        0x0000b16d   Thumb Code    18  fmc.o(.text)
    FMC_Open                                 0x0000b17f   Thumb Code    14  fmc.o(.text)
    FMC_ReadDataFlashBaseAddr                0x0000b18d   Thumb Code     6  fmc.o(.text)
    FMC_ReadConfig                           0x0000b193   Thumb Code    36  fmc.o(.text)
    FMC_WriteConfig                          0x0000b1b7   Thumb Code    92  fmc.o(.text)
    FMC_ENABLE_FREQ_OPTIMIZE_MODE            0x0000b213   Thumb Code    24  fmc.o(.text)
    FMC_DISABLE_FREQ_OPTIMIZE_MODE           0x0000b22b   Thumb Code    14  fmc.o(.text)
    SPI_Open                                 0x0000b291   Thumb Code   638  spi.o(.text)
    SPI_Close                                0x0000b50f   Thumb Code   128  spi.o(.text)
    SPI_ClearRxFIFO                          0x0000b58f   Thumb Code    10  spi.o(.text)
    SPI_ClearTxFIFO                          0x0000b599   Thumb Code    10  spi.o(.text)
    SPI_DisableAutoSS                        0x0000b5a3   Thumb Code    10  spi.o(.text)
    SPI_EnableAutoSS                         0x0000b5ad   Thumb Code    22  spi.o(.text)
    SPI_SetBusClock                          0x0000b5c3   Thumb Code   460  spi.o(.text)
    SPI_SetFIFO                              0x0000b78f   Thumb Code    18  spi.o(.text)
    SPI_GetBusClock                          0x0000b7a1   Thumb Code   246  spi.o(.text)
    SPI_EnableInt                            0x0000b897   Thumb Code   182  spi.o(.text)
    SPI_DisableInt                           0x0000b94d   Thumb Code   182  spi.o(.text)
    SPI_GetIntFlag                           0x0000ba03   Thumb Code   230  spi.o(.text)
    SPI_ClearIntFlag                         0x0000bae9   Thumb Code    98  spi.o(.text)
    SPI_GetStatus                            0x0000bb4b   Thumb Code   150  spi.o(.text)
    I2S_Open                                 0x0000bc85   Thumb Code   278  spi.o(.text)
    I2S_Close                                0x0000bd9b   Thumb Code    50  spi.o(.text)
    I2S_EnableInt                            0x0000bdcd   Thumb Code   112  spi.o(.text)
    I2S_DisableInt                           0x0000be3d   Thumb Code   112  spi.o(.text)
    I2S_EnableMCLK                           0x0000bead   Thumb Code    70  spi.o(.text)
    I2S_DisableMCLK                          0x0000bef3   Thumb Code    10  spi.o(.text)
    I2S_SetFIFO                              0x0000befd   Thumb Code    18  spi.o(.text)
    EADC_Open                                0x0000bf2d   Thumb Code    20  eadc.o(.text)
    EADC_Close                               0x0000bf41   Thumb Code    10  eadc.o(.text)
    EADC_ConfigSampleModule                  0x0000bf4b   Thumb Code    44  eadc.o(.text)
    EADC_SetTriggerDelayTime                 0x0000bf77   Thumb Code    46  eadc.o(.text)
    EADC_SetInternalSampleTime               0x0000bfa5   Thumb Code    20  eadc.o(.text)
    EADC_SetExtendSAMPLETime                 0x0000bfb9   Thumb Code    38  eadc.o(.text)
    Hard_Fault_Handler                       0x0000c02b   Thumb Code    18  retarget.o(.text)
    SendChar_ToUART                          0x0000c03d   Thumb Code    40  retarget.o(.text)
    SendChar                                 0x0000c065   Thumb Code    12  retarget.o(.text)
    GetChar                                  0x0000c071   Thumb Code    22  retarget.o(.text)
    kbhit                                    0x0000c087   Thumb Code    10  retarget.o(.text)
    IsDebugFifoEmpty                         0x0000c091   Thumb Code    10  retarget.o(.text)
    _ttywrch                                 0x0000c09b   Thumb Code    12  retarget.o(.text)
    fputc                                    0x0000c0a7   Thumb Code    16  retarget.o(.text)
    fgetc                                    0x0000c0b7   Thumb Code    10  retarget.o(.text)
    ferror                                   0x0000c0c1   Thumb Code     8  retarget.o(.text)
    kbnumbers                                0x0000c0c9   Thumb Code    10  retarget.o(.text)
    Serial_available                         0x0000c0d3   Thumb Code     8  retarget.o(.text)
    Serial_read                              0x0000c0db   Thumb Code     8  retarget.o(.text)
    Serial_write                             0x0000c0e3   Thumb Code    34  retarget.o(.text)
    gpsnumbers                               0x0000c105   Thumb Code    10  retarget.o(.text)
    GPS_available                            0x0000c10f   Thumb Code     8  retarget.o(.text)
    GPS_read                                 0x0000c117   Thumb Code     8  retarget.o(.text)
    GPS_write                                0x0000c11f   Thumb Code    50  retarget.o(.text)
    RTC_SetDateAndTime                       0x0000c1f7   Thumb Code   220  rtc.o(.text)
    RTC_Open                                 0x0000c2d3   Thumb Code    62  rtc.o(.text)
    RTC_Close                                0x0000c311   Thumb Code    18  rtc.o(.text)
    RTC_32KCalibration                       0x0000c323   Thumb Code    72  rtc.o(.text)
    RTC_GetDateAndTime                       0x0000c36b   Thumb Code   360  rtc.o(.text)
    RTC_GetAlarmDateAndTime                  0x0000c4d3   Thumb Code   436  rtc.o(.text)
    RTC_SetAlarmDateAndTime                  0x0000c687   Thumb Code   220  rtc.o(.text)
    RTC_SetDate                              0x0000c763   Thumb Code   106  rtc.o(.text)
    RTC_SetTime                              0x0000c7cd   Thumb Code   142  rtc.o(.text)
    RTC_SetAlarmDate                         0x0000c85b   Thumb Code    96  rtc.o(.text)
    RTC_SetAlarmTime                         0x0000c8bb   Thumb Code   142  rtc.o(.text)
    RTC_GetDayOfWeek                         0x0000c949   Thumb Code    10  rtc.o(.text)
    RTC_SetTickPeriod                        0x0000c953   Thumb Code    24  rtc.o(.text)
    RTC_EnableInt                            0x0000c96b   Thumb Code    12  rtc.o(.text)
    RTC_DisableInt                           0x0000c977   Thumb Code    68  rtc.o(.text)
    RTC_EnableSpareAccess                    0x0000c9bb   Thumb Code    32  rtc.o(.text)
    RTC_DisableSpareRegister                 0x0000c9db   Thumb Code    50  rtc.o(.text)
    RTC_EnableSnooperDetection               0x0000ca0d   Thumb Code    28  rtc.o(.text)
    RTC_DisableSnooperDetection              0x0000ca29   Thumb Code    20  rtc.o(.text)
    FilterACCInit                            0x0000ca41   Thumb Code    38  acccalibrate.o(.text)
    nvtCalACCInit                            0x0000ca67   Thumb Code    28  acccalibrate.o(.text)
    UpdateCalibrateInfoACC                   0x0000ca83   Thumb Code    66  acccalibrate.o(.text)
    SetCalibrateACC                          0x0000cac5   Thumb Code    80  acccalibrate.o(.text)
    nvtGetCalibratedACC                      0x0000cb15   Thumb Code    28  acccalibrate.o(.text)
    SampleFilter                             0x0000cb31   Thumb Code   394  acccalibrate.o(.text)
    nvtCalACCBufferFill                      0x0000ccbb   Thumb Code   130  acccalibrate.o(.text)
    nvtSetAccG_PER_LSB                       0x0000cd3d   Thumb Code     8  acccalibrate.o(.text)
    SetZWithoutG_Base                        0x0000cd5d   Thumb Code     8  ahrslib.o(.text)
    GetAHRSPeriod                            0x0000cd65   Thumb Code     8  ahrslib.o(.text)
    TimerSet                                 0x0000cd6d   Thumb Code    10  ahrslib.o(.text)
    TimerStart                               0x0000cd77   Thumb Code    10  ahrslib.o(.text)
    TimerRead                                0x0000cd81   Thumb Code    26  ahrslib.o(.text)
    SensorStateInit                          0x0000cd9b   Thumb Code    72  ahrslib.o(.text)
    CalInfoInit                              0x0000cde3   Thumb Code   102  ahrslib.o(.text)
    TimeInfoInit                             0x0000ce49   Thumb Code    14  ahrslib.o(.text)
    nvtAHRSInit                              0x0000ce57   Thumb Code    40  ahrslib.o(.text)
    nvtGetEulerRPY                           0x0000ce7f   Thumb Code    46  ahrslib.o(.text)
    nvtGetQuaternion                         0x0000cead   Thumb Code    44  ahrslib.o(.text)
    nvtGetNormAttitude                       0x0000ced9   Thumb Code    42  ahrslib.o(.text)
    nvtGetNormACC                            0x0000cf03   Thumb Code    42  ahrslib.o(.text)
    nvtGetMAGHeading                         0x0000cf2d   Thumb Code    42  ahrslib.o(.text)
    nvtGetEulerNormMAG                       0x0000cf57   Thumb Code    42  ahrslib.o(.text)
    nvtGetNormMAG                            0x0000cf81   Thumb Code    42  ahrslib.o(.text)
    nvtGetGYRODegree                         0x0000cfab   Thumb Code    42  ahrslib.o(.text)
    nvtGetVelocity                           0x0000cfd5   Thumb Code     4  ahrslib.o(.text)
    nvtGetMove                               0x0000cfd9   Thumb Code     4  ahrslib.o(.text)
    nvtSetMove                               0x0000cfdd   Thumb Code     4  ahrslib.o(.text)
    nvtResetMove                             0x0000cfe1   Thumb Code     4  ahrslib.o(.text)
    nvtUpdateAHRS                            0x0000cfe5   Thumb Code   148  ahrslib.o(.text)
    nvtMillisecondTick                       0x0000d079   Thumb Code    20  ahrslib.o(.text)
    nvt100usecondTick                        0x0000d08d   Thumb Code    20  ahrslib.o(.text)
    GetTickCounter                           0x0000d0a1   Thumb Code     6  ahrslib.o(.text)
    RawSmoothInput                           0x0000d0a7   Thumb Code   104  ahrslib.o(.text)
    RawSmoothOutput                          0x0000d10f   Thumb Code   154  ahrslib.o(.text)
    nvtInputSensorRawACC                     0x0000d1a9   Thumb Code   126  ahrslib.o(.text)
    nvtInputSensorRawGYRO                    0x0000d227   Thumb Code    98  ahrslib.o(.text)
    nvtInputSensorRawMAG                     0x0000d289   Thumb Code    98  ahrslib.o(.text)
    nvtInputSensorRawBARO                    0x0000d2eb   Thumb Code    86  ahrslib.o(.text)
    nvtInputSensorRaw9D                      0x0000d341   Thumb Code    46  ahrslib.o(.text)
    nvtGetAccZWithoutGravity                 0x0000d36f   Thumb Code    72  ahrslib.o(.text)
    nvtGetSensorRawACC                       0x0000d3b7   Thumb Code    58  ahrslib.o(.text)
    nvtGetSensorRawGYRO                      0x0000d3f1   Thumb Code    58  ahrslib.o(.text)
    nvtGetSensorRawMAG                       0x0000d42b   Thumb Code    58  ahrslib.o(.text)
    nvtGetSensorRawBARO                      0x0000d465   Thumb Code    44  ahrslib.o(.text)
    nvtSmoothSensorRawData                   0x0000d491   Thumb Code    10  ahrslib.o(.text)
    nvtGetSensorRaw9D                        0x0000d49b   Thumb Code    38  ahrslib.o(.text)
    nvtGetAccOffset                          0x0000d4c1   Thumb Code    30  ahrslib.o(.text)
    nvtGetAccScale                           0x0000d4df   Thumb Code    30  ahrslib.o(.text)
    nvtGetGyroOffset                         0x0000d4fd   Thumb Code    30  ahrslib.o(.text)
    nvtGetGyroScale                          0x0000d51b   Thumb Code    30  ahrslib.o(.text)
    nvtGetMagCalMatrix                       0x0000d539   Thumb Code    30  ahrslib.o(.text)
    nvtSetSensorEnable                       0x0000d557   Thumb Code     8  ahrslib.o(.text)
    nvtSetAccOffset                          0x0000d55f   Thumb Code    30  ahrslib.o(.text)
    nvtSetAccScale                           0x0000d57d   Thumb Code    44  ahrslib.o(.text)
    nvtSetGyroOffset                         0x0000d5a9   Thumb Code    28  ahrslib.o(.text)
    nvtSetGyroScale                          0x0000d5c5   Thumb Code    28  ahrslib.o(.text)
    nvtSetMagCalMatrix                       0x0000d5e1   Thumb Code    40  ahrslib.o(.text)
    nvtGyroCenterCalibrate                   0x0000d60d   Thumb Code    94  gyrocalibrate.o(.text)
    nvtCalGyroInit                           0x0000d66b   Thumb Code    50  gyrocalibrate.o(.text)
    nvtGyroIsSteady                          0x0000d69d   Thumb Code    64  gyrocalibrate.o(.text)
    GyroScaleCalibrate                       0x0000d6dd   Thumb Code   258  gyrocalibrate.o(.text)
    nvtGyroScaleCalibrate                    0x0000d7df   Thumb Code    44  gyrocalibrate.o(.text)
    SetCalibrateGYRO                         0x0000d80b   Thumb Code    82  gyrocalibrate.o(.text)
    nvtGetCalibratedGYRO                     0x0000d85d   Thumb Code    28  gyrocalibrate.o(.text)
    nvtSetGYRODegPLSB                        0x0000d879   Thumb Code    10  gyrocalibrate.o(.text)
    nvtCalMAGInit                            0x0000d8a5   Thumb Code    34  magcalibrate.o(.text)
    UpdateCalibrateInfoMAG                   0x0000d8c7   Thumb Code    42  magcalibrate.o(.text)
    SetCalibrateMAG                          0x0000d8f1   Thumb Code   196  magcalibrate.o(.text)
    nvtGetCalibratedMAG                      0x0000d9b5   Thumb Code    28  magcalibrate.o(.text)
    nvtCalMAGBufferFill                      0x0000d9d1   Thumb Code   106  magcalibrate.o(.text)
    nvtSetMagGaussPLSB                       0x0000da3b   Thumb Code     8  magcalibrate.o(.text)
    nvtGetMagCalQFactor                      0x0000da43   Thumb Code    56  magcalibrate.o(.text)
    SetMagGuass                              0x0000da7b   Thumb Code    58  magcalibrate.o(.text)
    GetMagGuass                              0x0000dab5   Thumb Code     8  magcalibrate.o(.text)
    AccFilterInit                            0x0000dadd   Thumb Code    76  accfilter.o(.text)
    iirLPFilterSingle                        0x0000db29   Thumb Code    46  accfilter.o(.text)
    imuAccIIRLPFilter                        0x0000db57   Thumb Code   126  accfilter.o(.text)
    FilterCalibrateACC                       0x0000dbd5   Thumb Code    88  accfilter.o(.text)
    MultiwiiAccFilter                        0x0000dc2d   Thumb Code   204  accfilter.o(.text)
    reset_calibration_matrices               0x0000dd29   Thumb Code    54  gauss_newton_calibrate.o(.text)
    setup_acc_beta                           0x0000dd5f   Thumb Code    42  gauss_newton_calibrate.o(.text)
    setup_mag_beta                           0x0000dd89   Thumb Code    92  gauss_newton_calibrate.o(.text)
    update_calibration_matrices              0x0000dde5   Thumb Code   182  gauss_newton_calibrate.o(.text)
    update_calibration_matrices_mag          0x0000de9b   Thumb Code   476  gauss_newton_calibrate.o(.text)
    compute_calibration_matrices_acc         0x0000e077   Thumb Code    38  gauss_newton_calibrate.o(.text)
    compute_calibration_matrices_mag         0x0000e09d   Thumb Code    38  gauss_newton_calibrate.o(.text)
    Det                                      0x0000e0c3   Thumb Code   146  gauss_newton_calibrate.o(.text)
    Jacobi_Cyclic_Method                     0x0000e155   Thumb Code   782  gauss_newton_calibrate.o(.text)
    compute_eigenvalue                       0x0000e463   Thumb Code   620  gauss_newton_calibrate.o(.text)
    find_delta                               0x0000e6cf   Thumb Code   258  gauss_newton_calibrate.o(.text)
    VerifyBetaAcc                            0x0000e7d1   Thumb Code    10  gauss_newton_calibrate.o(.text)
    VerifyBetaMagCircle                      0x0000e7db   Thumb Code     2  gauss_newton_calibrate.o(.text)
    VerifyBetaMag                            0x0000e7dd   Thumb Code   224  gauss_newton_calibrate.o(.text)
    VerifyBetaMagAvg                         0x0000e8bd   Thumb Code   256  gauss_newton_calibrate.o(.text)
    calibrate_model_acc                      0x0000e9bd   Thumb Code   264  gauss_newton_calibrate.o(.text)
    calibrate_model_mag                      0x0000eac5   Thumb Code   470  gauss_newton_calibrate.o(.text)
    EllipsoidInit                            0x0000ec9b   Thumb Code    24  gauss_newton_calibrate.o(.text)
    UpdateEllipsoidRange                     0x0000ecb3   Thumb Code    86  gauss_newton_calibrate.o(.text)
    PreCaculateEllipsoidCenter               0x0000ed09   Thumb Code    48  gauss_newton_calibrate.o(.text)
    MagCalibrate                             0x0000ed39   Thumb Code    36  gauss_newton_calibrate.o(.text)
    AccCalibrate                             0x0000ed5d   Thumb Code    20  gauss_newton_calibrate.o(.text)
    GetCalibrateParams                       0x0000ed71   Thumb Code    24  gauss_newton_calibrate.o(.text)
    AccZCalibrate                            0x0000ed89   Thumb Code   130  gauss_newton_calibrate.o(.text)
    shiftBufferR                             0x0000ee19   Thumb Code    24  gyrodriftcalibrate.o(.text)
    pushBuffer                               0x0000ee31   Thumb Code    42  gyrodriftcalibrate.o(.text)
    CheckMean                                0x0000ee5b   Thumb Code    38  gyrodriftcalibrate.o(.text)
    CheckStandardDV                          0x0000ee81   Thumb Code    78  gyrodriftcalibrate.o(.text)
    CheckMedian                              0x0000eecf   Thumb Code    10  gyrodriftcalibrate.o(.text)
    CheckMode                                0x0000eed9   Thumb Code   126  gyrodriftcalibrate.o(.text)
    CheckEmpirical                           0x0000ef57   Thumb Code   322  gyrodriftcalibrate.o(.text)
    comp                                     0x0000f099   Thumb Code    28  gyrodriftcalibrate.o(.text)
    swap                                     0x0000f0b5   Thumb Code    10  gyrodriftcalibrate.o(.text)
    partition                                0x0000f0bf   Thumb Code    78  gyrodriftcalibrate.o(.text)
    quickSortIterative                       0x0000f10d   Thumb Code   104  gyrodriftcalibrate.o(.text)
    GetGyroDynamicCenter                     0x0000f175   Thumb Code    28  gyrodriftcalibrate.o(.text)
    CheckNormalDistribution                  0x0000f191   Thumb Code    74  gyrodriftcalibrate.o(.text)
    CheckGyroNormalParam                     0x0000f1db   Thumb Code    52  gyrodriftcalibrate.o(.text)
    GyroDynamicCalibrate                     0x0000f20f   Thumb Code   106  gyrodriftcalibrate.o(.text)
    GyroDynamicGetDrift                      0x0000f279   Thumb Code    22  gyrodriftcalibrate.o(.text)
    GyroDynamicGetSteady                     0x0000f28f   Thumb Code     6  gyrodriftcalibrate.o(.text)
    GyroDynamicInit                          0x0000f295   Thumb Code     2  gyrodriftcalibrate.o(.text)
    FMCReadPID                               0x0000f2a1   Thumb Code    24  security.o(.text)
    FMCReadUID                               0x0000f2b9   Thumb Code    44  security.o(.text)
    FMCReadUCID                              0x0000f2e5   Thumb Code    72  security.o(.text)
    CheckSecurityID                          0x0000f32d   Thumb Code    44  security.o(.text)
    SetupSecurityID                          0x0000f359   Thumb Code    78  security.o(.text)
    UpdateMagMasterTime                      0x0000f3b5   Thumb Code    44  sensorfusion6.o(.text)
    ComputeEuler                             0x0000f3e1   Thumb Code   342  sensorfusion6.o(.text)
    filterA                                  0x0000f537   Thumb Code    30  sensorfusion6.o(.text)
    CheckAccSteady                           0x0000f555   Thumb Code    50  sensorfusion6.o(.text)
    ComputeMotion                            0x0000f587   Thumb Code   482  sensorfusion6.o(.text)
    sensfusion6UpdateQ                       0x0000f791   Thumb Code   746  sensorfusion6.o(.text)
    checkMagFail                             0x0000fa7b   Thumb Code    38  sensorfusion6.o(.text)
    sensfusion9UpdateQ                       0x0000faa1   Thumb Code  1096  sensorfusion6.o(.text)
    sensfusion6GetEulerRPY                   0x0000fee9   Thumb Code    28  sensorfusion6.o(.text)
    sensfusion6GetAccZWithoutGravity         0x0000ff05   Thumb Code    36  sensorfusion6.o(.text)
    sensfusion6GetGyro                       0x0000ff29   Thumb Code    28  sensorfusion6.o(.text)
    sensfusion6GetAcc                        0x0000ff45   Thumb Code    28  sensorfusion6.o(.text)
    sensfusion6Getquaternion                 0x0000ff61   Thumb Code    38  sensorfusion6.o(.text)
    sensfusion6UpdateMagByEuler              0x0000ff87   Thumb Code   526  sensorfusion6.o(.text)
    caculate_mag_degree                      0x00010195   Thumb Code   294  sensorfusion6.o(.text)
    sensfusion6GetMagEuler                   0x000102bb   Thumb Code    28  sensorfusion6.o(.text)
    sensfusion6GetNormMag                    0x000102d7   Thumb Code    28  sensorfusion6.o(.text)
    sensfusion6GetMagDegree                  0x000102f3   Thumb Code    36  sensorfusion6.o(.text)
    sensfusion6GetGyroDeg                    0x00010317   Thumb Code    28  sensorfusion6.o(.text)
    sensfusion6GetVelocity                   0x00010333   Thumb Code    30  sensorfusion6.o(.text)
    sensfusion6GetMove                       0x00010351   Thumb Code    30  sensorfusion6.o(.text)
    sensfusion6SetMove                       0x0001036f   Thumb Code    30  sensorfusion6.o(.text)
    sensfusion6ResetMove                     0x0001038d   Thumb Code    22  sensorfusion6.o(.text)
    __aeabi_memcpy                           0x000103bd   Thumb Code    36  memcpya.o(.text)
    __aeabi_memcpy4                          0x000103bd   Thumb Code     0  memcpya.o(.text)
    __aeabi_memcpy8                          0x000103bd   Thumb Code     0  memcpya.o(.text)
    atoi                                     0x000103e1   Thumb Code    26  atoi.o(.text)
    __aeabi_dadd                             0x000103fb   Thumb Code   322  dadd.o(.text)
    __aeabi_dsub                             0x0001053d   Thumb Code     6  dadd.o(.text)
    __aeabi_drsub                            0x00010543   Thumb Code     6  dadd.o(.text)
    __aeabi_dmul                             0x00010549   Thumb Code   228  dmul.o(.text)
    __aeabi_ddiv                             0x0001062d   Thumb Code   222  ddiv.o(.text)
    __aeabi_i2d                              0x0001070b   Thumb Code    34  dflti.o(.text)
    __aeabi_ui2d                             0x0001072d   Thumb Code    26  dfltui.o(.text)
    __aeabi_d2iz                             0x00010747   Thumb Code    62  dfixi.o(.text)
    __aeabi_d2uiz                            0x00010785   Thumb Code    50  dfixui.o(.text)
    __aeabi_f2d                              0x000107b7   Thumb Code    38  f2d.o(.text)
    __aeabi_cdcmpeq                          0x000107dd   Thumb Code     0  cdcmple.o(.text)
    __aeabi_cdcmple                          0x000107dd   Thumb Code    38  cdcmple.o(.text)
    __aeabi_cdrcmple                         0x00010805   Thumb Code    38  cdrcmple.o(.text)
    __aeabi_d2f                              0x0001082d   Thumb Code    56  d2f.o(.text)
    __aeabi_uidiv                            0x00010865   Thumb Code     0  uidiv.o(.text)
    __aeabi_uidivmod                         0x00010865   Thumb Code    44  uidiv.o(.text)
    __aeabi_uldivmod                         0x00010891   Thumb Code    98  uldiv.o(.text)
    __aeabi_llsl                             0x000108f3   Thumb Code    30  llshl.o(.text)
    _ll_shift_l                              0x000108f3   Thumb Code     0  llshl.o(.text)
    __aeabi_llsr                             0x00010911   Thumb Code    32  llushr.o(.text)
    _ll_ushift_r                             0x00010911   Thumb Code     0  llushr.o(.text)
    __aeabi_lasr                             0x00010931   Thumb Code    36  llsshr.o(.text)
    _ll_sshift_r                             0x00010931   Thumb Code     0  llsshr.o(.text)
    __strtod_int                             0x0001098b   Thumb Code    88  strtod.o(.text)
    strtol                                   0x000109f1   Thumb Code   112  strtol.o(.text)
    __I$use$fp                               0x00010a61   Thumb Code     0  iusefp.o(.text)
    _float_round                             0x00010a61   Thumb Code    18  fepilogue.o(.text)
    _float_epilogue                          0x00010a73   Thumb Code    90  fepilogue.o(.text)
    _double_round                            0x00010acd   Thumb Code    26  depilogue.o(.text)
    _double_epilogue                         0x00010ae7   Thumb Code   164  depilogue.o(.text)
    _dsqrt                                   0x00010b8b   Thumb Code   162  dsqrt.o(.text)
    __aeabi_d2ulz                            0x00010c2d   Thumb Code    48  dfixul.o(.text)
    __scatterload                            0x00010c5d   Thumb Code    28  init.o(.text)
    __scatterload_rt2                        0x00010c5d   Thumb Code     0  init.o(.text)
    __rt_ctype_table                         0x00010c81   Thumb Code     4  ctype_o.o(.text)
    isspace                                  0x00010c89   Thumb Code    18  isspace_o.o(.text)
    _scanf_real                              0x00010d9d   Thumb Code     0  scanf_fp.o(.text)
    _scanf_really_real                       0x00010d9d   Thumb Code   560  scanf_fp.o(.text)
    _sgetc                                   0x00010fd9   Thumb Code    30  _sgetc.o(.text)
    _sbackspace                              0x00010ff7   Thumb Code    34  _sgetc.o(.text)
    _strtoul                                 0x00011019   Thumb Code   158  _strtoul.o(.text)
    _chval                                   0x000110b7   Thumb Code    28  _chval.o(.text)
    __aeabi_ul2d                             0x000110d3   Thumb Code    24  dfltul.o(.text)
    __0printf                                0x000110ed   Thumb Code    22  printfa.o(i.__0printf)
    __1printf                                0x000110ed   Thumb Code     0  printfa.o(i.__0printf)
    __2printf                                0x000110ed   Thumb Code     0  printfa.o(i.__0printf)
    __c89printf                              0x000110ed   Thumb Code     0  printfa.o(i.__0printf)
    printf                                   0x000110ed   Thumb Code     0  printfa.o(i.__0printf)
    __ARM_fpclassify                         0x0001110d   Thumb Code    48  fpclassify.o(i.__ARM_fpclassify)
    __aeabi_errno_addr                       0x0001113d   Thumb Code     4  errno.o(i.__aeabi_errno_addr)
    __rt_errno_addr                          0x0001113d   Thumb Code     0  errno.o(i.__aeabi_errno_addr)
    __hardfp_atan                            0x00011149   Thumb Code   636  atan.o(i.__hardfp_atan)
    __hardfp_atan2                           0x00011431   Thumb Code   416  atan2.o(i.__hardfp_atan2)
    __hardfp_atof                            0x00011611   Thumb Code    44  atof.o(i.__hardfp_atof)
    __hardfp_cos                             0x00011649   Thumb Code   200  cos.o(i.__hardfp_cos)
    __hardfp_fabs                            0x00011721   Thumb Code    20  fabs.o(i.__hardfp_fabs)
    __hardfp_sin                             0x00011739   Thumb Code   200  sin.o(i.__hardfp_sin)
    __hardfp_sqrt                            0x00011811   Thumb Code   122  sqrt.o(i.__hardfp_sqrt)
    __ieee754_rem_pio2                       0x00011891   Thumb Code   972  rred.o(i.__ieee754_rem_pio2)
    __kernel_cos                             0x00011ce9   Thumb Code   322  cos_i.o(i.__kernel_cos)
    __kernel_poly                            0x00011e59   Thumb Code   248  poly.o(i.__kernel_poly)
    __kernel_sin                             0x00011f51   Thumb Code   280  sin_i.o(i.__kernel_sin)
    __mathlib_dbl_underflow                  0x00012081   Thumb Code    24  dunder.o(i.__mathlib_dbl_underflow)
    __read_errno                             0x000120a1   Thumb Code     6  errno.o(i.__read_errno)
    __scatterload_copy                       0x000120ad   Thumb Code    14  handlers.o(i.__scatterload_copy)
    __scatterload_null                       0x000120bb   Thumb Code     2  handlers.o(i.__scatterload_null)
    __scatterload_zeroinit                   0x000120bd   Thumb Code    14  handlers.o(i.__scatterload_zeroinit)
    __set_errno                              0x000120cd   Thumb Code     6  errno.o(i.__set_errno)
    _is_digit                                0x00012235   Thumb Code    14  scanf_fp.o(i._is_digit)
    atan                                     0x0001298b   Thumb Code    16  atan.o(i.atan)
    fabs                                     0x0001299b   Thumb Code    32  fabs.o(i.fabs)
    ChannelBit                               0x00012a0b   Data           8  ssv7241.o(.constdata)
    ChannelTable                             0x00012a13   Data           8  ssv7241.o(.constdata)
    __mathlib_zero                           0x00012b40   Data           8  qnan.o(.constdata)
    __ctype_table                            0x00012c38   Data         129  ctype_o.o(.constdata)
    Region$$Table$$Base                      0x00012cc0   Number         0  anon$$obj.o(Region$$Table)
    Region$$Table$$Limit                     0x00012ce0   Number         0  anon$$obj.o(Region$$Table)
    SystemCoreClock                          0x20000000   Data           4  system_m451series.o(.data)
    CyclesPerUs                              0x20000004   Data           4  system_m451series.o(.data)
    PllClock                                 0x20000008   Data           4  system_m451series.o(.data)
    gau32ClkSrcTbl                           0x2000000c   Data          32  system_m451series.o(.data)
    CalQFactor                               0x2000002c   Data           1  calibrate.o(.data)
    rollOutput                               0x2000002e   Data           2  controller.o(.data)
    pitchOutput                              0x20000030   Data           2  controller.o(.data)
    yawOutput                                0x20000032   Data           2  controller.o(.data)
    speedOutput                              0x20000034   Data           2  controller.o(.data)
    DATA_Flash_Start_ADD                     0x20000038   Data           4  flashctrl.o(.data)
    BoardVersion                             0x2000003c   Data           4  flashctrl.o(.data)
    tfloat                                   0x20000040   Data           4  flashctrl.o(.data)
    freq                                     0x20000044   Data           4  abrobot.o(.data)
    au8IR_CODE                               0x2000004c   Data           4  abrobot.o(.data)
    I2ccnt                                   0x20000054   Data           1  nvt_i2c.o(.data)
    EndFlag0                                 0x20000055   Data           1  nvt_i2c.o(.data)
    ErrorFlag                                0x20000056   Data           1  nvt_i2c.o(.data)
    Addr1                                    0x20000057   Data           3  nvt_i2c.o(.data)
    Device_W_Addr                            0x20000064   Data           1  nvt_i2c.o(.data)
    Device_R_Addr                            0x20000065   Data           1  nvt_i2c.o(.data)
    ReadFlag                                 0x20000066   Data           1  nvt_i2c.o(.data)
    DataLen0                                 0x20000067   Data           1  nvt_i2c.o(.data)
    RxLen0                                   0x20000068   Data           1  nvt_i2c.o(.data)
    ContinueLen                              0x20000069   Data           1  nvt_i2c.o(.data)
    DataLen1                                 0x2000006a   Data           1  nvt_i2c.o(.data)
    Slave_Buff_Addr1                         0x2000006c   Data           2  nvt_i2c.o(.data)
    rcValue                                  0x20000070   Data          12  rc.o(.data)
    beSSVConnected                           0x20000088   Data           1  rc.o(.data)
    report_mode                              0x2000008a   Data           1  report.o(.data)
    report_format                            0x2000008b   Data           1  report.o(.data)
    stream_mode                              0x2000008c   Data           1  report.o(.data)
    CalFlashState                            0x20000090   Data           4  sensors.o(.data)
    BaroDoTick                               0x20000094   Data           4  sensors.o(.data)
    BaroDoState                              0x20000098   Data           4  sensors.o(.data)
    motor_enable                             0x200000ae   Data           2  stabilizer.o(.data)
    flip                                     0x200000b0   Data           1  stabilizer.o(.data)
    tick_ssv_rc                              0x200000dc   Data           4  timer_ctrl.o(.data)
    tick_counter                             0x200000e0   Data           4  timer_ctrl.o(.data)
    tick_counter_100u                        0x200000e4   Data           4  timer_ctrl.o(.data)
    frame_counter                            0x200000e8   Data           4  timer_ctrl.o(.data)
    GPABCallback_Counter                     0x200000ec   Data           4  timer_ctrl.o(.data)
    u32Timer0Cnt                             0x200000f0   Data           4  timer_ctrl.o(.data)
    u32Timer1Cnt                             0x200000f4   Data           4  timer_ctrl.o(.data)
    u32Timer2Cnt                             0x200000f8   Data           4  timer_ctrl.o(.data)
    u32Timer3Cnt                             0x200000fc   Data           4  timer_ctrl.o(.data)
    UPDATE_DT                                0x20000100   Data           4  timer_ctrl.o(.data)
    rcValuePwm                               0x20000110   Data           4  rc_pwm.o(.data)
    LED_cnt                                  0x20000118   Data           4  led.o(.data)
    LED1_R                                   0x2000011c   Data           4  led.o(.data)
    LED1_G                                   0x20000120   Data           4  led.o(.data)
    LED1_B                                   0x20000124   Data           4  led.o(.data)
    Blink                                    0x20000128   Data           4  led.o(.data)
    TX_ADDRESS                               0x2000012c   Data           5  ssv7241.o(.data)
    RX_ADDRESS                               0x20000131   Data           5  ssv7241.o(.data)
    MATCH_ADDRESS_VALID                      0x20000136   Data           1  ssv7241.o(.data)
    MATCH_ADDRESS_PROCESS                    0x20000137   Data           1  ssv7241.o(.data)
    SSV_RC_CONNECT                           0x20000138   Data           1  ssv7241.o(.data)
    NO_ACK_SEQUENCE_COUNT                    0x2000013a   Data           2  ssv7241.o(.data)
    DYN_ACKOn                                0x2000013c   Data           1  ssv7241.o(.data)
    ACK_PAYOn                                0x2000013d   Data           1  ssv7241.o(.data)
    RSSIf                                    0x20000140   Data           4  ssv7241.o(.data)
    SSV_TICKCNT                              0x20000144   Data           4  ssv7241.o(.data)
    Initial_Reg_Array                        0x20000148   Data         192  ssv7241.o(.data)
    MATCH_ADDRESS                            0x20000208   Data           5  ssv7241.o(.data)
    channel                                  0x2000020d   Data           1  ssv7241.o(.data)
    ChannelFlag                              0x2000020e   Data           1  ssv7241.o(.data)
    RxState                                  0x2000020f   Data           1  ssv7241.o(.data)
    NUM                                      0x20000210   Data           1  ssv7241.o(.data)
    FlyMode                                  0x20000214   Data           1  rc_ssv.o(.data)
    rcValueSSV                               0x20000218   Data           4  rc_ssv.o(.data)
    g_u32RTCTickINT                          0x20000220   Data           4  battery.o(.data)
    R_cnt                                    0x20000224   Data           1  battery.o(.data)
    L_cnt                                    0x20000225   Data           1  battery.o(.data)
    R_rl                                     0x20000226   Data           1  battery.o(.data)
    L_rl                                     0x20000227   Data           1  battery.o(.data)
    start                                    0x20000228   Data           1  battery.o(.data)
    speed                                    0x2000022a   Data           4  battery.o(.data)
    g_u32AdcIntFlag                          0x20000230   Data           4  battery.o(.data)
    R_value                                  0x20000240   Data           4  battery.o(.data)
    L_value                                  0x20000244   Data           4  battery.o(.data)
    g_u32comRbytes                           0x20000248   Data           4  gps.o(.data)
    g_u32comRhead                            0x2000024c   Data           4  gps.o(.data)
    g_u32comRtail                            0x20000250   Data           4  gps.o(.data)
    last_velocityX                           0x20000254   Data           2  gps.o(.data)
    last_velocityY                           0x20000256   Data           2  gps.o(.data)
    nav_mode                                 0x2000025f   Data           1  gps.o(.data)
    UBLOX_INIT                               0x20000260   Data         140  gps.o(.data)
    UBLOX_115200                             0x200002ec   Data          35  gps.o(.data)
    UBLOX_57600                              0x2000030f   Data          34  gps.o(.data)
    UBLOX_38400                              0x20000331   Data          34  gps.o(.data)
    UBLOX_19200                              0x20000353   Data          34  gps.o(.data)
    magHold                                  0x20000394   Data           2  gps.o(.data)
    fgps                                     0x20000396   Data           1  gps.o(.data)
    nav                                      0x200003f2   Data           4  gps.o(.data)
    nav_rated                                0x200003f6   Data           4  gps.o(.data)
    IR_State                                 0x20000403   Data           1  ir.o(.data)
    IR_LDC_Ready                             0x20000404   Data           1  ir.o(.data)
    IR_CTC_Ready                             0x20000405   Data           1  ir.o(.data)
    IR_CTC0                                  0x20000406   Data           1  ir.o(.data)
    IR_CTC1                                  0x20000407   Data           1  ir.o(.data)
    IR_DAC                                   0x20000408   Data           1  ir.o(.data)
    IR_DAB                                   0x20000409   Data           1  ir.o(.data)
    IR_CODE                                  0x2000040a   Data           4  ir.o(.data)
    IR2_State                                0x2000040e   Data           1  ir.o(.data)
    IR2_LDC_Ready                            0x2000040f   Data           1  ir.o(.data)
    IR2_CTC_Ready                            0x20000410   Data           1  ir.o(.data)
    IR2_CTC0                                 0x20000411   Data           1  ir.o(.data)
    IR2_CTC1                                 0x20000412   Data           1  ir.o(.data)
    IR2_DAC                                  0x20000413   Data           1  ir.o(.data)
    IR2_DAB                                  0x20000414   Data           1  ir.o(.data)
    IR2_CODE                                 0x20000415   Data           4  ir.o(.data)
    __stdout                                 0x2000041c   Data           4  retarget.o(.data)
    __stdin                                  0x20000420   Data           4  retarget.o(.data)
    bufferFillFlag                           0x20000454   Data           1  acccalibrate.o(.data)
    DIM                                      0x20000458   Data           4  ahrslib.o(.data)
    ZWithoutG_Base                           0x2000045c   Data           4  ahrslib.o(.data)
    period                                   0x20000460   Data           4  ahrslib.o(.data)
    AxisDoneFlag                             0x2000046a   Data           1  gyrocalibrate.o(.data)
    BufferIndexMag                           0x20000470   Data           2  magcalibrate.o(.data)
    MagGuass                                 0x20000474   Data           4  magcalibrate.o(.data)
    IC_LIST                                  0x2000048c   Data          12  security.o(.data)
    twoKp                                    0x20000498   Data           4  sensorfusion6.o(.data)
    twoKi                                    0x2000049c   Data           4  sensorfusion6.o(.data)
    integralFBx                              0x200004a0   Data           4  sensorfusion6.o(.data)
    integralFBy                              0x200004a4   Data           4  sensorfusion6.o(.data)
    integralFBz                              0x200004a8   Data           4  sensorfusion6.o(.data)
    gx                                       0x200004ac   Data           4  sensorfusion6.o(.data)
    gy                                       0x200004b0   Data           4  sensorfusion6.o(.data)
    gz                                       0x200004b4   Data           4  sensorfusion6.o(.data)
    qx                                       0x200004b8   Data           4  sensorfusion6.o(.data)
    qy                                       0x200004bc   Data           4  sensorfusion6.o(.data)
    qz                                       0x200004c0   Data           4  sensorfusion6.o(.data)
    gx_deg                                   0x200004c4   Data           4  sensorfusion6.o(.data)
    gy_deg                                   0x200004c8   Data           4  sensorfusion6.o(.data)
    gz_deg                                   0x200004cc   Data           4  sensorfusion6.o(.data)
    ax                                       0x200004d0   Data           4  sensorfusion6.o(.data)
    ay                                       0x200004d4   Data           4  sensorfusion6.o(.data)
    az                                       0x200004d8   Data           4  sensorfusion6.o(.data)
    EulerR                                   0x200004dc   Data           4  sensorfusion6.o(.data)
    EulerP                                   0x200004e0   Data           4  sensorfusion6.o(.data)
    EulerY                                   0x200004e4   Data           4  sensorfusion6.o(.data)
    EulerRd                                  0x200004e8   Data           4  sensorfusion6.o(.data)
    EulerPd                                  0x200004ec   Data           4  sensorfusion6.o(.data)
    EulerYd                                  0x200004f0   Data           4  sensorfusion6.o(.data)
    mx                                       0x200004f4   Data           4  sensorfusion6.o(.data)
    my                                       0x200004f8   Data           4  sensorfusion6.o(.data)
    mz                                       0x200004fc   Data           4  sensorfusion6.o(.data)
    mdx                                      0x20000500   Data           4  sensorfusion6.o(.data)
    mdy                                      0x20000504   Data           4  sensorfusion6.o(.data)
    mdz                                      0x20000508   Data           4  sensorfusion6.o(.data)
    q0                                       0x2000050c   Data           4  sensorfusion6.o(.data)
    q1                                       0x20000510   Data           4  sensorfusion6.o(.data)
    q2                                       0x20000514   Data           4  sensorfusion6.o(.data)
    q3                                       0x20000518   Data           4  sensorfusion6.o(.data)
    acc_steady                               0x2000051c   Data           4  sensorfusion6.o(.data)
    MagMasterTime                            0x20000520   Data           4  sensorfusion6.o(.data)
    pidRollRate                              0x20000528   Data          56  controller.o(.bss)
    pidPitchRate                             0x20000560   Data          56  controller.o(.bss)
    pidYawRate                               0x20000598   Data          56  controller.o(.bss)
    pidRoll                                  0x200005d0   Data          56  controller.o(.bss)
    pidPitch                                 0x20000608   Data          56  controller.o(.bss)
    pidYaw                                   0x20000640   Data          56  controller.o(.bss)
    pidAltHold                               0x20000678   Data          56  controller.o(.bss)
    pidSpeed                                 0x200006b0   Data          56  controller.o(.bss)
    data_buff                                0x200006e8   Data        2048  flashctrl.o(.bss)
    sWriteRTC                                0x20000ee8   Data          36  abrobot.o(.bss)
    sReadRTC                                 0x20000f0c   Data          36  abrobot.o(.bss)
    MotorCal                                 0x20000f30   Data          16  motors.o(.bss)
    Slave_Buff1                              0x20000f4e   Data          32  nvt_i2c.o(.bss)
    Tx_Data0                                 0x20000f6e   Data         200  nvt_i2c.o(.bss)
    Rx_Data0                                 0x20001036   Data         200  nvt_i2c.o(.bss)
    rcData                                   0x2000113a   Data          12  rc.o(.bss)
    SensorInitState                          0x20001148   Data          12  sensors.o(.bss)
    SensorCalState                           0x20001154   Data          12  sensors.o(.bss)
    Sensor                                   0x20001160   Data          32  sensors.o(.bss)
    GyroScale                                0x20001180   Data          12  sensors.o(.bss)
    AccScale                                 0x2000118c   Data          12  sensors.o(.bss)
    GyroOffset                               0x20001198   Data          12  sensors.o(.bss)
    AccOffset                                0x200011a4   Data          12  sensors.o(.bss)
    MagCalMatrix                             0x200011b0   Data          40  sensors.o(.bss)
    Actuator                                 0x200011e4   Data          10  stabilizer.o(.bss)
    motorPowerM                              0x200011f0   Data          24  stabilizer.o(.bss)
    BLDC_MOTOR                               0x20001208   Data          24  stabilizer.o(.bss)
    Chronograph                              0x20001220   Data          48  timer_ctrl.o(.bss)
    RxData                                   0x20001250   Data          33  ssv7241.o(.bss)
    RxDataOld                                0x20001271   Data          33  ssv7241.o(.bss)
    RxChannel                                0x20001292   Data          12  rc_ssv.o(.bss)
    g_u8RecData                              0x200012a0   Data        1024  gps.o(.bss)
    GPS_Info                                 0x200016b0   Data          48  gps.o(.bss)
    posholdPID_PARAM                         0x200016e0   Data          16  gps.o(.bss)
    poshold_ratePID_PARAM                    0x200016f0   Data          16  gps.o(.bss)
    navPID_PARAM                             0x20001700   Data          16  gps.o(.bss)
    posholdPID                               0x20001710   Data          40  gps.o(.bss)
    poshold_ratePID                          0x20001738   Data          40  gps.o(.bss)
    navPID                                   0x20001760   Data          40  gps.o(.bss)
    alarmArray                               0x200017b0   Data          16  gps.o(.bss)
    BufferRawACC                             0x200019c0   Data         360  acccalibrate.o(.bss)
    BufferIndexACC                           0x20001b28   Data          12  acccalibrate.o(.bss)
    FilterACC                                0x20001b34   Data          60  acccalibrate.o(.bss)
    CalInfo                                  0x20001b70   Data         108  ahrslib.o(.bss)
    SensorState                              0x20001bdc   Data         560  ahrslib.o(.bss)
    TimeInfo                                 0x20001e0c   Data          16  ahrslib.o(.bss)
    AttitudeInfo                             0x20001e1c   Data         120  ahrslib.o(.bss)
    BufferRawMAG                             0x20001ea0   Data         720  magcalibrate.o(.bss)
    HistogramValue                           0x20002a58   Data         512  gyrodriftcalibrate.o(.bss)
    HistogramCount                           0x20002c58   Data         512  gyrodriftcalibrate.o(.bss)
    vg                                       0x20002e8c   Data          12  sensorfusion6.o(.bss)
    Ve                                       0x20002e98   Data          12  sensorfusion6.o(.bss)
    V0                                       0x20002ea4   Data          12  sensorfusion6.o(.bss)
    Vdiff                                    0x20002eb0   Data          12  sensorfusion6.o(.bss)
    Alast                                    0x20002ebc   Data          12  sensorfusion6.o(.bss)
    mag_norm                                 0x20002ec8   Data          12  sensorfusion6.o(.bss)
    __initial_sp                             0x200036d8   Data           0  startup_m451series.o(STACK)



==============================================================================

Memory Map of the image

  Image Entry point : 0x00000251

  Load Region LR_1 (Base: 0x00000000, Size: 0x00013208, Max: 0xffffffff, ABSOLUTE)

    Execution Region ER_RO (Base: 0x00000000, Size: 0x00012ce0, Max: 0xffffffff, ABSOLUTE)

    Base Addr    Size         Type   Attr      Idx    E Section Name        Object

    0x00000000   0x00000140   Data   RO          124    RESET               startup_m451series.o
    0x00000140   0x00000000   Code   RO         1489  * .ARM.Collect$$$$00000000  mc_w.l(entry.o)
    0x00000140   0x00000004   Code   RO         1800    .ARM.Collect$$$$00000001  mc_w.l(entry2.o)
    0x00000144   0x00000004   Code   RO         1803    .ARM.Collect$$$$00000004  mc_w.l(entry5.o)
    0x00000148   0x00000000   Code   RO         1805    .ARM.Collect$$$$00000008  mc_w.l(entry7b.o)
    0x00000148   0x00000008   Code   RO         1806    .ARM.Collect$$$$00000009  mc_w.l(entry8.o)
    0x00000150   0x00000004   Code   RO         1801    .ARM.Collect$$$$00002712  mc_w.l(entry2.o)
    0x00000154   0x0000001c   Code   RO         1087    .emb_text           retarget.o
    0x00000170   0x000000e0   Code   RO            3    .text               system_m451series.o
    0x00000250   0x00000024   Code   RO          125  * .text               startup_m451series.o
    0x00000274   0x00000228   Code   RO          193    .text               calibrate.o
    0x0000049c   0x00000eb8   Code   RO          227    .text               controller.o
    0x00001354   0x00000c18   Code   RO          254    .text               flashctrl.o
    0x00001f6c   0x00000724   Code   RO          319    .text               abrobot.o
    0x00002690   0x000002d0   Code   RO          391    .text               i2cdev.o
    0x00002960   0x000003bc   Code   RO          408    .text               motors.o
    0x00002d1c   0x000005c8   Code   RO          430    .text               mpu6050.o
    0x000032e4   0x00000824   Code   RO          450    .text               nvt_i2c.o
    0x00003b08   0x000001f8   Code   RO          475    .text               pid.o
    0x00003d00   0x00000324   Code   RO          489    .text               rc.o
    0x00004024   0x00000e98   Code   RO          519    .text               report.o
    0x00004ebc   0x000009b0   Code   RO          563    .text               sensors.o
    0x0000586c   0x000008a0   Code   RO          584    .text               stabilizer.o
    0x0000610c   0x000003a0   Code   RO          611    .text               timer_ctrl.o
    0x000064ac   0x00000120   Code   RO          651    .text               rc_pwm.o
    0x000065cc   0x00000100   Code   RO          674    .text               led.o
    0x000066cc   0x00000964   Code   RO          703    .text               ssv7241.o
    0x00007030   0x0000028c   Code   RO          728    .text               rc_ssv.o
    0x000072bc   0x00000500   Code   RO          760    .text               battery.o
    0x000077bc   0x000014c4   Code   RO          789    .text               gps.o
    0x00008c80   0x00000c00   Code   RO          816    .text               ir.o
    0x00009880   0x00000080   Code   RO          839    .text               hall.o
    0x00009900   0x0000005e   Code   RO          860    .text               gpio.o
    0x0000995e   0x00000002   PAD
    0x00009960   0x000002b0   Code   RO          880    .text               i2c.o
    0x00009c10   0x0000092c   Code   RO          900    .text               pwm.o
    0x0000a53c   0x00000208   Code   RO          923    .text               timer.o
    0x0000a744   0x000000d4   Code   RO          944    .text               sys.o
    0x0000a818   0x00000410   Code   RO          964    .text               uart.o
    0x0000ac28   0x000004a0   Code   RO          985    .text               clk.o
    0x0000b0c8   0x00000174   Code   RO         1024    .text               fmc.o
    0x0000b23c   0x00000cf0   Code   RO         1047    .text               spi.o
    0x0000bf2c   0x000000b8   Code   RO         1067    .text               eadc.o
    0x0000bfe4   0x000001ec   Code   RO         1088    .text               retarget.o
    0x0000c1d0   0x00000870   Code   RO         1118    .text               rtc.o
    0x0000ca40   0x0000031c   Code   RO         1141    .text               AHRSLibM4.lib(acccalibrate.o)
    0x0000cd5c   0x000008b0   Code   RO         1167    .text               AHRSLibM4.lib(ahrslib.o)
    0x0000d60c   0x00000298   Code   RO         1191    .text               AHRSLibM4.lib(gyrocalibrate.o)
    0x0000d8a4   0x00000238   Code   RO         1210    .text               AHRSLibM4.lib(magcalibrate.o)
    0x0000dadc   0x0000024c   Code   RO         1227    .text               AHRSLibM4.lib(accfilter.o)
    0x0000dd28   0x000010f0   Code   RO         1246    .text               AHRSLibM4.lib(gauss_newton_calibrate.o)
    0x0000ee18   0x00000488   Code   RO         1261    .text               AHRSLibM4.lib(gyrodriftcalibrate.o)
    0x0000f2a0   0x00000114   Code   RO         1280    .text               AHRSLibM4.lib(security.o)
    0x0000f3b4   0x00001008   Code   RO         1394    .text               AHRSLibM4.lib(sensorfusion6.o)
    0x000103bc   0x00000024   Code   RO         1490    .text               mc_w.l(memcpya.o)
    0x000103e0   0x0000001a   Code   RO         1755    .text               mc_w.l(atoi.o)
    0x000103fa   0x0000014e   Code   RO         1757    .text               mf_w.l(dadd.o)
    0x00010548   0x000000e4   Code   RO         1759    .text               mf_w.l(dmul.o)
    0x0001062c   0x000000de   Code   RO         1761    .text               mf_w.l(ddiv.o)
    0x0001070a   0x00000022   Code   RO         1763    .text               mf_w.l(dflti.o)
    0x0001072c   0x0000001a   Code   RO         1765    .text               mf_w.l(dfltui.o)
    0x00010746   0x0000003e   Code   RO         1767    .text               mf_w.l(dfixi.o)
    0x00010784   0x00000032   Code   RO         1769    .text               mf_w.l(dfixui.o)
    0x000107b6   0x00000026   Code   RO         1771    .text               mf_w.l(f2d.o)
    0x000107dc   0x00000028   Code   RO         1773    .text               mf_w.l(cdcmple.o)
    0x00010804   0x00000028   Code   RO         1775    .text               mf_w.l(cdrcmple.o)
    0x0001082c   0x00000038   Code   RO         1777    .text               mf_w.l(d2f.o)
    0x00010864   0x0000002c   Code   RO         1807    .text               mc_w.l(uidiv.o)
    0x00010890   0x00000062   Code   RO         1809    .text               mc_w.l(uldiv.o)
    0x000108f2   0x0000001e   Code   RO         1811    .text               mc_w.l(llshl.o)
    0x00010910   0x00000020   Code   RO         1813    .text               mc_w.l(llushr.o)
    0x00010930   0x00000024   Code   RO         1815    .text               mc_w.l(llsshr.o)
    0x00010954   0x0000009c   Code   RO         1824    .text               mc_w.l(strtod.o)
    0x000109f0   0x00000070   Code   RO         1826    .text               mc_w.l(strtol.o)
    0x00010a60   0x00000000   Code   RO         1828    .text               mc_w.l(iusefp.o)
    0x00010a60   0x0000006c   Code   RO         1829    .text               mf_w.l(fepilogue.o)
    0x00010acc   0x000000be   Code   RO         1831    .text               mf_w.l(depilogue.o)
    0x00010b8a   0x000000a2   Code   RO         1835    .text               mf_w.l(dsqrt.o)
    0x00010c2c   0x00000030   Code   RO         1837    .text               mf_w.l(dfixul.o)
    0x00010c5c   0x00000024   Code   RO         1839    .text               mc_w.l(init.o)
    0x00010c80   0x00000008   Code   RO         1843    .text               mc_w.l(ctype_o.o)
    0x00010c88   0x00000012   Code   RO         1865    .text               mc_w.l(isspace_o.o)
    0x00010c9a   0x00000002   PAD
    0x00010c9c   0x0000033c   Code   RO         1871    .text               mc_w.l(scanf_fp.o)
    0x00010fd8   0x00000040   Code   RO         1875    .text               mc_w.l(_sgetc.o)
    0x00011018   0x0000009e   Code   RO         1877    .text               mc_w.l(_strtoul.o)
    0x000110b6   0x0000001c   Code   RO         1882    .text               mc_w.l(_chval.o)
    0x000110d2   0x00000018   Code   RO         1884    .text               mf_w.l(dfltul.o)
    0x000110ea   0x00000002   PAD
    0x000110ec   0x00000020   Code   RO         1727    i.__0printf         mc_w.l(printfa.o)
    0x0001110c   0x00000030   Code   RO         1784    i.__ARM_fpclassify  m_wm.l(fpclassify.o)
    0x0001113c   0x00000008   Code   RO         1817    i.__aeabi_errno_addr  mc_w.l(errno.o)
    0x00011144   0x00000004   PAD
    0x00011148   0x000002e8   Code   RO         1415    i.__hardfp_atan     m_wm.l(atan.o)
    0x00011430   0x000001e0   Code   RO         1429    i.__hardfp_atan2    m_wm.l(atan2.o)
    0x00011610   0x00000038   Code   RO         1441    i.__hardfp_atof     m_wm.l(atof.o)
    0x00011648   0x000000d8   Code   RO         1447    i.__hardfp_cos      m_wm.l(cos.o)
    0x00011720   0x00000014   Code   RO         1459    i.__hardfp_fabs     m_wm.l(fabs.o)
    0x00011734   0x00000004   PAD
    0x00011738   0x000000d8   Code   RO         1465    i.__hardfp_sin      m_wm.l(sin.o)
    0x00011810   0x0000007a   Code   RO         1477    i.__hardfp_sqrt     m_wm.l(sqrt.o)
    0x0001188a   0x00000006   PAD
    0x00011890   0x00000458   Code   RO         1789    i.__ieee754_rem_pio2  m_wm.l(rred.o)
    0x00011ce8   0x00000170   Code   RO         1779    i.__kernel_cos      m_wm.l(cos_i.o)
    0x00011e58   0x000000f8   Code   RO         1786    i.__kernel_poly     m_wm.l(poly.o)
    0x00011f50   0x00000130   Code   RO         1794    i.__kernel_sin      m_wm.l(sin_i.o)
    0x00012080   0x00000020   Code   RO         1782    i.__mathlib_dbl_underflow  m_wm.l(dunder.o)
    0x000120a0   0x0000000c   Code   RO         1818    i.__read_errno      mc_w.l(errno.o)
    0x000120ac   0x0000000e   Code   RO         1888    i.__scatterload_copy  mc_w.l(handlers.o)
    0x000120ba   0x00000002   Code   RO         1889    i.__scatterload_null  mc_w.l(handlers.o)
    0x000120bc   0x0000000e   Code   RO         1890    i.__scatterload_zeroinit  mc_w.l(handlers.o)
    0x000120ca   0x00000002   PAD
    0x000120cc   0x0000000c   Code   RO         1819    i.__set_errno       mc_w.l(errno.o)
    0x000120d8   0x0000015c   Code   RO         1734    i._fp_digits        mc_w.l(printfa.o)
    0x00012234   0x0000000e   Code   RO         1873    i._is_digit         mc_w.l(scanf_fp.o)
    0x00012242   0x00000002   PAD
    0x00012244   0x000006f0   Code   RO         1735    i._printf_core      mc_w.l(printfa.o)
    0x00012934   0x00000026   Code   RO         1736    i._printf_post_padding  mc_w.l(printfa.o)
    0x0001295a   0x00000030   Code   RO         1737    i._printf_pre_padding  mc_w.l(printfa.o)
    0x0001298a   0x00000010   Code   RO         1417    i.atan              m_wm.l(atan.o)
    0x0001299a   0x00000020   Code   RO         1461    i.fabs              m_wm.l(fabs.o)
    0x000129ba   0x00000002   PAD
    0x000129bc   0x0000004f   Data   RO          520    .constdata          report.o
    0x00012a0b   0x00000010   Data   RO          705    .constdata          ssv7241.o
    0x00012a1b   0x00000001   PAD
    0x00012a1c   0x00000020   Data   RO          924    .constdata          timer.o
    0x00012a3c   0x00000030   Data   RO          965    .constdata          uart.o
    0x00012a6c   0x0000000c   Data   RO         1263    .constdata          AHRSLibM4.lib(gyrodriftcalibrate.o)
    0x00012a78   0x00000098   Data   RO         1418    .constdata          m_wm.l(atan.o)
    0x00012b10   0x00000030   Data   RO         1780    .constdata          m_wm.l(cos_i.o)
    0x00012b40   0x00000008   Data   RO         1788    .constdata          m_wm.l(qnan.o)
    0x00012b48   0x000000c8   Data   RO         1791    .constdata          m_wm.l(rred.o)
    0x00012c10   0x00000028   Data   RO         1795    .constdata          m_wm.l(sin_i.o)
    0x00012c38   0x00000081   Data   RO         1844    .constdata          mc_w.l(ctype_o.o)
    0x00012cb9   0x00000003   PAD
    0x00012cbc   0x00000004   Data   RO         1845    .constdata          mc_w.l(ctype_o.o)
    0x00012cc0   0x00000020   Data   RO         1886    Region$$Table       anon$$obj.o


    Execution Region ER_RW (Base: 0x20000000, Size: 0x00000528, Max: 0xffffffff, ABSOLUTE)

    Base Addr    Size         Type   Attr      Idx    E Section Name        Object

    0x20000000   0x0000002c   Data   RW            4    .data               system_m451series.o
    0x2000002c   0x00000001   Data   RW          194    .data               calibrate.o
    0x2000002d   0x00000001   PAD
    0x2000002e   0x00000009   Data   RW          229    .data               controller.o
    0x20000037   0x00000001   PAD
    0x20000038   0x0000000c   Data   RW          256    .data               flashctrl.o
    0x20000044   0x0000000c   Data   RW          321    .data               abrobot.o
    0x20000050   0x00000001   Data   RW          432    .data               mpu6050.o
    0x20000051   0x00000003   PAD
    0x20000054   0x0000001a   Data   RW          452    .data               nvt_i2c.o
    0x2000006e   0x00000002   PAD
    0x20000070   0x0000001a   Data   RW          491    .data               rc.o
    0x2000008a   0x00000003   Data   RW          521    .data               report.o
    0x2000008d   0x00000003   PAD
    0x20000090   0x0000000c   Data   RW          565    .data               sensors.o
    0x2000009c   0x00000040   Data   RW          586    .data               stabilizer.o
    0x200000dc   0x00000028   Data   RW          613    .data               timer_ctrl.o
    0x20000104   0x00000010   Data   RW          652    .data               rc_pwm.o
    0x20000114   0x00000018   Data   RW          675    .data               led.o
    0x2000012c   0x000000e5   Data   RW          706    .data               ssv7241.o
    0x20000211   0x00000003   PAD
    0x20000214   0x00000008   Data   RW          730    .data               rc_ssv.o
    0x2000021c   0x0000002c   Data   RW          761    .data               battery.o
    0x20000248   0x000001bb   Data   RW          791    .data               gps.o
    0x20000403   0x00000016   Data   RW          817    .data               ir.o
    0x20000419   0x00000003   PAD
    0x2000041c   0x00000008   Data   RW         1089    .data               retarget.o
    0x20000424   0x00000030   Data   RW         1119    .data               rtc.o
    0x20000454   0x00000001   Data   RW         1143    .data               AHRSLibM4.lib(acccalibrate.o)
    0x20000455   0x00000003   PAD
    0x20000458   0x00000012   Data   RW         1169    .data               AHRSLibM4.lib(ahrslib.o)
    0x2000046a   0x00000004   Data   RW         1193    .data               AHRSLibM4.lib(gyrocalibrate.o)
    0x2000046e   0x00000002   PAD
    0x20000470   0x00000008   Data   RW         1212    .data               AHRSLibM4.lib(magcalibrate.o)
    0x20000478   0x00000010   Data   RW         1229    .data               AHRSLibM4.lib(accfilter.o)
    0x20000488   0x00000010   Data   RW         1282    .data               AHRSLibM4.lib(security.o)
    0x20000498   0x0000008c   Data   RW         1396    .data               AHRSLibM4.lib(sensorfusion6.o)
    0x20000524   0x00000004   Data   RW         1820    .data               mc_w.l(errno.o)


    Execution Region ER_ZI (Base: 0x20000528, Size: 0x000031b0, Max: 0xffffffff, ABSOLUTE)

    Base Addr    Size         Type   Attr      Idx    E Section Name        Object

    0x20000528   0x000001c0   Zero   RW          228    .bss                controller.o
    0x200006e8   0x00000800   Zero   RW          255    .bss                flashctrl.o
    0x20000ee8   0x00000048   Zero   RW          320    .bss                abrobot.o
    0x20000f30   0x00000010   Zero   RW          409    .bss                motors.o
    0x20000f40   0x0000000e   Zero   RW          431    .bss                mpu6050.o
    0x20000f4e   0x000001b0   Zero   RW          451    .bss                nvt_i2c.o
    0x200010fe   0x00000048   Zero   RW          490    .bss                rc.o
    0x20001146   0x00000002   PAD
    0x20001148   0x00000090   Zero   RW          564    .bss                sensors.o
    0x200011d8   0x00000048   Zero   RW          585    .bss                stabilizer.o
    0x20001220   0x00000030   Zero   RW          612    .bss                timer_ctrl.o
    0x20001250   0x00000042   Zero   RW          704    .bss                ssv7241.o
    0x20001292   0x0000000c   Zero   RW          729    .bss                rc_ssv.o
    0x2000129e   0x00000002   PAD
    0x200012a0   0x00000720   Zero   RW          790    .bss                gps.o
    0x200019c0   0x000001b0   Zero   RW         1142    .bss                AHRSLibM4.lib(acccalibrate.o)
    0x20001b70   0x00000324   Zero   RW         1168    .bss                AHRSLibM4.lib(ahrslib.o)
    0x20001e94   0x0000000c   Zero   RW         1192    .bss                AHRSLibM4.lib(gyrocalibrate.o)
    0x20001ea0   0x000002d0   Zero   RW         1211    .bss                AHRSLibM4.lib(magcalibrate.o)
    0x20002170   0x00000018   Zero   RW         1228    .bss                AHRSLibM4.lib(accfilter.o)
    0x20002188   0x00000294   Zero   RW         1247    .bss                AHRSLibM4.lib(gauss_newton_calibrate.o)
    0x2000241c   0x00000a3c   Zero   RW         1262    .bss                AHRSLibM4.lib(gyrodriftcalibrate.o)
    0x20002e58   0x0000001c   Zero   RW         1281    .bss                AHRSLibM4.lib(security.o)
    0x20002e74   0x00000060   Zero   RW         1395    .bss                AHRSLibM4.lib(sensorfusion6.o)
    0x20002ed4   0x00000004   PAD
    0x20002ed8   0x00000800   Zero   RW          122    STACK               startup_m451series.o


==============================================================================

Image component sizes


      Code (inc. data)   RO Data    RW Data    ZI Data      Debug   Object Name

      1828        136          0         12         72      34445   abrobot.o
         0          0          0          0          0       1260   adafruit_bmp085.o
      1280        106          0         44          0       3339   battery.o
       552         34          0          1          0       1915   calibrate.o
      1184         96          0          0          0       5410   clk.o
      3768        252          0          9        448      12329   controller.o
       184          6          0          0          0       2232   eadc.o
      3096        460          0         12       2048     275241   flashctrl.o
       372          4          0          0          0       6080   fmc.o
        94          0          0          0          0       1414   gpio.o
      5316        514          0        443       1824      14520   gps.o
       128          8          0          0          0       1214   hall.o
       688          8          0          0          0       6446   i2c.o
       720          0          0          0          0       6359   i2cdev.o
      3072        272          0         22          0       4227   ir.o
       256         38          0         24          0       4301   led.o
       956         58          0          0         16       3401   motors.o
      1480         16          0          1         14       9833   mpu6050.o
      2084        184          0         26        432       5121   nvt_i2c.o
       504         22          0          0          0       4056   pid.o
      2348         40          0          0          0      17373   pwm.o
       804         66          0         26         72       4116   rc.o
       288         12          0         16          0       2724   rc_pwm.o
       652         80          0          8         12      58492   rc_ssv.o
      3736        556         79          3          0     240735   report.o
       520        132          0          8          0       5791   retarget.o
      2160         94          0         48          0       8690   rtc.o
      2480        550          0         12        144       6098   sensors.o
      3312         94          0          0          0       8638   spi.o
      2404        242         16        229         66      11409   ssv7241.o
      2208        162          0         64         72       6876   stabilizer.o
        36          8        320          0       2048        904   startup_m451series.o
       212          4          0          0          0       1962   sys.o
       224         50          0         44          0     257565   system_m451series.o
       520         40         32          0          0       3154   timer.o
       928        130          0         40         48      62317   timer_ctrl.o
      1040         54         48          0          0       5933   uart.o

    ----------------------------------------------------------------------
     51436       4528        528       1108       7320    1105920   Object Totals
         0          0         32          0          0          0   (incl. Generated)
         2          0          1         16          4          0   (incl. Padding)

    ----------------------------------------------------------------------

      Code (inc. data)   RO Data    RW Data    ZI Data      Debug   Library Member Name

       796         24          0          1        432       6180   acccalibrate.o
       588         48          0         16         24       2315   accfilter.o
      2224         42          0         18        804      11974   ahrslib.o
      4336         70          0          0        660      11312   gauss_newton_calibrate.o
       664         34          0          4         12       3388   gyrocalibrate.o
      1160         52         12          0       2620       5970   gyrodriftcalibrate.o
       568         32          0          8        720       3051   magcalibrate.o
       276         14          0         16         28      31760   security.o
      4104         96          0        140         96       9176   sensorfusion6.o
       760        108        152          0          0        344   atan.o
       480         64          0          0          0        156   atan2.o
        56         12          0          0          0        132   atof.o
       216         16          0          0          0        152   cos.o
       368         46         48          0          0        200   cos_i.o
        32          8          0          0          0        124   dunder.o
        52          0          0          0          0        248   fabs.o
        48          0          0          0          0        124   fpclassify.o
       248          0          0          0          0        152   poly.o
         0          0          8          0          0          0   qnan.o
      1112        140        200          0          0        188   rred.o
       216         16          0          0          0        152   sin.o
       304         24         40          0          0        208   sin_i.o
       122          0          0          0          0        148   sqrt.o
        28          0          0          0          0         68   _chval.o
        64          0          0          0          0         84   _sgetc.o
       158          0          0          0          0         92   _strtoul.o
        26          0          0          0          0         80   atoi.o
         8          4        133          0          0         68   ctype_o.o
         0          0          0          0          0          0   entry.o
         8          4          0          0          0          0   entry2.o
         4          0          0          0          0          0   entry5.o
         0          0          0          0          0          0   entry7b.o
         8          4          0          0          0          0   entry8.o
        32         16          0          4          0        204   errno.o
        30          0          0          0          0          0   handlers.o
        36          8          0          0          0         68   init.o
        18          0          0          0          0         76   isspace_o.o
         0          0          0          0          0          0   iusefp.o
        30          0          0          0          0         68   llshl.o
        36          0          0          0          0         68   llsshr.o
        32          0          0          0          0         68   llushr.o
        36          0          0          0          0         68   memcpya.o
      2242         90          0          0          0        444   printfa.o
       842         12          0          0          0        212   scanf_fp.o
       156         14          0          0          0        120   strtod.o
       112          0          0          0          0         88   strtol.o
        44          0          0          0          0         80   uidiv.o
        98          0          0          0          0         92   uldiv.o
        40          2          0          0          0         68   cdcmple.o
        40          2          0          0          0         68   cdrcmple.o
        56          0          0          0          0         88   d2f.o
       334          0          0          0          0        144   dadd.o
       222          0          0          0          0        100   ddiv.o
       190          0          0          0          0        176   depilogue.o
        62          0          0          0          0         80   dfixi.o
        50          0          0          0          0         76   dfixui.o
        48          0          0          0          0         68   dfixul.o
        34          0          0          0          0         76   dflti.o
        26          0          0          0          0         76   dfltui.o
        24          0          0          0          0         76   dfltul.o
       228          0          0          0          0         92   dmul.o
       162          0          0          0          0        100   dsqrt.o
        38          0          0          0          0         68   f2d.o
       108          0          0          0          0        168   fepilogue.o

    ----------------------------------------------------------------------
     24464       1006        596        212       5400      91026   Library Totals
        24          4          3          5          4          0   (incl. Padding)

    ----------------------------------------------------------------------

      Code (inc. data)   RO Data    RW Data    ZI Data      Debug   Library Name

     14716        412         12        203       5396      85126   AHRSLibM4.lib
      4014        434        448          0          0       2328   m_wm.l
      4048        152        133          4          0       2048   mc_w.l
      1662          4          0          0          0       1524   mf_w.l

    ----------------------------------------------------------------------
     24464       1006        596        212       5400      91026   Library Totals

    ----------------------------------------------------------------------

==============================================================================


      Code (inc. data)   RO Data    RW Data    ZI Data      Debug   

     75900       5534       1124       1320      12720    1177922   Grand Totals
     75900       5534       1124       1320      12720    1177922   ELF Image Totals
     75900       5534       1124       1320          0          0   ROM Totals

==============================================================================

    Total RO  Size (Code + RO Data)                77024 (  75.22kB)
    Total RW  Size (RW Data + ZI Data)             14040 (  13.71kB)
    Total ROM Size (Code + RO Data + RW Data)      78344 (  76.51kB)

==============================================================================

