<!doctype html public "-//w3c//dtd html 4.0 transitional//en">
<html><head>
<title>Static Call Graph - [.\obj\ABRobot.axf]</title></head>
<body><HR>
<H1>Static Call Graph for image .\obj\ABRobot.axf</H1><HR>
<BR><P>#&#060CALLGRAPH&#062# ARM Linker, 5.02 [Build 28]: Last Updated: Fri Dec 25 20:20:04 2015
<BR><P>
<H3>Maximum Stack Usage =        720 bytes + Unknown(Cycles, Untraceable Function Pointers)</H3><H3>
Call chain for Maximum Stack Depth:</H3>
main &rArr; loop &rArr; CommandProcess &rArr; SensorCalibration &rArr; GyroCalibration &rArr; nvtGyroScaleCalibrate &rArr; GyroScaleCalibrate &rArr; GyroDynamicCalibrate &rArr; CheckGyroNormalParam &rArr; quickSortIterative &rArr; partition
<P>
<H3>
Mutually Recursive functions
</H3> <LI><a href="#[2]">NMI_Handler</a>&nbsp;&nbsp;&nbsp;&rArr;&nbsp;&nbsp;&nbsp;<a href="#[2]">NMI_Handler</a><BR>
 <LI><a href="#[4]">MemManage_Handler</a>&nbsp;&nbsp;&nbsp;&rArr;&nbsp;&nbsp;&nbsp;<a href="#[4]">MemManage_Handler</a><BR>
 <LI><a href="#[5]">BusFault_Handler</a>&nbsp;&nbsp;&nbsp;&rArr;&nbsp;&nbsp;&nbsp;<a href="#[5]">BusFault_Handler</a><BR>
 <LI><a href="#[6]">UsageFault_Handler</a>&nbsp;&nbsp;&nbsp;&rArr;&nbsp;&nbsp;&nbsp;<a href="#[6]">UsageFault_Handler</a><BR>
 <LI><a href="#[7]">SVC_Handler</a>&nbsp;&nbsp;&nbsp;&rArr;&nbsp;&nbsp;&nbsp;<a href="#[7]">SVC_Handler</a><BR>
 <LI><a href="#[8]">DebugMon_Handler</a>&nbsp;&nbsp;&nbsp;&rArr;&nbsp;&nbsp;&nbsp;<a href="#[8]">DebugMon_Handler</a><BR>
 <LI><a href="#[9]">PendSV_Handler</a>&nbsp;&nbsp;&nbsp;&rArr;&nbsp;&nbsp;&nbsp;<a href="#[9]">PendSV_Handler</a><BR>
 <LI><a href="#[10]">Default_Handler</a>&nbsp;&nbsp;&nbsp;&rArr;&nbsp;&nbsp;&nbsp;<a href="#[10]">Default_Handler</a><BR>
</UL>
<P>
<H3>
Function Pointers
</H3><UL>
 <LI><a href="#[37]">ACMP01_IRQHandler</a> from startup_m451series.o(.text) referenced from startup_m451series.o(RESET)
 <LI><a href="#[35]">ADC00_IRQHandler</a> from battery.o(.text) referenced from startup_m451series.o(RESET)
 <LI><a href="#[36]">ADC01_IRQHandler</a> from startup_m451series.o(.text) referenced from startup_m451series.o(RESET)
 <LI><a href="#[38]">ADC02_IRQHandler</a> from startup_m451series.o(.text) referenced from startup_m451series.o(RESET)
 <LI><a href="#[39]">ADC03_IRQHandler</a> from startup_m451series.o(.text) referenced from startup_m451series.o(RESET)
 <LI><a href="#[b]">BOD_IRQHandler</a> from startup_m451series.o(.text) referenced from startup_m451series.o(RESET)
 <LI><a href="#[23]">BRAKE0_IRQHandler</a> from startup_m451series.o(.text) referenced from startup_m451series.o(RESET)
 <LI><a href="#[27]">BRAKE1_IRQHandler</a> from startup_m451series.o(.text) referenced from startup_m451series.o(RESET)
 <LI><a href="#[5]">BusFault_Handler</a> from startup_m451series.o(.text) referenced from startup_m451series.o(RESET)
 <LI><a href="#[40]">CAN0_IRQHandler</a> from startup_m451series.o(.text) referenced from startup_m451series.o(RESET)
 <LI><a href="#[f]">CLKFAIL_IRQHandler</a> from startup_m451series.o(.text) referenced from startup_m451series.o(RESET)
 <LI><a href="#[34]">DAC_IRQHandler</a> from startup_m451series.o(.text) referenced from startup_m451series.o(RESET)
 <LI><a href="#[8]">DebugMon_Handler</a> from startup_m451series.o(.text) referenced from startup_m451series.o(RESET)
 <LI><a href="#[10]">Default_Handler</a> from startup_m451series.o(.text) referenced 9 times from startup_m451series.o(RESET)
 <LI><a href="#[15]">EINT0_IRQHandler</a> from startup_m451series.o(.text) referenced from startup_m451series.o(RESET)
 <LI><a href="#[16]">EINT1_IRQHandler</a> from ssv7241.o(.text) referenced from startup_m451series.o(RESET)
 <LI><a href="#[17]">EINT2_IRQHandler</a> from startup_m451series.o(.text) referenced from startup_m451series.o(RESET)
 <LI><a href="#[18]">EINT3_IRQHandler</a> from startup_m451series.o(.text) referenced from startup_m451series.o(RESET)
 <LI><a href="#[19]">EINT4_IRQHandler</a> from startup_m451series.o(.text) referenced from startup_m451series.o(RESET)
 <LI><a href="#[1a]">EINT5_IRQHandler</a> from startup_m451series.o(.text) referenced from startup_m451series.o(RESET)
 <LI><a href="#[1b]">GPA_IRQHandler</a> from startup_m451series.o(.text) referenced from startup_m451series.o(RESET)
 <LI><a href="#[1c]">GPB_IRQHandler</a> from battery.o(.text) referenced from startup_m451series.o(RESET)
 <LI><a href="#[1d]">GPC_IRQHandler</a> from startup_m451series.o(.text) referenced from startup_m451series.o(RESET)
 <LI><a href="#[1e]">GPD_IRQHandler</a> from startup_m451series.o(.text) referenced from startup_m451series.o(RESET)
 <LI><a href="#[1f]">GPE_IRQHandler</a> from startup_m451series.o(.text) referenced from startup_m451series.o(RESET)
 <LI><a href="#[20]">GPF_IRQHandler</a> from startup_m451series.o(.text) referenced from startup_m451series.o(RESET)
 <LI><a href="#[3]">HardFault_Handler</a> from retarget.o(.emb_text) referenced from startup_m451series.o(RESET)
 <LI><a href="#[44]">Hard_Fault_Handler</a> from retarget.o(.text) referenced from retarget.o(.emb_text)
 <LI><a href="#[31]">I2C0_IRQHandler</a> from nvt_i2c.o(.text) referenced from startup_m451series.o(RESET)
 <LI><a href="#[32]">I2C1_IRQHandler</a> from nvt_i2c.o(.text) referenced from startup_m451series.o(RESET)
 <LI><a href="#[146]">I2C_Callback_Rx_Continue</a> from nvt_i2c.o(.text) referenced from nvt_i2c.o(.text)
 <LI><a href="#[148]">I2C_Callback_Tx_Continue</a> from nvt_i2c.o(.text) referenced from nvt_i2c.o(.text)
 <LI><a href="#[c]">IRC_IRQHandler</a> from startup_m451series.o(.text) referenced from startup_m451series.o(RESET)
 <LI><a href="#[4]">MemManage_Handler</a> from startup_m451series.o(.text) referenced from startup_m451series.o(RESET)
 <LI><a href="#[2]">NMI_Handler</a> from startup_m451series.o(.text) referenced from startup_m451series.o(RESET)
 <LI><a href="#[33]">PDMA_IRQHandler</a> from startup_m451series.o(.text) referenced from startup_m451series.o(RESET)
 <LI><a href="#[24]">PWM0P0_IRQHandler</a> from startup_m451series.o(.text) referenced from startup_m451series.o(RESET)
 <LI><a href="#[25]">PWM0P1_IRQHandler</a> from startup_m451series.o(.text) referenced from startup_m451series.o(RESET)
 <LI><a href="#[26]">PWM0P2_IRQHandler</a> from startup_m451series.o(.text) referenced from startup_m451series.o(RESET)
 <LI><a href="#[28]">PWM1P0_IRQHandler</a> from startup_m451series.o(.text) referenced from startup_m451series.o(RESET)
 <LI><a href="#[29]">PWM1P1_IRQHandler</a> from ir.o(.text) referenced from startup_m451series.o(RESET)
 <LI><a href="#[2a]">PWM1P2_IRQHandler</a> from startup_m451series.o(.text) referenced from startup_m451series.o(RESET)
 <LI><a href="#[d]">PWRWU_IRQHandler</a> from startup_m451series.o(.text) referenced from startup_m451series.o(RESET)
 <LI><a href="#[9]">PendSV_Handler</a> from startup_m451series.o(.text) referenced from startup_m451series.o(RESET)
 <LI><a href="#[e]">RAMPE_IRQHandler</a> from startup_m451series.o(.text) referenced from startup_m451series.o(RESET)
 <LI><a href="#[11]">RTC_IRQHandler</a> from battery.o(.text) referenced from startup_m451series.o(RESET)
 <LI><a href="#[4b]">Reset_Handler</a> from startup_m451series.o(.text) referenced from startup_m451series.o(RESET)
 <LI><a href="#[41]">SC0_IRQHandler</a> from startup_m451series.o(.text) referenced from startup_m451series.o(RESET)
 <LI><a href="#[21]">SPI0_IRQHandler</a> from startup_m451series.o(.text) referenced from startup_m451series.o(RESET)
 <LI><a href="#[22]">SPI1_IRQHandler</a> from startup_m451series.o(.text) referenced from startup_m451series.o(RESET)
 <LI><a href="#[3c]">SPI2_IRQHandler</a> from startup_m451series.o(.text) referenced from startup_m451series.o(RESET)
 <LI><a href="#[7]">SVC_Handler</a> from startup_m451series.o(.text) referenced from startup_m451series.o(RESET)
 <LI><a href="#[a]">SysTick_Handler</a> from timer_ctrl.o(.text) referenced from startup_m451series.o(RESET)
 <LI><a href="#[45]">SystemInit</a> from system_m451series.o(.text) referenced from startup_m451series.o(.text)
 <LI><a href="#[12]">TAMPER_IRQHandler</a> from startup_m451series.o(.text) referenced from startup_m451series.o(RESET)
 <LI><a href="#[42]">TK_IRQHandler</a> from startup_m451series.o(.text) referenced from startup_m451series.o(RESET)
 <LI><a href="#[2b]">TMR0_IRQHandler</a> from startup_m451series.o(.text) referenced from startup_m451series.o(RESET)
 <LI><a href="#[2c]">TMR1_IRQHandler</a> from led.o(.text) referenced from startup_m451series.o(RESET)
 <LI><a href="#[2d]">TMR2_IRQHandler</a> from timer_ctrl.o(.text) referenced from startup_m451series.o(RESET)
 <LI><a href="#[2e]">TMR3_IRQHandler</a> from startup_m451series.o(.text) referenced from startup_m451series.o(RESET)
 <LI><a href="#[2f]">UART0_IRQHandler</a> from startup_m451series.o(.text) referenced from startup_m451series.o(RESET)
 <LI><a href="#[30]">UART1_IRQHandler</a> from gps.o(.text) referenced from startup_m451series.o(RESET)
 <LI><a href="#[3a]">UART2_IRQHandler</a> from startup_m451series.o(.text) referenced from startup_m451series.o(RESET)
 <LI><a href="#[3b]">UART3_IRQHandler</a> from startup_m451series.o(.text) referenced from startup_m451series.o(RESET)
 <LI><a href="#[3d]">USBD_IRQHandler</a> from startup_m451series.o(.text) referenced from startup_m451series.o(RESET)
 <LI><a href="#[3e]">USBH_IRQHandler</a> from startup_m451series.o(.text) referenced from startup_m451series.o(RESET)
 <LI><a href="#[3f]">USBOTG_IRQHandler</a> from startup_m451series.o(.text) referenced from startup_m451series.o(RESET)
 <LI><a href="#[6]">UsageFault_Handler</a> from startup_m451series.o(.text) referenced from startup_m451series.o(RESET)
 <LI><a href="#[13]">WDT_IRQHandler</a> from startup_m451series.o(.text) referenced from startup_m451series.o(RESET)
 <LI><a href="#[14]">WWDT_IRQHandler</a> from startup_m451series.o(.text) referenced from startup_m451series.o(RESET)
 <LI><a href="#[46]">__main</a> from entry.o(.ARM.Collect$$$$00000000) referenced from startup_m451series.o(.text)
 <LI><a href="#[48]">_sbackspace</a> from _sgetc.o(.text) referenced from strtod.o(.text)
 <LI><a href="#[47]">_sgetc</a> from _sgetc.o(.text) referenced from strtod.o(.text)
 <LI><a href="#[4a]">fputc</a> from retarget.o(.text) referenced from printfa.o(i.__0printf)
 <LI><a href="#[49]">isspace</a> from isspace_o.o(.text) referenced from strtod.o(.text)
 <LI><a href="#[43]">main</a> from abrobot.o(.text) referenced from entry8.o(.ARM.Collect$$$$00000009)
</UL>
<P>
<H3>
Global Symbols
</H3>
<P><STRONG><a name="[46]"></a>__main</STRONG> (Thumb, 0 bytes, Stack size unknown bytes, entry.o(.ARM.Collect$$$$00000000))
<BR>[Address Reference Count : 1]<UL><LI> startup_m451series.o(.text)
</UL>
<P><STRONG><a name="[2d3]"></a>_main_stk</STRONG> (Thumb, 0 bytes, Stack size unknown bytes, entry2.o(.ARM.Collect$$$$00000001))

<P><STRONG><a name="[5d]"></a>_main_scatterload</STRONG> (Thumb, 0 bytes, Stack size unknown bytes, entry5.o(.ARM.Collect$$$$00000004))
<BR><BR>[Calls]<UL><LI><a href="#[5e]">&gt;&gt;</a>&nbsp;&nbsp;&nbsp;__scatterload
</UL>

<P><STRONG><a name="[2bd]"></a>__main_after_scatterload</STRONG> (Thumb, 0 bytes, Stack size unknown bytes, entry5.o(.ARM.Collect$$$$00000004))
<BR><BR>[Called By]<UL><LI><a href="#[5e]">&gt;&gt;</a>&nbsp;&nbsp;&nbsp;__scatterload
</UL>

<P><STRONG><a name="[2d4]"></a>_main_clock</STRONG> (Thumb, 0 bytes, Stack size unknown bytes, entry7b.o(.ARM.Collect$$$$00000008))

<P><STRONG><a name="[2d5]"></a>_main_init</STRONG> (Thumb, 0 bytes, Stack size unknown bytes, entry8.o(.ARM.Collect$$$$00000009))

<P><STRONG><a name="[3]"></a>HardFault_Handler</STRONG> (Thumb, 24 bytes, Stack size 0 bytes, retarget.o(.emb_text))
<BR>[Address Reference Count : 1]<UL><LI> startup_m451series.o(RESET)
</UL>
<P><STRONG><a name="[5f]"></a>SystemCoreClockUpdate</STRONG> (Thumb, 76 bytes, Stack size 16 bytes, system_m451series.o(.text))
<BR><BR>[Stack]<UL><LI>Max Depth = 40<LI>Call Chain = SystemCoreClockUpdate &rArr; CLK_GetPLLClockFreq
</UL>
<BR>[Calls]<UL><LI><a href="#[60]">&gt;&gt;</a>&nbsp;&nbsp;&nbsp;CLK_GetPLLClockFreq
</UL>
<BR>[Called By]<UL><LI><a href="#[110]">&gt;&gt;</a>&nbsp;&nbsp;&nbsp;PWM_ConfigOutputChannelf
<LI><a href="#[c5]">&gt;&gt;</a>&nbsp;&nbsp;&nbsp;CLK_SetHCLK
<LI><a href="#[c6]">&gt;&gt;</a>&nbsp;&nbsp;&nbsp;CLK_SetCoreClock
<LI><a href="#[21e]">&gt;&gt;</a>&nbsp;&nbsp;&nbsp;PWM_ConfigOutputChannel
<LI><a href="#[21f]">&gt;&gt;</a>&nbsp;&nbsp;&nbsp;PWM_ConfigCaptureChannel
<LI><a href="#[22f]">&gt;&gt;</a>&nbsp;&nbsp;&nbsp;CLK_GetCPUFreq
<LI><a href="#[22e]">&gt;&gt;</a>&nbsp;&nbsp;&nbsp;CLK_GetHCLKFreq
</UL>

<P><STRONG><a name="[45]"></a>SystemInit</STRONG> (Thumb, 14 bytes, Stack size 0 bytes, system_m451series.o(.text))
<BR>[Address Reference Count : 1]<UL><LI> startup_m451series.o(.text)
</UL>
<P><STRONG><a name="[4b]"></a>Reset_Handler</STRONG> (Thumb, 8 bytes, Stack size 0 bytes, startup_m451series.o(.text))

<P><STRONG><a name="[2]"></a>NMI_Handler</STRONG> (Thumb, 2 bytes, Stack size 0 bytes, startup_m451series.o(.text))
<BR><BR>[Calls]<UL><LI><a href="#[2]">&gt;&gt;</a>&nbsp;&nbsp;&nbsp;NMI_Handler
</UL>
<BR>[Called By]<UL><LI><a href="#[2]">&gt;&gt;</a>&nbsp;&nbsp;&nbsp;NMI_Handler
</UL>
<BR>[Address Reference Count : 1]<UL><LI> startup_m451series.o(RESET)
</UL>
<P><STRONG><a name="[4]"></a>MemManage_Handler</STRONG> (Thumb, 2 bytes, Stack size 0 bytes, startup_m451series.o(.text))
<BR><BR>[Calls]<UL><LI><a href="#[4]">&gt;&gt;</a>&nbsp;&nbsp;&nbsp;MemManage_Handler
</UL>
<BR>[Called By]<UL><LI><a href="#[4]">&gt;&gt;</a>&nbsp;&nbsp;&nbsp;MemManage_Handler
</UL>
<BR>[Address Reference Count : 1]<UL><LI> startup_m451series.o(RESET)
</UL>
<P><STRONG><a name="[5]"></a>BusFault_Handler</STRONG> (Thumb, 2 bytes, Stack size 0 bytes, startup_m451series.o(.text))
<BR><BR>[Calls]<UL><LI><a href="#[5]">&gt;&gt;</a>&nbsp;&nbsp;&nbsp;BusFault_Handler
</UL>
<BR>[Called By]<UL><LI><a href="#[5]">&gt;&gt;</a>&nbsp;&nbsp;&nbsp;BusFault_Handler
</UL>
<BR>[Address Reference Count : 1]<UL><LI> startup_m451series.o(RESET)
</UL>
<P><STRONG><a name="[6]"></a>UsageFault_Handler</STRONG> (Thumb, 2 bytes, Stack size 0 bytes, startup_m451series.o(.text))
<BR><BR>[Calls]<UL><LI><a href="#[6]">&gt;&gt;</a>&nbsp;&nbsp;&nbsp;UsageFault_Handler
</UL>
<BR>[Called By]<UL><LI><a href="#[6]">&gt;&gt;</a>&nbsp;&nbsp;&nbsp;UsageFault_Handler
</UL>
<BR>[Address Reference Count : 1]<UL><LI> startup_m451series.o(RESET)
</UL>
<P><STRONG><a name="[7]"></a>SVC_Handler</STRONG> (Thumb, 2 bytes, Stack size 0 bytes, startup_m451series.o(.text))
<BR><BR>[Calls]<UL><LI><a href="#[7]">&gt;&gt;</a>&nbsp;&nbsp;&nbsp;SVC_Handler
</UL>
<BR>[Called By]<UL><LI><a href="#[7]">&gt;&gt;</a>&nbsp;&nbsp;&nbsp;SVC_Handler
</UL>
<BR>[Address Reference Count : 1]<UL><LI> startup_m451series.o(RESET)
</UL>
<P><STRONG><a name="[8]"></a>DebugMon_Handler</STRONG> (Thumb, 2 bytes, Stack size 0 bytes, startup_m451series.o(.text))
<BR><BR>[Calls]<UL><LI><a href="#[8]">&gt;&gt;</a>&nbsp;&nbsp;&nbsp;DebugMon_Handler
</UL>
<BR>[Called By]<UL><LI><a href="#[8]">&gt;&gt;</a>&nbsp;&nbsp;&nbsp;DebugMon_Handler
</UL>
<BR>[Address Reference Count : 1]<UL><LI> startup_m451series.o(RESET)
</UL>
<P><STRONG><a name="[9]"></a>PendSV_Handler</STRONG> (Thumb, 2 bytes, Stack size 0 bytes, startup_m451series.o(.text))
<BR><BR>[Calls]<UL><LI><a href="#[9]">&gt;&gt;</a>&nbsp;&nbsp;&nbsp;PendSV_Handler
</UL>
<BR>[Called By]<UL><LI><a href="#[9]">&gt;&gt;</a>&nbsp;&nbsp;&nbsp;PendSV_Handler
</UL>
<BR>[Address Reference Count : 1]<UL><LI> startup_m451series.o(RESET)
</UL>
<P><STRONG><a name="[37]"></a>ACMP01_IRQHandler</STRONG> (Thumb, 0 bytes, Stack size 0 bytes, startup_m451series.o(.text))
<BR>[Address Reference Count : 1]<UL><LI> startup_m451series.o(RESET)
</UL>
<P><STRONG><a name="[36]"></a>ADC01_IRQHandler</STRONG> (Thumb, 0 bytes, Stack size 0 bytes, startup_m451series.o(.text))
<BR>[Address Reference Count : 1]<UL><LI> startup_m451series.o(RESET)
</UL>
<P><STRONG><a name="[38]"></a>ADC02_IRQHandler</STRONG> (Thumb, 0 bytes, Stack size 0 bytes, startup_m451series.o(.text))
<BR>[Address Reference Count : 1]<UL><LI> startup_m451series.o(RESET)
</UL>
<P><STRONG><a name="[39]"></a>ADC03_IRQHandler</STRONG> (Thumb, 0 bytes, Stack size 0 bytes, startup_m451series.o(.text))
<BR>[Address Reference Count : 1]<UL><LI> startup_m451series.o(RESET)
</UL>
<P><STRONG><a name="[b]"></a>BOD_IRQHandler</STRONG> (Thumb, 0 bytes, Stack size 0 bytes, startup_m451series.o(.text))
<BR>[Address Reference Count : 1]<UL><LI> startup_m451series.o(RESET)
</UL>
<P><STRONG><a name="[23]"></a>BRAKE0_IRQHandler</STRONG> (Thumb, 0 bytes, Stack size 0 bytes, startup_m451series.o(.text))
<BR>[Address Reference Count : 1]<UL><LI> startup_m451series.o(RESET)
</UL>
<P><STRONG><a name="[27]"></a>BRAKE1_IRQHandler</STRONG> (Thumb, 0 bytes, Stack size 0 bytes, startup_m451series.o(.text))
<BR>[Address Reference Count : 1]<UL><LI> startup_m451series.o(RESET)
</UL>
<P><STRONG><a name="[40]"></a>CAN0_IRQHandler</STRONG> (Thumb, 0 bytes, Stack size 0 bytes, startup_m451series.o(.text))
<BR>[Address Reference Count : 1]<UL><LI> startup_m451series.o(RESET)
</UL>
<P><STRONG><a name="[f]"></a>CLKFAIL_IRQHandler</STRONG> (Thumb, 0 bytes, Stack size 0 bytes, startup_m451series.o(.text))
<BR>[Address Reference Count : 1]<UL><LI> startup_m451series.o(RESET)
</UL>
<P><STRONG><a name="[34]"></a>DAC_IRQHandler</STRONG> (Thumb, 0 bytes, Stack size 0 bytes, startup_m451series.o(.text))
<BR>[Address Reference Count : 1]<UL><LI> startup_m451series.o(RESET)
</UL>
<P><STRONG><a name="[15]"></a>EINT0_IRQHandler</STRONG> (Thumb, 0 bytes, Stack size 0 bytes, startup_m451series.o(.text))
<BR>[Address Reference Count : 1]<UL><LI> startup_m451series.o(RESET)
</UL>
<P><STRONG><a name="[17]"></a>EINT2_IRQHandler</STRONG> (Thumb, 0 bytes, Stack size 0 bytes, startup_m451series.o(.text))
<BR>[Address Reference Count : 1]<UL><LI> startup_m451series.o(RESET)
</UL>
<P><STRONG><a name="[18]"></a>EINT3_IRQHandler</STRONG> (Thumb, 0 bytes, Stack size 0 bytes, startup_m451series.o(.text))
<BR>[Address Reference Count : 1]<UL><LI> startup_m451series.o(RESET)
</UL>
<P><STRONG><a name="[19]"></a>EINT4_IRQHandler</STRONG> (Thumb, 0 bytes, Stack size 0 bytes, startup_m451series.o(.text))
<BR>[Address Reference Count : 1]<UL><LI> startup_m451series.o(RESET)
</UL>
<P><STRONG><a name="[1a]"></a>EINT5_IRQHandler</STRONG> (Thumb, 0 bytes, Stack size 0 bytes, startup_m451series.o(.text))
<BR>[Address Reference Count : 1]<UL><LI> startup_m451series.o(RESET)
</UL>
<P><STRONG><a name="[1b]"></a>GPA_IRQHandler</STRONG> (Thumb, 0 bytes, Stack size 0 bytes, startup_m451series.o(.text))
<BR>[Address Reference Count : 1]<UL><LI> startup_m451series.o(RESET)
</UL>
<P><STRONG><a name="[1d]"></a>GPC_IRQHandler</STRONG> (Thumb, 0 bytes, Stack size 0 bytes, startup_m451series.o(.text))
<BR>[Address Reference Count : 1]<UL><LI> startup_m451series.o(RESET)
</UL>
<P><STRONG><a name="[1e]"></a>GPD_IRQHandler</STRONG> (Thumb, 0 bytes, Stack size 0 bytes, startup_m451series.o(.text))
<BR>[Address Reference Count : 1]<UL><LI> startup_m451series.o(RESET)
</UL>
<P><STRONG><a name="[1f]"></a>GPE_IRQHandler</STRONG> (Thumb, 0 bytes, Stack size 0 bytes, startup_m451series.o(.text))
<BR>[Address Reference Count : 1]<UL><LI> startup_m451series.o(RESET)
</UL>
<P><STRONG><a name="[20]"></a>GPF_IRQHandler</STRONG> (Thumb, 0 bytes, Stack size 0 bytes, startup_m451series.o(.text))
<BR>[Address Reference Count : 1]<UL><LI> startup_m451series.o(RESET)
</UL>
<P><STRONG><a name="[c]"></a>IRC_IRQHandler</STRONG> (Thumb, 0 bytes, Stack size 0 bytes, startup_m451series.o(.text))
<BR>[Address Reference Count : 1]<UL><LI> startup_m451series.o(RESET)
</UL>
<P><STRONG><a name="[33]"></a>PDMA_IRQHandler</STRONG> (Thumb, 0 bytes, Stack size 0 bytes, startup_m451series.o(.text))
<BR>[Address Reference Count : 1]<UL><LI> startup_m451series.o(RESET)
</UL>
<P><STRONG><a name="[24]"></a>PWM0P0_IRQHandler</STRONG> (Thumb, 0 bytes, Stack size 0 bytes, startup_m451series.o(.text))
<BR>[Address Reference Count : 1]<UL><LI> startup_m451series.o(RESET)
</UL>
<P><STRONG><a name="[25]"></a>PWM0P1_IRQHandler</STRONG> (Thumb, 0 bytes, Stack size 0 bytes, startup_m451series.o(.text))
<BR>[Address Reference Count : 1]<UL><LI> startup_m451series.o(RESET)
</UL>
<P><STRONG><a name="[26]"></a>PWM0P2_IRQHandler</STRONG> (Thumb, 0 bytes, Stack size 0 bytes, startup_m451series.o(.text))
<BR>[Address Reference Count : 1]<UL><LI> startup_m451series.o(RESET)
</UL>
<P><STRONG><a name="[28]"></a>PWM1P0_IRQHandler</STRONG> (Thumb, 0 bytes, Stack size 0 bytes, startup_m451series.o(.text))
<BR>[Address Reference Count : 1]<UL><LI> startup_m451series.o(RESET)
</UL>
<P><STRONG><a name="[2a]"></a>PWM1P2_IRQHandler</STRONG> (Thumb, 0 bytes, Stack size 0 bytes, startup_m451series.o(.text))
<BR>[Address Reference Count : 1]<UL><LI> startup_m451series.o(RESET)
</UL>
<P><STRONG><a name="[d]"></a>PWRWU_IRQHandler</STRONG> (Thumb, 0 bytes, Stack size 0 bytes, startup_m451series.o(.text))
<BR>[Address Reference Count : 1]<UL><LI> startup_m451series.o(RESET)
</UL>
<P><STRONG><a name="[e]"></a>RAMPE_IRQHandler</STRONG> (Thumb, 0 bytes, Stack size 0 bytes, startup_m451series.o(.text))
<BR>[Address Reference Count : 1]<UL><LI> startup_m451series.o(RESET)
</UL>
<P><STRONG><a name="[41]"></a>SC0_IRQHandler</STRONG> (Thumb, 0 bytes, Stack size 0 bytes, startup_m451series.o(.text))
<BR>[Address Reference Count : 1]<UL><LI> startup_m451series.o(RESET)
</UL>
<P><STRONG><a name="[21]"></a>SPI0_IRQHandler</STRONG> (Thumb, 0 bytes, Stack size 0 bytes, startup_m451series.o(.text))
<BR>[Address Reference Count : 1]<UL><LI> startup_m451series.o(RESET)
</UL>
<P><STRONG><a name="[22]"></a>SPI1_IRQHandler</STRONG> (Thumb, 0 bytes, Stack size 0 bytes, startup_m451series.o(.text))
<BR>[Address Reference Count : 1]<UL><LI> startup_m451series.o(RESET)
</UL>
<P><STRONG><a name="[3c]"></a>SPI2_IRQHandler</STRONG> (Thumb, 0 bytes, Stack size 0 bytes, startup_m451series.o(.text))
<BR>[Address Reference Count : 1]<UL><LI> startup_m451series.o(RESET)
</UL>
<P><STRONG><a name="[12]"></a>TAMPER_IRQHandler</STRONG> (Thumb, 0 bytes, Stack size 0 bytes, startup_m451series.o(.text))
<BR>[Address Reference Count : 1]<UL><LI> startup_m451series.o(RESET)
</UL>
<P><STRONG><a name="[42]"></a>TK_IRQHandler</STRONG> (Thumb, 0 bytes, Stack size 0 bytes, startup_m451series.o(.text))
<BR>[Address Reference Count : 1]<UL><LI> startup_m451series.o(RESET)
</UL>
<P><STRONG><a name="[2b]"></a>TMR0_IRQHandler</STRONG> (Thumb, 0 bytes, Stack size 0 bytes, startup_m451series.o(.text))
<BR>[Address Reference Count : 1]<UL><LI> startup_m451series.o(RESET)
</UL>
<P><STRONG><a name="[2e]"></a>TMR3_IRQHandler</STRONG> (Thumb, 0 bytes, Stack size 0 bytes, startup_m451series.o(.text))
<BR>[Address Reference Count : 1]<UL><LI> startup_m451series.o(RESET)
</UL>
<P><STRONG><a name="[2f]"></a>UART0_IRQHandler</STRONG> (Thumb, 0 bytes, Stack size 0 bytes, startup_m451series.o(.text))
<BR>[Address Reference Count : 1]<UL><LI> startup_m451series.o(RESET)
</UL>
<P><STRONG><a name="[3a]"></a>UART2_IRQHandler</STRONG> (Thumb, 0 bytes, Stack size 0 bytes, startup_m451series.o(.text))
<BR>[Address Reference Count : 1]<UL><LI> startup_m451series.o(RESET)
</UL>
<P><STRONG><a name="[3b]"></a>UART3_IRQHandler</STRONG> (Thumb, 0 bytes, Stack size 0 bytes, startup_m451series.o(.text))
<BR>[Address Reference Count : 1]<UL><LI> startup_m451series.o(RESET)
</UL>
<P><STRONG><a name="[3d]"></a>USBD_IRQHandler</STRONG> (Thumb, 0 bytes, Stack size 0 bytes, startup_m451series.o(.text))
<BR>[Address Reference Count : 1]<UL><LI> startup_m451series.o(RESET)
</UL>
<P><STRONG><a name="[3e]"></a>USBH_IRQHandler</STRONG> (Thumb, 0 bytes, Stack size 0 bytes, startup_m451series.o(.text))
<BR>[Address Reference Count : 1]<UL><LI> startup_m451series.o(RESET)
</UL>
<P><STRONG><a name="[3f]"></a>USBOTG_IRQHandler</STRONG> (Thumb, 0 bytes, Stack size 0 bytes, startup_m451series.o(.text))
<BR>[Address Reference Count : 1]<UL><LI> startup_m451series.o(RESET)
</UL>
<P><STRONG><a name="[13]"></a>WDT_IRQHandler</STRONG> (Thumb, 0 bytes, Stack size 0 bytes, startup_m451series.o(.text))
<BR>[Address Reference Count : 1]<UL><LI> startup_m451series.o(RESET)
</UL>
<P><STRONG><a name="[14]"></a>WWDT_IRQHandler</STRONG> (Thumb, 0 bytes, Stack size 0 bytes, startup_m451series.o(.text))
<BR>[Address Reference Count : 1]<UL><LI> startup_m451series.o(RESET)
</UL>
<P><STRONG><a name="[61]"></a>CalibrationFail</STRONG> (Thumb, 16 bytes, Stack size 8 bytes, calibrate.o(.text))
<BR><BR>[Stack]<UL><LI>Max Depth = 16<LI>Call Chain = CalibrationFail &rArr; Serial_write
</UL>
<BR>[Calls]<UL><LI><a href="#[58]">&gt;&gt;</a>&nbsp;&nbsp;&nbsp;Serial_write
</UL>
<BR>[Called By]<UL><LI><a href="#[74]">&gt;&gt;</a>&nbsp;&nbsp;&nbsp;SensorCalibration
</UL>

<P><STRONG><a name="[62]"></a>AccCalibration</STRONG> (Thumb, 134 bytes, Stack size 24 bytes, calibrate.o(.text))
<BR><BR>[Stack]<UL><LI>Max Depth = 312<LI>Call Chain = AccCalibration &rArr; UpdateFlashCal &rArr; SensorInitMAG &rArr; nvtSetMagCalMatrix &rArr; SetMagGuass &rArr; __hardfp_sqrt &rArr; _dsqrt &rArr; _double_round
</UL>
<BR>[Calls]<UL><LI><a href="#[64]">&gt;&gt;</a>&nbsp;&nbsp;&nbsp;nvtCalACCInit
<LI><a href="#[67]">&gt;&gt;</a>&nbsp;&nbsp;&nbsp;nvtCalACCBufferFill
<LI><a href="#[68]">&gt;&gt;</a>&nbsp;&nbsp;&nbsp;UpdateFlashCal
<LI><a href="#[58]">&gt;&gt;</a>&nbsp;&nbsp;&nbsp;Serial_write
<LI><a href="#[66]">&gt;&gt;</a>&nbsp;&nbsp;&nbsp;SensorsRead
<LI><a href="#[4f]">&gt;&gt;</a>&nbsp;&nbsp;&nbsp;GetChar
<LI><a href="#[65]">&gt;&gt;</a>&nbsp;&nbsp;&nbsp;DelayMsec
<LI><a href="#[63]">&gt;&gt;</a>&nbsp;&nbsp;&nbsp;atoi
</UL>
<BR>[Called By]<UL><LI><a href="#[74]">&gt;&gt;</a>&nbsp;&nbsp;&nbsp;SensorCalibration
</UL>

<P><STRONG><a name="[69]"></a>GyroCalibration</STRONG> (Thumb, 96 bytes, Stack size 24 bytes, calibrate.o(.text))
<BR><BR>[Stack]<UL><LI>Max Depth = 656<LI>Call Chain = GyroCalibration &rArr; nvtGyroScaleCalibrate &rArr; GyroScaleCalibrate &rArr; GyroDynamicCalibrate &rArr; CheckGyroNormalParam &rArr; quickSortIterative &rArr; partition
</UL>
<BR>[Calls]<UL><LI><a href="#[6b]">&gt;&gt;</a>&nbsp;&nbsp;&nbsp;nvtGyroScaleCalibrate
<LI><a href="#[6a]">&gt;&gt;</a>&nbsp;&nbsp;&nbsp;nvtCalGyroInit
<LI><a href="#[6c]">&gt;&gt;</a>&nbsp;&nbsp;&nbsp;led_arm_state
<LI><a href="#[6d]">&gt;&gt;</a>&nbsp;&nbsp;&nbsp;UpdateLED
<LI><a href="#[68]">&gt;&gt;</a>&nbsp;&nbsp;&nbsp;UpdateFlashCal
<LI><a href="#[58]">&gt;&gt;</a>&nbsp;&nbsp;&nbsp;Serial_write
<LI><a href="#[66]">&gt;&gt;</a>&nbsp;&nbsp;&nbsp;SensorsRead
<LI><a href="#[4f]">&gt;&gt;</a>&nbsp;&nbsp;&nbsp;GetChar
<LI><a href="#[65]">&gt;&gt;</a>&nbsp;&nbsp;&nbsp;DelayMsec
</UL>
<BR>[Called By]<UL><LI><a href="#[74]">&gt;&gt;</a>&nbsp;&nbsp;&nbsp;SensorCalibration
</UL>

<P><STRONG><a name="[6e]"></a>MagCalibration</STRONG> (Thumb, 160 bytes, Stack size 24 bytes, calibrate.o(.text))
<BR><BR>[Stack]<UL><LI>Max Depth = 488<LI>Call Chain = MagCalibration &rArr; nvtCalMAGBufferFill &rArr; MagCalibrate &rArr; calibrate_model_mag &rArr; compute_eigenvalue &rArr; Jacobi_Cyclic_Method &rArr; __hardfp_sqrt &rArr; _dsqrt &rArr; _double_round
</UL>
<BR>[Calls]<UL><LI><a href="#[71]">&gt;&gt;</a>&nbsp;&nbsp;&nbsp;nvtGetSensorRawMAG
<LI><a href="#[73]">&gt;&gt;</a>&nbsp;&nbsp;&nbsp;nvtGetMagCalQFactor
<LI><a href="#[6f]">&gt;&gt;</a>&nbsp;&nbsp;&nbsp;nvtCalMAGInit
<LI><a href="#[70]">&gt;&gt;</a>&nbsp;&nbsp;&nbsp;nvtCalMAGBufferFill
<LI><a href="#[58]">&gt;&gt;</a>&nbsp;&nbsp;&nbsp;Serial_write
<LI><a href="#[66]">&gt;&gt;</a>&nbsp;&nbsp;&nbsp;SensorsRead
<LI><a href="#[65]">&gt;&gt;</a>&nbsp;&nbsp;&nbsp;DelayMsec
<LI><a href="#[72]">&gt;&gt;</a>&nbsp;&nbsp;&nbsp;__2printf
</UL>
<BR>[Called By]<UL><LI><a href="#[74]">&gt;&gt;</a>&nbsp;&nbsp;&nbsp;SensorCalibration
</UL>

<P><STRONG><a name="[74]"></a>SensorCalibration</STRONG> (Thumb, 112 bytes, Stack size 16 bytes, calibrate.o(.text))
<BR><BR>[Stack]<UL><LI>Max Depth = 672<LI>Call Chain = SensorCalibration &rArr; GyroCalibration &rArr; nvtGyroScaleCalibrate &rArr; GyroScaleCalibrate &rArr; GyroDynamicCalibrate &rArr; CheckGyroNormalParam &rArr; quickSortIterative &rArr; partition
</UL>
<BR>[Calls]<UL><LI><a href="#[68]">&gt;&gt;</a>&nbsp;&nbsp;&nbsp;UpdateFlashCal
<LI><a href="#[76]">&gt;&gt;</a>&nbsp;&nbsp;&nbsp;TIMER_Enable
<LI><a href="#[78]">&gt;&gt;</a>&nbsp;&nbsp;&nbsp;SensorInitMAG
<LI><a href="#[77]">&gt;&gt;</a>&nbsp;&nbsp;&nbsp;RC_Enable
<LI><a href="#[75]">&gt;&gt;</a>&nbsp;&nbsp;&nbsp;GetSensorInitState
<LI><a href="#[4f]">&gt;&gt;</a>&nbsp;&nbsp;&nbsp;GetChar
<LI><a href="#[6e]">&gt;&gt;</a>&nbsp;&nbsp;&nbsp;MagCalibration
<LI><a href="#[69]">&gt;&gt;</a>&nbsp;&nbsp;&nbsp;GyroCalibration
<LI><a href="#[62]">&gt;&gt;</a>&nbsp;&nbsp;&nbsp;AccCalibration
<LI><a href="#[61]">&gt;&gt;</a>&nbsp;&nbsp;&nbsp;CalibrationFail
</UL>
<BR>[Called By]<UL><LI><a href="#[e2]">&gt;&gt;</a>&nbsp;&nbsp;&nbsp;CommandProcess
</UL>

<P><STRONG><a name="[79]"></a>LoadFlashPID</STRONG> (Thumb, 494 bytes, Stack size 104 bytes, controller.o(.text))
<BR><BR>[Stack]<UL><LI>Max Depth = 152<LI>Call Chain = LoadFlashPID &rArr; GetFlashPID &rArr; DATA_FLASH_Read
</UL>
<BR>[Calls]<UL><LI><a href="#[7c]">&gt;&gt;</a>&nbsp;&nbsp;&nbsp;pidInit
<LI><a href="#[7b]">&gt;&gt;</a>&nbsp;&nbsp;&nbsp;getUpdateDT
<LI><a href="#[7a]">&gt;&gt;</a>&nbsp;&nbsp;&nbsp;GetFlashPID
</UL>
<BR>[Called By]<UL><LI><a href="#[98]">&gt;&gt;</a>&nbsp;&nbsp;&nbsp;SetPID
<LI><a href="#[7d]">&gt;&gt;</a>&nbsp;&nbsp;&nbsp;controllerInit
</UL>

<P><STRONG><a name="[7d]"></a>controllerInit</STRONG> (Thumb, 160 bytes, Stack size 8 bytes, controller.o(.text))
<BR><BR>[Stack]<UL><LI>Max Depth = 160<LI>Call Chain = controllerInit &rArr; LoadFlashPID &rArr; GetFlashPID &rArr; DATA_FLASH_Read
</UL>
<BR>[Calls]<UL><LI><a href="#[7f]">&gt;&gt;</a>&nbsp;&nbsp;&nbsp;pidSetIntegralLimitLow
<LI><a href="#[7e]">&gt;&gt;</a>&nbsp;&nbsp;&nbsp;pidSetIntegralLimit
<LI><a href="#[79]">&gt;&gt;</a>&nbsp;&nbsp;&nbsp;LoadFlashPID
<LI><a href="#[72]">&gt;&gt;</a>&nbsp;&nbsp;&nbsp;__2printf
</UL>
<BR>[Called By]<UL><LI><a href="#[dd]">&gt;&gt;</a>&nbsp;&nbsp;&nbsp;stabilizerInit
</UL>

<P><STRONG><a name="[2d6]"></a>controllerTest</STRONG> (Thumb, 6 bytes, Stack size 0 bytes, controller.o(.text), UNUSED)

<P><STRONG><a name="[80]"></a>controllerCorrectRatePID</STRONG> (Thumb, 330 bytes, Stack size 40 bytes, controller.o(.text))
<BR><BR>[Stack]<UL><LI>Max Depth = 40<LI>Call Chain = controllerCorrectRatePID
</UL>
<BR>[Calls]<UL><LI><a href="#[83]">&gt;&gt;</a>&nbsp;&nbsp;&nbsp;pidUpdate
<LI><a href="#[82]">&gt;&gt;</a>&nbsp;&nbsp;&nbsp;pidSetDt
<LI><a href="#[81]">&gt;&gt;</a>&nbsp;&nbsp;&nbsp;pidSetDesired
<LI><a href="#[7b]">&gt;&gt;</a>&nbsp;&nbsp;&nbsp;getUpdateDT
</UL>
<BR>[Called By]<UL><LI><a href="#[fc]">&gt;&gt;</a>&nbsp;&nbsp;&nbsp;stabilizer
</UL>

<P><STRONG><a name="[84]"></a>controllerCorrectAttitudePID</STRONG> (Thumb, 388 bytes, Stack size 48 bytes, controller.o(.text))
<BR><BR>[Stack]<UL><LI>Max Depth = 48<LI>Call Chain = controllerCorrectAttitudePID
</UL>
<BR>[Calls]<UL><LI><a href="#[83]">&gt;&gt;</a>&nbsp;&nbsp;&nbsp;pidUpdate
<LI><a href="#[85]">&gt;&gt;</a>&nbsp;&nbsp;&nbsp;pidSetError
<LI><a href="#[82]">&gt;&gt;</a>&nbsp;&nbsp;&nbsp;pidSetDt
<LI><a href="#[81]">&gt;&gt;</a>&nbsp;&nbsp;&nbsp;pidSetDesired
<LI><a href="#[7b]">&gt;&gt;</a>&nbsp;&nbsp;&nbsp;getUpdateDT
</UL>
<BR>[Called By]<UL><LI><a href="#[fc]">&gt;&gt;</a>&nbsp;&nbsp;&nbsp;stabilizer
</UL>

<P><STRONG><a name="[86]"></a>controllerCorrectSpeedPID</STRONG> (Thumb, 118 bytes, Stack size 24 bytes, controller.o(.text))
<BR><BR>[Stack]<UL><LI>Max Depth = 24<LI>Call Chain = controllerCorrectSpeedPID
</UL>
<BR>[Calls]<UL><LI><a href="#[83]">&gt;&gt;</a>&nbsp;&nbsp;&nbsp;pidUpdate
<LI><a href="#[82]">&gt;&gt;</a>&nbsp;&nbsp;&nbsp;pidSetDt
<LI><a href="#[81]">&gt;&gt;</a>&nbsp;&nbsp;&nbsp;pidSetDesired
<LI><a href="#[7b]">&gt;&gt;</a>&nbsp;&nbsp;&nbsp;getUpdateDT
</UL>
<BR>[Called By]<UL><LI><a href="#[fc]">&gt;&gt;</a>&nbsp;&nbsp;&nbsp;stabilizer
</UL>

<P><STRONG><a name="[87]"></a>controllerResetAllPID</STRONG> (Thumb, 46 bytes, Stack size 8 bytes, controller.o(.text), UNUSED)
<BR><BR>[Calls]<UL><LI><a href="#[88]">&gt;&gt;</a>&nbsp;&nbsp;&nbsp;pidReset
</UL>

<P><STRONG><a name="[89]"></a>controllerResetYawRatePID</STRONG> (Thumb, 10 bytes, Stack size 8 bytes, controller.o(.text))
<BR><BR>[Stack]<UL><LI>Max Depth = 8<LI>Call Chain = controllerResetYawRatePID
</UL>
<BR>[Calls]<UL><LI><a href="#[88]">&gt;&gt;</a>&nbsp;&nbsp;&nbsp;pidReset
</UL>
<BR>[Called By]<UL><LI><a href="#[fc]">&gt;&gt;</a>&nbsp;&nbsp;&nbsp;stabilizer
</UL>

<P><STRONG><a name="[8a]"></a>controllerSetRollPID</STRONG> (Thumb, 132 bytes, Stack size 24 bytes, controller.o(.text))
<BR><BR>[Stack]<UL><LI>Max Depth = 24<LI>Call Chain = controllerSetRollPID
</UL>
<BR>[Calls]<UL><LI><a href="#[8b]">&gt;&gt;</a>&nbsp;&nbsp;&nbsp;pidSetPID
</UL>
<BR>[Called By]<UL><LI><a href="#[98]">&gt;&gt;</a>&nbsp;&nbsp;&nbsp;SetPID
</UL>

<P><STRONG><a name="[8c]"></a>controllerSetPitchPID</STRONG> (Thumb, 132 bytes, Stack size 24 bytes, controller.o(.text))
<BR><BR>[Stack]<UL><LI>Max Depth = 24<LI>Call Chain = controllerSetPitchPID
</UL>
<BR>[Calls]<UL><LI><a href="#[8b]">&gt;&gt;</a>&nbsp;&nbsp;&nbsp;pidSetPID
</UL>
<BR>[Called By]<UL><LI><a href="#[98]">&gt;&gt;</a>&nbsp;&nbsp;&nbsp;SetPID
</UL>

<P><STRONG><a name="[8d]"></a>controllerSetYawPID</STRONG> (Thumb, 132 bytes, Stack size 24 bytes, controller.o(.text))
<BR><BR>[Stack]<UL><LI>Max Depth = 24<LI>Call Chain = controllerSetYawPID
</UL>
<BR>[Calls]<UL><LI><a href="#[8b]">&gt;&gt;</a>&nbsp;&nbsp;&nbsp;pidSetPID
</UL>
<BR>[Called By]<UL><LI><a href="#[98]">&gt;&gt;</a>&nbsp;&nbsp;&nbsp;SetPID
</UL>

<P><STRONG><a name="[8e]"></a>controllerSetRollRatePID</STRONG> (Thumb, 132 bytes, Stack size 24 bytes, controller.o(.text))
<BR><BR>[Stack]<UL><LI>Max Depth = 24<LI>Call Chain = controllerSetRollRatePID
</UL>
<BR>[Calls]<UL><LI><a href="#[8b]">&gt;&gt;</a>&nbsp;&nbsp;&nbsp;pidSetPID
</UL>
<BR>[Called By]<UL><LI><a href="#[98]">&gt;&gt;</a>&nbsp;&nbsp;&nbsp;SetPID
</UL>

<P><STRONG><a name="[8f]"></a>controllerSetPitchRatePID</STRONG> (Thumb, 132 bytes, Stack size 24 bytes, controller.o(.text))
<BR><BR>[Stack]<UL><LI>Max Depth = 24<LI>Call Chain = controllerSetPitchRatePID
</UL>
<BR>[Calls]<UL><LI><a href="#[8b]">&gt;&gt;</a>&nbsp;&nbsp;&nbsp;pidSetPID
</UL>
<BR>[Called By]<UL><LI><a href="#[98]">&gt;&gt;</a>&nbsp;&nbsp;&nbsp;SetPID
</UL>

<P><STRONG><a name="[90]"></a>controllerSetYawRatePID</STRONG> (Thumb, 174 bytes, Stack size 24 bytes, controller.o(.text))
<BR><BR>[Stack]<UL><LI>Max Depth = 24<LI>Call Chain = controllerSetYawRatePID
</UL>
<BR>[Calls]<UL><LI><a href="#[8b]">&gt;&gt;</a>&nbsp;&nbsp;&nbsp;pidSetPID
</UL>
<BR>[Called By]<UL><LI><a href="#[98]">&gt;&gt;</a>&nbsp;&nbsp;&nbsp;SetPID
</UL>

<P><STRONG><a name="[91]"></a>controllerSetAltHoldPID</STRONG> (Thumb, 132 bytes, Stack size 24 bytes, controller.o(.text), UNUSED)
<BR><BR>[Calls]<UL><LI><a href="#[8b]">&gt;&gt;</a>&nbsp;&nbsp;&nbsp;pidSetPID
</UL>

<P><STRONG><a name="[92]"></a>controllerSetSpeedPID</STRONG> (Thumb, 132 bytes, Stack size 24 bytes, controller.o(.text))
<BR><BR>[Stack]<UL><LI>Max Depth = 24<LI>Call Chain = controllerSetSpeedPID
</UL>
<BR>[Calls]<UL><LI><a href="#[8b]">&gt;&gt;</a>&nbsp;&nbsp;&nbsp;pidSetPID
</UL>
<BR>[Called By]<UL><LI><a href="#[98]">&gt;&gt;</a>&nbsp;&nbsp;&nbsp;SetPID
</UL>

<P><STRONG><a name="[1ab]"></a>controllerGetActuatorOutput</STRONG> (Thumb, 36 bytes, Stack size 8 bytes, controller.o(.text))
<BR><BR>[Stack]<UL><LI>Max Depth = 8<LI>Call Chain = controllerGetActuatorOutput
</UL>
<BR>[Called By]<UL><LI><a href="#[fc]">&gt;&gt;</a>&nbsp;&nbsp;&nbsp;stabilizer
</UL>

<P><STRONG><a name="[b5]"></a>GetRollPID</STRONG> (Thumb, 28 bytes, Stack size 0 bytes, controller.o(.text))
<BR><BR>[Called By]<UL><LI><a href="#[99]">&gt;&gt;</a>&nbsp;&nbsp;&nbsp;UpdateFlashPID
<LI><a href="#[176]">&gt;&gt;</a>&nbsp;&nbsp;&nbsp;report_pid
</UL>

<P><STRONG><a name="[b6]"></a>GetPitchPID</STRONG> (Thumb, 28 bytes, Stack size 0 bytes, controller.o(.text))
<BR><BR>[Called By]<UL><LI><a href="#[99]">&gt;&gt;</a>&nbsp;&nbsp;&nbsp;UpdateFlashPID
<LI><a href="#[176]">&gt;&gt;</a>&nbsp;&nbsp;&nbsp;report_pid
</UL>

<P><STRONG><a name="[b7]"></a>GetYawPID</STRONG> (Thumb, 28 bytes, Stack size 0 bytes, controller.o(.text))
<BR><BR>[Called By]<UL><LI><a href="#[99]">&gt;&gt;</a>&nbsp;&nbsp;&nbsp;UpdateFlashPID
<LI><a href="#[176]">&gt;&gt;</a>&nbsp;&nbsp;&nbsp;report_pid
</UL>

<P><STRONG><a name="[b8]"></a>GetRollRatePID</STRONG> (Thumb, 28 bytes, Stack size 0 bytes, controller.o(.text))
<BR><BR>[Called By]<UL><LI><a href="#[99]">&gt;&gt;</a>&nbsp;&nbsp;&nbsp;UpdateFlashPID
<LI><a href="#[177]">&gt;&gt;</a>&nbsp;&nbsp;&nbsp;report_rate_pid
</UL>

<P><STRONG><a name="[b9]"></a>GetPitchRatePID</STRONG> (Thumb, 28 bytes, Stack size 0 bytes, controller.o(.text))
<BR><BR>[Called By]<UL><LI><a href="#[99]">&gt;&gt;</a>&nbsp;&nbsp;&nbsp;UpdateFlashPID
<LI><a href="#[177]">&gt;&gt;</a>&nbsp;&nbsp;&nbsp;report_rate_pid
</UL>

<P><STRONG><a name="[ba]"></a>GetYawRatePID</STRONG> (Thumb, 28 bytes, Stack size 0 bytes, controller.o(.text))
<BR><BR>[Called By]<UL><LI><a href="#[99]">&gt;&gt;</a>&nbsp;&nbsp;&nbsp;UpdateFlashPID
<LI><a href="#[177]">&gt;&gt;</a>&nbsp;&nbsp;&nbsp;report_rate_pid
</UL>

<P><STRONG><a name="[bb]"></a>GetAltHoldPID</STRONG> (Thumb, 28 bytes, Stack size 0 bytes, controller.o(.text))
<BR><BR>[Called By]<UL><LI><a href="#[99]">&gt;&gt;</a>&nbsp;&nbsp;&nbsp;UpdateFlashPID
<LI><a href="#[178]">&gt;&gt;</a>&nbsp;&nbsp;&nbsp;report_althold_pid
</UL>

<P><STRONG><a name="[2d7]"></a>GetSpeedPID</STRONG> (Thumb, 28 bytes, Stack size 0 bytes, controller.o(.text), UNUSED)

<P><STRONG><a name="[93]"></a>GetUnit32</STRONG> (Thumb, 42 bytes, Stack size 8 bytes, controller.o(.text))
<BR><BR>[Stack]<UL><LI>Max Depth = 96<LI>Call Chain = GetUnit32 &rArr; atoi &rArr; strtol &rArr; _strtoul
</UL>
<BR>[Calls]<UL><LI><a href="#[4f]">&gt;&gt;</a>&nbsp;&nbsp;&nbsp;GetChar
<LI><a href="#[63]">&gt;&gt;</a>&nbsp;&nbsp;&nbsp;atoi
</UL>
<BR>[Called By]<UL><LI><a href="#[e6]">&gt;&gt;</a>&nbsp;&nbsp;&nbsp;SetRemoteControl
</UL>

<P><STRONG><a name="[94]"></a>GetPIDValue</STRONG> (Thumb, 34 bytes, Stack size 8 bytes, controller.o(.text), UNUSED)
<BR><BR>[Calls]<UL><LI><a href="#[4f]">&gt;&gt;</a>&nbsp;&nbsp;&nbsp;GetChar
<LI><a href="#[63]">&gt;&gt;</a>&nbsp;&nbsp;&nbsp;atoi
</UL>

<P><STRONG><a name="[95]"></a>GetPIDfloat</STRONG> (Thumb, 74 bytes, Stack size 16 bytes, controller.o(.text))
<BR><BR>[Stack]<UL><LI>Max Depth = 240<LI>Call Chain = GetPIDfloat &rArr; __hardfp_atof &rArr; __strtod_int &rArr; _local_sscanf &rArr; _scanf_real
</UL>
<BR>[Calls]<UL><LI><a href="#[97]">&gt;&gt;</a>&nbsp;&nbsp;&nbsp;__aeabi_d2f
<LI><a href="#[4f]">&gt;&gt;</a>&nbsp;&nbsp;&nbsp;GetChar
<LI><a href="#[96]">&gt;&gt;</a>&nbsp;&nbsp;&nbsp;__hardfp_atof
</UL>
<BR>[Called By]<UL><LI><a href="#[e5]">&gt;&gt;</a>&nbsp;&nbsp;&nbsp;SetMotorCal
<LI><a href="#[98]">&gt;&gt;</a>&nbsp;&nbsp;&nbsp;SetPID
</UL>

<P><STRONG><a name="[2d8]"></a>GetAltHoldPIDObj</STRONG> (Thumb, 4 bytes, Stack size 0 bytes, controller.o(.text), UNUSED)

<P><STRONG><a name="[2d9]"></a>GetSpeedPIDObj</STRONG> (Thumb, 4 bytes, Stack size 0 bytes, controller.o(.text), UNUSED)

<P><STRONG><a name="[98]"></a>SetPID</STRONG> (Thumb, 700 bytes, Stack size 24 bytes, controller.o(.text))
<BR><BR>[Stack]<UL><LI>Max Depth = 264<LI>Call Chain = SetPID &rArr; GetPIDfloat &rArr; __hardfp_atof &rArr; __strtod_int &rArr; _local_sscanf &rArr; _scanf_real
</UL>
<BR>[Calls]<UL><LI><a href="#[99]">&gt;&gt;</a>&nbsp;&nbsp;&nbsp;UpdateFlashPID
<LI><a href="#[95]">&gt;&gt;</a>&nbsp;&nbsp;&nbsp;GetPIDfloat
<LI><a href="#[92]">&gt;&gt;</a>&nbsp;&nbsp;&nbsp;controllerSetSpeedPID
<LI><a href="#[90]">&gt;&gt;</a>&nbsp;&nbsp;&nbsp;controllerSetYawRatePID
<LI><a href="#[8f]">&gt;&gt;</a>&nbsp;&nbsp;&nbsp;controllerSetPitchRatePID
<LI><a href="#[8e]">&gt;&gt;</a>&nbsp;&nbsp;&nbsp;controllerSetRollRatePID
<LI><a href="#[8d]">&gt;&gt;</a>&nbsp;&nbsp;&nbsp;controllerSetYawPID
<LI><a href="#[8c]">&gt;&gt;</a>&nbsp;&nbsp;&nbsp;controllerSetPitchPID
<LI><a href="#[8a]">&gt;&gt;</a>&nbsp;&nbsp;&nbsp;controllerSetRollPID
<LI><a href="#[79]">&gt;&gt;</a>&nbsp;&nbsp;&nbsp;LoadFlashPID
<LI><a href="#[4f]">&gt;&gt;</a>&nbsp;&nbsp;&nbsp;GetChar
</UL>
<BR>[Called By]<UL><LI><a href="#[e2]">&gt;&gt;</a>&nbsp;&nbsp;&nbsp;CommandProcess
</UL>

<P><STRONG><a name="[9a]"></a>DATA_FLASH_Write</STRONG> (Thumb, 152 bytes, Stack size 16 bytes, flashctrl.o(.text))
<BR><BR>[Stack]<UL><LI>Max Depth = 16<LI>Call Chain = DATA_FLASH_Write
</UL>
<BR>[Calls]<UL><LI><a href="#[9c]">&gt;&gt;</a>&nbsp;&nbsp;&nbsp;FMC_Open
<LI><a href="#[9f]">&gt;&gt;</a>&nbsp;&nbsp;&nbsp;FMC_Close
<LI><a href="#[a0]">&gt;&gt;</a>&nbsp;&nbsp;&nbsp;SYS_LockReg
<LI><a href="#[9e]">&gt;&gt;</a>&nbsp;&nbsp;&nbsp;FMC_Erase
<LI><a href="#[9d]">&gt;&gt;</a>&nbsp;&nbsp;&nbsp;FMC_Read
<LI><a href="#[9b]">&gt;&gt;</a>&nbsp;&nbsp;&nbsp;SYS_UnlockReg
</UL>
<BR>[Called By]<UL><LI><a href="#[bc]">&gt;&gt;</a>&nbsp;&nbsp;&nbsp;UpdateFlashRxAddress
<LI><a href="#[a8]">&gt;&gt;</a>&nbsp;&nbsp;&nbsp;UpdateBoardVersion
<LI><a href="#[99]">&gt;&gt;</a>&nbsp;&nbsp;&nbsp;UpdateFlashPID
<LI><a href="#[68]">&gt;&gt;</a>&nbsp;&nbsp;&nbsp;UpdateFlashCal
</UL>

<P><STRONG><a name="[a1]"></a>DATA_FLASH_Read</STRONG> (Thumb, 38 bytes, Stack size 16 bytes, flashctrl.o(.text))
<BR><BR>[Stack]<UL><LI>Max Depth = 16<LI>Call Chain = DATA_FLASH_Read
</UL>
<BR>[Calls]<UL><LI><a href="#[9c]">&gt;&gt;</a>&nbsp;&nbsp;&nbsp;FMC_Open
<LI><a href="#[9f]">&gt;&gt;</a>&nbsp;&nbsp;&nbsp;FMC_Close
<LI><a href="#[a0]">&gt;&gt;</a>&nbsp;&nbsp;&nbsp;SYS_LockReg
<LI><a href="#[9d]">&gt;&gt;</a>&nbsp;&nbsp;&nbsp;FMC_Read
<LI><a href="#[9b]">&gt;&gt;</a>&nbsp;&nbsp;&nbsp;SYS_UnlockReg
</UL>
<BR>[Called By]<UL><LI><a href="#[be]">&gt;&gt;</a>&nbsp;&nbsp;&nbsp;GetFlashRxAddress
<LI><a href="#[b2]">&gt;&gt;</a>&nbsp;&nbsp;&nbsp;GetFlashCal
<LI><a href="#[a8]">&gt;&gt;</a>&nbsp;&nbsp;&nbsp;UpdateBoardVersion
<LI><a href="#[7a]">&gt;&gt;</a>&nbsp;&nbsp;&nbsp;GetFlashPID
</UL>

<P><STRONG><a name="[a6]"></a>FlashInit</STRONG> (Thumb, 42 bytes, Stack size 8 bytes, flashctrl.o(.text))
<BR><BR>[Stack]<UL><LI>Max Depth = 40<LI>Call Chain = FlashInit &rArr; SetDataFlashBase &rArr; FMC_WriteConfig
</UL>
<BR>[Calls]<UL><LI><a href="#[a7]">&gt;&gt;</a>&nbsp;&nbsp;&nbsp;FMC_ReadDataFlashBaseAddr
<LI><a href="#[9c]">&gt;&gt;</a>&nbsp;&nbsp;&nbsp;FMC_Open
<LI><a href="#[9f]">&gt;&gt;</a>&nbsp;&nbsp;&nbsp;FMC_Close
<LI><a href="#[a0]">&gt;&gt;</a>&nbsp;&nbsp;&nbsp;SYS_LockReg
<LI><a href="#[a2]">&gt;&gt;</a>&nbsp;&nbsp;&nbsp;SetDataFlashBase
<LI><a href="#[9b]">&gt;&gt;</a>&nbsp;&nbsp;&nbsp;SYS_UnlockReg
<LI><a href="#[72]">&gt;&gt;</a>&nbsp;&nbsp;&nbsp;__2printf
</UL>
<BR>[Called By]<UL><LI><a href="#[d2]">&gt;&gt;</a>&nbsp;&nbsp;&nbsp;setup
</UL>

<P><STRONG><a name="[a8]"></a>UpdateBoardVersion</STRONG> (Thumb, 86 bytes, Stack size 8 bytes, flashctrl.o(.text))
<BR><BR>[Stack]<UL><LI>Max Depth = 32<LI>Call Chain = UpdateBoardVersion &rArr; __2printf
</UL>
<BR>[Calls]<UL><LI><a href="#[9c]">&gt;&gt;</a>&nbsp;&nbsp;&nbsp;FMC_Open
<LI><a href="#[9f]">&gt;&gt;</a>&nbsp;&nbsp;&nbsp;FMC_Close
<LI><a href="#[a1]">&gt;&gt;</a>&nbsp;&nbsp;&nbsp;DATA_FLASH_Read
<LI><a href="#[9a]">&gt;&gt;</a>&nbsp;&nbsp;&nbsp;DATA_FLASH_Write
<LI><a href="#[a0]">&gt;&gt;</a>&nbsp;&nbsp;&nbsp;SYS_LockReg
<LI><a href="#[9b]">&gt;&gt;</a>&nbsp;&nbsp;&nbsp;SYS_UnlockReg
<LI><a href="#[72]">&gt;&gt;</a>&nbsp;&nbsp;&nbsp;__2printf
</UL>
<BR>[Called By]<UL><LI><a href="#[d2]">&gt;&gt;</a>&nbsp;&nbsp;&nbsp;setup
<LI><a href="#[bf]">&gt;&gt;</a>&nbsp;&nbsp;&nbsp;FlashControl
</UL>

<P><STRONG><a name="[ad]"></a>float2dw</STRONG> (Thumb, 12 bytes, Stack size 8 bytes, flashctrl.o(.text))
<BR><BR>[Stack]<UL><LI>Max Depth = 8<LI>Call Chain = float2dw
</UL>
<BR>[Called By]<UL><LI><a href="#[99]">&gt;&gt;</a>&nbsp;&nbsp;&nbsp;UpdateFlashPID
<LI><a href="#[68]">&gt;&gt;</a>&nbsp;&nbsp;&nbsp;UpdateFlashCal
</UL>

<P><STRONG><a name="[b4]"></a>dw2float</STRONG> (Thumb, 10 bytes, Stack size 8 bytes, flashctrl.o(.text))
<BR><BR>[Stack]<UL><LI>Max Depth = 8<LI>Call Chain = dw2float
</UL>
<BR>[Called By]<UL><LI><a href="#[b2]">&gt;&gt;</a>&nbsp;&nbsp;&nbsp;GetFlashCal
<LI><a href="#[7a]">&gt;&gt;</a>&nbsp;&nbsp;&nbsp;GetFlashPID
</UL>

<P><STRONG><a name="[ac]"></a>i162dw</STRONG> (Thumb, 12 bytes, Stack size 8 bytes, flashctrl.o(.text))
<BR><BR>[Stack]<UL><LI>Max Depth = 8<LI>Call Chain = i162dw
</UL>
<BR>[Called By]<UL><LI><a href="#[bc]">&gt;&gt;</a>&nbsp;&nbsp;&nbsp;UpdateFlashRxAddress
<LI><a href="#[99]">&gt;&gt;</a>&nbsp;&nbsp;&nbsp;UpdateFlashPID
<LI><a href="#[68]">&gt;&gt;</a>&nbsp;&nbsp;&nbsp;UpdateFlashCal
</UL>

<P><STRONG><a name="[b3]"></a>dw2i16</STRONG> (Thumb, 16 bytes, Stack size 8 bytes, flashctrl.o(.text))
<BR><BR>[Stack]<UL><LI>Max Depth = 8<LI>Call Chain = dw2i16
</UL>
<BR>[Called By]<UL><LI><a href="#[be]">&gt;&gt;</a>&nbsp;&nbsp;&nbsp;GetFlashRxAddress
<LI><a href="#[b2]">&gt;&gt;</a>&nbsp;&nbsp;&nbsp;GetFlashCal
<LI><a href="#[7a]">&gt;&gt;</a>&nbsp;&nbsp;&nbsp;GetFlashPID
</UL>

<P><STRONG><a name="[2da]"></a>TestFloat</STRONG> (Thumb, 2 bytes, Stack size 0 bytes, flashctrl.o(.text), UNUSED)

<P><STRONG><a name="[2db]"></a>GetBoardVersion</STRONG> (Thumb, 6 bytes, Stack size 0 bytes, flashctrl.o(.text), UNUSED)

<P><STRONG><a name="[2dc]"></a>GetFloatCounter</STRONG> (Thumb, 8 bytes, Stack size 0 bytes, flashctrl.o(.text), UNUSED)

<P><STRONG><a name="[68]"></a>UpdateFlashCal</STRONG> (Thumb, 1326 bytes, Stack size 104 bytes, flashctrl.o(.text))
<BR><BR>[Stack]<UL><LI>Max Depth = 288<LI>Call Chain = UpdateFlashCal &rArr; SensorInitMAG &rArr; nvtSetMagCalMatrix &rArr; SetMagGuass &rArr; __hardfp_sqrt &rArr; _dsqrt &rArr; _double_round
</UL>
<BR>[Calls]<UL><LI><a href="#[b1]">&gt;&gt;</a>&nbsp;&nbsp;&nbsp;nvtGetMagCalMatrix
<LI><a href="#[ab]">&gt;&gt;</a>&nbsp;&nbsp;&nbsp;nvtGetGyroScale
<LI><a href="#[aa]">&gt;&gt;</a>&nbsp;&nbsp;&nbsp;nvtGetGyroOffset
<LI><a href="#[b0]">&gt;&gt;</a>&nbsp;&nbsp;&nbsp;nvtGetAccScale
<LI><a href="#[af]">&gt;&gt;</a>&nbsp;&nbsp;&nbsp;nvtGetAccOffset
<LI><a href="#[ae]">&gt;&gt;</a>&nbsp;&nbsp;&nbsp;__aeabi_f2d
<LI><a href="#[a9]">&gt;&gt;</a>&nbsp;&nbsp;&nbsp;GetFlashState
<LI><a href="#[ac]">&gt;&gt;</a>&nbsp;&nbsp;&nbsp;i162dw
<LI><a href="#[ad]">&gt;&gt;</a>&nbsp;&nbsp;&nbsp;float2dw
<LI><a href="#[9a]">&gt;&gt;</a>&nbsp;&nbsp;&nbsp;DATA_FLASH_Write
<LI><a href="#[73]">&gt;&gt;</a>&nbsp;&nbsp;&nbsp;nvtGetMagCalQFactor
<LI><a href="#[78]">&gt;&gt;</a>&nbsp;&nbsp;&nbsp;SensorInitMAG
<LI><a href="#[72]">&gt;&gt;</a>&nbsp;&nbsp;&nbsp;__2printf
</UL>
<BR>[Called By]<UL><LI><a href="#[bf]">&gt;&gt;</a>&nbsp;&nbsp;&nbsp;FlashControl
<LI><a href="#[74]">&gt;&gt;</a>&nbsp;&nbsp;&nbsp;SensorCalibration
<LI><a href="#[69]">&gt;&gt;</a>&nbsp;&nbsp;&nbsp;GyroCalibration
<LI><a href="#[62]">&gt;&gt;</a>&nbsp;&nbsp;&nbsp;AccCalibration
</UL>

<P><STRONG><a name="[b2]"></a>GetFlashCal</STRONG> (Thumb, 264 bytes, Stack size 32 bytes, flashctrl.o(.text))
<BR><BR>[Stack]<UL><LI>Max Depth = 48<LI>Call Chain = GetFlashCal &rArr; DATA_FLASH_Read
</UL>
<BR>[Calls]<UL><LI><a href="#[b3]">&gt;&gt;</a>&nbsp;&nbsp;&nbsp;dw2i16
<LI><a href="#[b4]">&gt;&gt;</a>&nbsp;&nbsp;&nbsp;dw2float
<LI><a href="#[a1]">&gt;&gt;</a>&nbsp;&nbsp;&nbsp;DATA_FLASH_Read
</UL>
<BR>[Called By]<UL><LI><a href="#[78]">&gt;&gt;</a>&nbsp;&nbsp;&nbsp;SensorInitMAG
<LI><a href="#[192]">&gt;&gt;</a>&nbsp;&nbsp;&nbsp;SensorInitGYRO
<LI><a href="#[18e]">&gt;&gt;</a>&nbsp;&nbsp;&nbsp;SensorInitACC
</UL>

<P><STRONG><a name="[99]"></a>UpdateFlashPID</STRONG> (Thumb, 360 bytes, Stack size 104 bytes, flashctrl.o(.text))
<BR><BR>[Stack]<UL><LI>Max Depth = 120<LI>Call Chain = UpdateFlashPID &rArr; DATA_FLASH_Write
</UL>
<BR>[Calls]<UL><LI><a href="#[ac]">&gt;&gt;</a>&nbsp;&nbsp;&nbsp;i162dw
<LI><a href="#[ad]">&gt;&gt;</a>&nbsp;&nbsp;&nbsp;float2dw
<LI><a href="#[9a]">&gt;&gt;</a>&nbsp;&nbsp;&nbsp;DATA_FLASH_Write
<LI><a href="#[bb]">&gt;&gt;</a>&nbsp;&nbsp;&nbsp;GetAltHoldPID
<LI><a href="#[ba]">&gt;&gt;</a>&nbsp;&nbsp;&nbsp;GetYawRatePID
<LI><a href="#[b9]">&gt;&gt;</a>&nbsp;&nbsp;&nbsp;GetPitchRatePID
<LI><a href="#[b8]">&gt;&gt;</a>&nbsp;&nbsp;&nbsp;GetRollRatePID
<LI><a href="#[b7]">&gt;&gt;</a>&nbsp;&nbsp;&nbsp;GetYawPID
<LI><a href="#[b6]">&gt;&gt;</a>&nbsp;&nbsp;&nbsp;GetPitchPID
<LI><a href="#[b5]">&gt;&gt;</a>&nbsp;&nbsp;&nbsp;GetRollPID
</UL>
<BR>[Called By]<UL><LI><a href="#[bf]">&gt;&gt;</a>&nbsp;&nbsp;&nbsp;FlashControl
<LI><a href="#[98]">&gt;&gt;</a>&nbsp;&nbsp;&nbsp;SetPID
</UL>

<P><STRONG><a name="[7a]"></a>GetFlashPID</STRONG> (Thumb, 78 bytes, Stack size 32 bytes, flashctrl.o(.text))
<BR><BR>[Stack]<UL><LI>Max Depth = 48<LI>Call Chain = GetFlashPID &rArr; DATA_FLASH_Read
</UL>
<BR>[Calls]<UL><LI><a href="#[b3]">&gt;&gt;</a>&nbsp;&nbsp;&nbsp;dw2i16
<LI><a href="#[b4]">&gt;&gt;</a>&nbsp;&nbsp;&nbsp;dw2float
<LI><a href="#[a1]">&gt;&gt;</a>&nbsp;&nbsp;&nbsp;DATA_FLASH_Read
</UL>
<BR>[Called By]<UL><LI><a href="#[79]">&gt;&gt;</a>&nbsp;&nbsp;&nbsp;LoadFlashPID
</UL>

<P><STRONG><a name="[bc]"></a>UpdateFlashRxAddress</STRONG> (Thumb, 58 bytes, Stack size 24 bytes, flashctrl.o(.text), UNUSED)
<BR><BR>[Calls]<UL><LI><a href="#[bd]">&gt;&gt;</a>&nbsp;&nbsp;&nbsp;GetMatchAddress
<LI><a href="#[ac]">&gt;&gt;</a>&nbsp;&nbsp;&nbsp;i162dw
<LI><a href="#[9a]">&gt;&gt;</a>&nbsp;&nbsp;&nbsp;DATA_FLASH_Write
</UL>

<P><STRONG><a name="[be]"></a>GetFlashRxAddress</STRONG> (Thumb, 68 bytes, Stack size 32 bytes, flashctrl.o(.text), UNUSED)
<BR><BR>[Calls]<UL><LI><a href="#[b3]">&gt;&gt;</a>&nbsp;&nbsp;&nbsp;dw2i16
<LI><a href="#[a1]">&gt;&gt;</a>&nbsp;&nbsp;&nbsp;DATA_FLASH_Read
</UL>
<BR>[Called By]<UL><LI><a href="#[1c2]">&gt;&gt;</a>&nbsp;&nbsp;&nbsp;SSV7241_Init
</UL>

<P><STRONG><a name="[bf]"></a>FlashControl</STRONG> (Thumb, 202 bytes, Stack size 16 bytes, flashctrl.o(.text))
<BR><BR>[Stack]<UL><LI>Max Depth = 304<LI>Call Chain = FlashControl &rArr; UpdateFlashCal &rArr; SensorInitMAG &rArr; nvtSetMagCalMatrix &rArr; SetMagGuass &rArr; __hardfp_sqrt &rArr; _dsqrt &rArr; _double_round
</UL>
<BR>[Calls]<UL><LI><a href="#[a8]">&gt;&gt;</a>&nbsp;&nbsp;&nbsp;UpdateBoardVersion
<LI><a href="#[99]">&gt;&gt;</a>&nbsp;&nbsp;&nbsp;UpdateFlashPID
<LI><a href="#[68]">&gt;&gt;</a>&nbsp;&nbsp;&nbsp;UpdateFlashCal
<LI><a href="#[4f]">&gt;&gt;</a>&nbsp;&nbsp;&nbsp;GetChar
<LI><a href="#[72]">&gt;&gt;</a>&nbsp;&nbsp;&nbsp;__2printf
</UL>
<BR>[Called By]<UL><LI><a href="#[e2]">&gt;&gt;</a>&nbsp;&nbsp;&nbsp;CommandProcess
</UL>

<P><STRONG><a name="[c0]"></a>WaitDataReady</STRONG> (Thumb, 34 bytes, Stack size 16 bytes, abrobot.o(.text))
<BR><BR>[Stack]<UL><LI>Max Depth = 20<LI>Call Chain = WaitDataReady &rArr; Serial_available
</UL>
<BR>[Calls]<UL><LI><a href="#[56]">&gt;&gt;</a>&nbsp;&nbsp;&nbsp;Serial_available
</UL>
<BR>[Called By]<UL><LI><a href="#[e2]">&gt;&gt;</a>&nbsp;&nbsp;&nbsp;CommandProcess
</UL>

<P><STRONG><a name="[c1]"></a>setupSystemClock</STRONG> (Thumb, 50 bytes, Stack size 8 bytes, abrobot.o(.text))
<BR><BR>[Stack]<UL><LI>Max Depth = 104<LI>Call Chain = setupSystemClock &rArr; CLK_SetCoreClock &rArr; CLK_EnablePLL &rArr; CLK_GetPLLClockFreq
</UL>
<BR>[Calls]<UL><LI><a href="#[c4]">&gt;&gt;</a>&nbsp;&nbsp;&nbsp;CLK_WaitClockReady
<LI><a href="#[c7]">&gt;&gt;</a>&nbsp;&nbsp;&nbsp;CLK_SetSysTickClockSrc
<LI><a href="#[c5]">&gt;&gt;</a>&nbsp;&nbsp;&nbsp;CLK_SetHCLK
<LI><a href="#[c6]">&gt;&gt;</a>&nbsp;&nbsp;&nbsp;CLK_SetCoreClock
<LI><a href="#[c3]">&gt;&gt;</a>&nbsp;&nbsp;&nbsp;CLK_EnableXtalRC
<LI><a href="#[c2]">&gt;&gt;</a>&nbsp;&nbsp;&nbsp;SYS_UnlockReg
</UL>
<BR>[Called By]<UL><LI><a href="#[d2]">&gt;&gt;</a>&nbsp;&nbsp;&nbsp;setup
</UL>

<P><STRONG><a name="[c8]"></a>setupCommandUART</STRONG> (Thumb, 46 bytes, Stack size 8 bytes, abrobot.o(.text))
<BR><BR>[Stack]<UL><LI>Max Depth = 72<LI>Call Chain = setupCommandUART &rArr; UART_Open &rArr; CLK_GetPLLClockFreq
</UL>
<BR>[Calls]<UL><LI><a href="#[cc]">&gt;&gt;</a>&nbsp;&nbsp;&nbsp;UART_Open
<LI><a href="#[cb]">&gt;&gt;</a>&nbsp;&nbsp;&nbsp;SYS_ResetModule
<LI><a href="#[ca]">&gt;&gt;</a>&nbsp;&nbsp;&nbsp;CLK_SetModuleClock
<LI><a href="#[c9]">&gt;&gt;</a>&nbsp;&nbsp;&nbsp;CLK_EnableModuleClock
</UL>
<BR>[Called By]<UL><LI><a href="#[d1]">&gt;&gt;</a>&nbsp;&nbsp;&nbsp;setupUART
</UL>

<P><STRONG><a name="[cd]"></a>setupRTC</STRONG> (Thumb, 86 bytes, Stack size 8 bytes, abrobot.o(.text))
<BR><BR>[Stack]<UL><LI>Max Depth = 32<LI>Call Chain = setupRTC &rArr; RTC_Open &rArr; RTC_SetDateAndTime
</UL>
<BR>[Calls]<UL><LI><a href="#[d0]">&gt;&gt;</a>&nbsp;&nbsp;&nbsp;RTC_SetTickPeriod
<LI><a href="#[ce]">&gt;&gt;</a>&nbsp;&nbsp;&nbsp;RTC_Open
<LI><a href="#[cf]">&gt;&gt;</a>&nbsp;&nbsp;&nbsp;RTC_32KCalibration
<LI><a href="#[c9]">&gt;&gt;</a>&nbsp;&nbsp;&nbsp;CLK_EnableModuleClock
</UL>
<BR>[Called By]<UL><LI><a href="#[d2]">&gt;&gt;</a>&nbsp;&nbsp;&nbsp;setup
</UL>

<P><STRONG><a name="[d1]"></a>setupUART</STRONG> (Thumb, 16 bytes, Stack size 8 bytes, abrobot.o(.text))
<BR><BR>[Stack]<UL><LI>Max Depth = 80<LI>Call Chain = setupUART &rArr; setupCommandUART &rArr; UART_Open &rArr; CLK_GetPLLClockFreq
</UL>
<BR>[Calls]<UL><LI><a href="#[c8]">&gt;&gt;</a>&nbsp;&nbsp;&nbsp;setupCommandUART
<LI><a href="#[72]">&gt;&gt;</a>&nbsp;&nbsp;&nbsp;__2printf
</UL>
<BR>[Called By]<UL><LI><a href="#[d2]">&gt;&gt;</a>&nbsp;&nbsp;&nbsp;setup
</UL>

<P><STRONG><a name="[d2]"></a>setup</STRONG> (Thumb, 106 bytes, Stack size 8 bytes, abrobot.o(.text))
<BR><BR>[Stack]<UL><LI>Max Depth = 256<LI>Call Chain = setup &rArr; SensorsInit &rArr; SensorInitGYRO &rArr; MPU6050_initialize &rArr; MPU6050_testConnection &rArr; MPU6050_getDeviceID &rArr; I2C_readBits &rArr; I2C_readByte &rArr; I2C_readBytes &rArr; NVT_ReadByteContinue_addr8 &rArr; WaitEndFlag0
</UL>
<BR>[Calls]<UL><LI><a href="#[dd]">&gt;&gt;</a>&nbsp;&nbsp;&nbsp;stabilizerInit
<LI><a href="#[d3]">&gt;&gt;</a>&nbsp;&nbsp;&nbsp;setup_system_tick
<LI><a href="#[df]">&gt;&gt;</a>&nbsp;&nbsp;&nbsp;nvtAHRSInit
<LI><a href="#[db]">&gt;&gt;</a>&nbsp;&nbsp;&nbsp;TIMER_Init
<LI><a href="#[e0]">&gt;&gt;</a>&nbsp;&nbsp;&nbsp;SensorsInit
<LI><a href="#[d8]">&gt;&gt;</a>&nbsp;&nbsp;&nbsp;RC_Init
<LI><a href="#[d6]">&gt;&gt;</a>&nbsp;&nbsp;&nbsp;Laser_init
<LI><a href="#[dc]">&gt;&gt;</a>&nbsp;&nbsp;&nbsp;LED_Init
<LI><a href="#[d9]">&gt;&gt;</a>&nbsp;&nbsp;&nbsp;IsSSVConnected
<LI><a href="#[d5]">&gt;&gt;</a>&nbsp;&nbsp;&nbsp;IR_init
<LI><a href="#[d7]">&gt;&gt;</a>&nbsp;&nbsp;&nbsp;I2C_Init
<LI><a href="#[d4]">&gt;&gt;</a>&nbsp;&nbsp;&nbsp;GPIO_SetMode
<LI><a href="#[da]">&gt;&gt;</a>&nbsp;&nbsp;&nbsp;Battery_Init
<LI><a href="#[de]">&gt;&gt;</a>&nbsp;&nbsp;&nbsp;ABRobotMotorInit
<LI><a href="#[d1]">&gt;&gt;</a>&nbsp;&nbsp;&nbsp;setupUART
<LI><a href="#[cd]">&gt;&gt;</a>&nbsp;&nbsp;&nbsp;setupRTC
<LI><a href="#[c1]">&gt;&gt;</a>&nbsp;&nbsp;&nbsp;setupSystemClock
<LI><a href="#[a8]">&gt;&gt;</a>&nbsp;&nbsp;&nbsp;UpdateBoardVersion
<LI><a href="#[a6]">&gt;&gt;</a>&nbsp;&nbsp;&nbsp;FlashInit
<LI><a href="#[e1]">&gt;&gt;</a>&nbsp;&nbsp;&nbsp;ChronographSet
</UL>
<BR>[Called By]<UL><LI><a href="#[43]">&gt;&gt;</a>&nbsp;&nbsp;&nbsp;main
</UL>

<P><STRONG><a name="[e2]"></a>CommandProcess</STRONG> (Thumb, 1172 bytes, Stack size 40 bytes, abrobot.o(.text))
<BR><BR>[Stack]<UL><LI>Max Depth = 712<LI>Call Chain = CommandProcess &rArr; SensorCalibration &rArr; GyroCalibration &rArr; nvtGyroScaleCalibrate &rArr; GyroScaleCalibrate &rArr; GyroDynamicCalibrate &rArr; CheckGyroNormalParam &rArr; quickSortIterative &rArr; partition
</UL>
<BR>[Calls]<UL><LI><a href="#[e4]">&gt;&gt;</a>&nbsp;&nbsp;&nbsp;report_status
<LI><a href="#[ea]">&gt;&gt;</a>&nbsp;&nbsp;&nbsp;UART_Write
<LI><a href="#[e6]">&gt;&gt;</a>&nbsp;&nbsp;&nbsp;SetRemoteControl
<LI><a href="#[e5]">&gt;&gt;</a>&nbsp;&nbsp;&nbsp;SetMotorCal
<LI><a href="#[57]">&gt;&gt;</a>&nbsp;&nbsp;&nbsp;Serial_read
<LI><a href="#[56]">&gt;&gt;</a>&nbsp;&nbsp;&nbsp;Serial_available
<LI><a href="#[eb]">&gt;&gt;</a>&nbsp;&nbsp;&nbsp;SendIR
<LI><a href="#[ec]">&gt;&gt;</a>&nbsp;&nbsp;&nbsp;SYS_ResetChip
<LI><a href="#[e9]">&gt;&gt;</a>&nbsp;&nbsp;&nbsp;RTC_SetTime
<LI><a href="#[e8]">&gt;&gt;</a>&nbsp;&nbsp;&nbsp;RTC_SetDate
<LI><a href="#[e7]">&gt;&gt;</a>&nbsp;&nbsp;&nbsp;GetBattery
<LI><a href="#[e3]">&gt;&gt;</a>&nbsp;&nbsp;&nbsp;CheckVersion
<LI><a href="#[c0]">&gt;&gt;</a>&nbsp;&nbsp;&nbsp;WaitDataReady
<LI><a href="#[c2]">&gt;&gt;</a>&nbsp;&nbsp;&nbsp;SYS_UnlockReg
<LI><a href="#[bf]">&gt;&gt;</a>&nbsp;&nbsp;&nbsp;FlashControl
<LI><a href="#[98]">&gt;&gt;</a>&nbsp;&nbsp;&nbsp;SetPID
<LI><a href="#[58]">&gt;&gt;</a>&nbsp;&nbsp;&nbsp;Serial_write
<LI><a href="#[4f]">&gt;&gt;</a>&nbsp;&nbsp;&nbsp;GetChar
<LI><a href="#[74]">&gt;&gt;</a>&nbsp;&nbsp;&nbsp;SensorCalibration
<LI><a href="#[72]">&gt;&gt;</a>&nbsp;&nbsp;&nbsp;__2printf
</UL>
<BR>[Called By]<UL><LI><a href="#[ed]">&gt;&gt;</a>&nbsp;&nbsp;&nbsp;loop
</UL>

<P><STRONG><a name="[ed]"></a>loop</STRONG> (Thumb, 206 bytes, Stack size 8 bytes, abrobot.o(.text))
<BR><BR>[Stack]<UL><LI>Max Depth = 720<LI>Call Chain = loop &rArr; CommandProcess &rArr; SensorCalibration &rArr; GyroCalibration &rArr; nvtGyroScaleCalibrate &rArr; GyroScaleCalibrate &rArr; GyroDynamicCalibrate &rArr; CheckGyroNormalParam &rArr; quickSortIterative &rArr; partition
</UL>
<BR>[Calls]<UL><LI><a href="#[fc]">&gt;&gt;</a>&nbsp;&nbsp;&nbsp;stabilizer
<LI><a href="#[ef]">&gt;&gt;</a>&nbsp;&nbsp;&nbsp;ssv_rc_update
<LI><a href="#[f9]">&gt;&gt;</a>&nbsp;&nbsp;&nbsp;report_sensors
<LI><a href="#[f7]">&gt;&gt;</a>&nbsp;&nbsp;&nbsp;nvtUpdateAHRS
<LI><a href="#[fb]">&gt;&gt;</a>&nbsp;&nbsp;&nbsp;motorsStart
<LI><a href="#[ee]">&gt;&gt;</a>&nbsp;&nbsp;&nbsp;getTickCount
<LI><a href="#[f5]">&gt;&gt;</a>&nbsp;&nbsp;&nbsp;getMagMode
<LI><a href="#[f3]">&gt;&gt;</a>&nbsp;&nbsp;&nbsp;computeRC
<LI><a href="#[f4]">&gt;&gt;</a>&nbsp;&nbsp;&nbsp;armDetect
<LI><a href="#[f0]">&gt;&gt;</a>&nbsp;&nbsp;&nbsp;UpdateBattery
<LI><a href="#[f2]">&gt;&gt;</a>&nbsp;&nbsp;&nbsp;SensorsDynamicCalibrate
<LI><a href="#[d9]">&gt;&gt;</a>&nbsp;&nbsp;&nbsp;IsSSVConnected
<LI><a href="#[fa]">&gt;&gt;</a>&nbsp;&nbsp;&nbsp;IncFrameCount
<LI><a href="#[f6]">&gt;&gt;</a>&nbsp;&nbsp;&nbsp;GetSensorCalState
<LI><a href="#[f8]">&gt;&gt;</a>&nbsp;&nbsp;&nbsp;GetFrameCount
<LI><a href="#[e2]">&gt;&gt;</a>&nbsp;&nbsp;&nbsp;CommandProcess
<LI><a href="#[6d]">&gt;&gt;</a>&nbsp;&nbsp;&nbsp;UpdateLED
<LI><a href="#[66]">&gt;&gt;</a>&nbsp;&nbsp;&nbsp;SensorsRead
<LI><a href="#[e1]">&gt;&gt;</a>&nbsp;&nbsp;&nbsp;ChronographSet
<LI><a href="#[f1]">&gt;&gt;</a>&nbsp;&nbsp;&nbsp;ChronographRead
</UL>
<BR>[Called By]<UL><LI><a href="#[43]">&gt;&gt;</a>&nbsp;&nbsp;&nbsp;main
</UL>

<P><STRONG><a name="[43]"></a>main</STRONG> (Thumb, 12 bytes, Stack size 0 bytes, abrobot.o(.text))
<BR><BR>[Stack]<UL><LI>Max Depth = 720<LI>Call Chain = main &rArr; loop &rArr; CommandProcess &rArr; SensorCalibration &rArr; GyroCalibration &rArr; nvtGyroScaleCalibrate &rArr; GyroScaleCalibrate &rArr; GyroDynamicCalibrate &rArr; CheckGyroNormalParam &rArr; quickSortIterative &rArr; partition
</UL>
<BR>[Calls]<UL><LI><a href="#[ed]">&gt;&gt;</a>&nbsp;&nbsp;&nbsp;loop
<LI><a href="#[d2]">&gt;&gt;</a>&nbsp;&nbsp;&nbsp;setup
</UL>
<BR>[Address Reference Count : 1]<UL><LI> entry8.o(.ARM.Collect$$$$00000009)
</UL>
<P><STRONG><a name="[d7]"></a>I2C_Init</STRONG> (Thumb, 8 bytes, Stack size 8 bytes, i2cdev.o(.text))
<BR><BR>[Stack]<UL><LI>Max Depth = 40<LI>Call Chain = I2C_Init &rArr; NVT_I2C_Init &rArr; __2printf
</UL>
<BR>[Calls]<UL><LI><a href="#[fd]">&gt;&gt;</a>&nbsp;&nbsp;&nbsp;NVT_I2C_Init
</UL>
<BR>[Called By]<UL><LI><a href="#[d2]">&gt;&gt;</a>&nbsp;&nbsp;&nbsp;setup
</UL>

<P><STRONG><a name="[fe]"></a>I2C_readBytes</STRONG> (Thumb, 52 bytes, Stack size 32 bytes, i2cdev.o(.text))
<BR><BR>[Stack]<UL><LI>Max Depth = 72<LI>Call Chain = I2C_readBytes &rArr; NVT_ReadByteContinue_addr8 &rArr; WaitEndFlag0
</UL>
<BR>[Calls]<UL><LI><a href="#[ff]">&gt;&gt;</a>&nbsp;&nbsp;&nbsp;NVT_SetDeviceAddress
<LI><a href="#[100]">&gt;&gt;</a>&nbsp;&nbsp;&nbsp;NVT_ReadByteContinue_addr8
</UL>
<BR>[Called By]<UL><LI><a href="#[12f]">&gt;&gt;</a>&nbsp;&nbsp;&nbsp;MPU6050_getRotationZ
<LI><a href="#[12e]">&gt;&gt;</a>&nbsp;&nbsp;&nbsp;MPU6050_getRotationY
<LI><a href="#[12d]">&gt;&gt;</a>&nbsp;&nbsp;&nbsp;MPU6050_getRotationX
<LI><a href="#[12c]">&gt;&gt;</a>&nbsp;&nbsp;&nbsp;MPU6050_getRotation
<LI><a href="#[12b]">&gt;&gt;</a>&nbsp;&nbsp;&nbsp;MPU6050_getTemperature
<LI><a href="#[12a]">&gt;&gt;</a>&nbsp;&nbsp;&nbsp;MPU6050_getAccelerationZ
<LI><a href="#[129]">&gt;&gt;</a>&nbsp;&nbsp;&nbsp;MPU6050_getAccelerationY
<LI><a href="#[128]">&gt;&gt;</a>&nbsp;&nbsp;&nbsp;MPU6050_getAccelerationX
<LI><a href="#[127]">&gt;&gt;</a>&nbsp;&nbsp;&nbsp;MPU6050_getAcceleration
<LI><a href="#[125]">&gt;&gt;</a>&nbsp;&nbsp;&nbsp;MPU6050_getMotion6
<LI><a href="#[101]">&gt;&gt;</a>&nbsp;&nbsp;&nbsp;I2C_readByte
</UL>

<P><STRONG><a name="[101]"></a>I2C_readByte</STRONG> (Thumb, 26 bytes, Stack size 24 bytes, i2cdev.o(.text))
<BR><BR>[Stack]<UL><LI>Max Depth = 96<LI>Call Chain = I2C_readByte &rArr; I2C_readBytes &rArr; NVT_ReadByteContinue_addr8 &rArr; WaitEndFlag0
</UL>
<BR>[Calls]<UL><LI><a href="#[fe]">&gt;&gt;</a>&nbsp;&nbsp;&nbsp;I2C_readBytes
</UL>
<BR>[Called By]<UL><LI><a href="#[118]">&gt;&gt;</a>&nbsp;&nbsp;&nbsp;MPU6050_getRate
<LI><a href="#[10c]">&gt;&gt;</a>&nbsp;&nbsp;&nbsp;I2C_writeBits
<LI><a href="#[10b]">&gt;&gt;</a>&nbsp;&nbsp;&nbsp;I2C_writeBit
<LI><a href="#[102]">&gt;&gt;</a>&nbsp;&nbsp;&nbsp;I2C_readBits
<LI><a href="#[103]">&gt;&gt;</a>&nbsp;&nbsp;&nbsp;I2C_readBit
</UL>

<P><STRONG><a name="[102]"></a>I2C_readBits</STRONG> (Thumb, 88 bytes, Stack size 40 bytes, i2cdev.o(.text))
<BR><BR>[Stack]<UL><LI>Max Depth = 136<LI>Call Chain = I2C_readBits &rArr; I2C_readByte &rArr; I2C_readBytes &rArr; NVT_ReadByteContinue_addr8 &rArr; WaitEndFlag0
</UL>
<BR>[Calls]<UL><LI><a href="#[101]">&gt;&gt;</a>&nbsp;&nbsp;&nbsp;I2C_readByte
</UL>
<BR>[Called By]<UL><LI><a href="#[13e]">&gt;&gt;</a>&nbsp;&nbsp;&nbsp;MPU6050_getDeviceID
<LI><a href="#[13c]">&gt;&gt;</a>&nbsp;&nbsp;&nbsp;MPU6050_getClockSource
<LI><a href="#[134]">&gt;&gt;</a>&nbsp;&nbsp;&nbsp;MPU6050_getMotionDetectionCounterDecrement
<LI><a href="#[132]">&gt;&gt;</a>&nbsp;&nbsp;&nbsp;MPU6050_getFreefallDetectionCounterDecrement
<LI><a href="#[120]">&gt;&gt;</a>&nbsp;&nbsp;&nbsp;MPU6050_getFullScaleAccelRange
<LI><a href="#[11e]">&gt;&gt;</a>&nbsp;&nbsp;&nbsp;MPU6050_getFullScaleGyroRange
<LI><a href="#[11c]">&gt;&gt;</a>&nbsp;&nbsp;&nbsp;MPU6050_getDLPFMode
<LI><a href="#[11a]">&gt;&gt;</a>&nbsp;&nbsp;&nbsp;MPU6050_getExternalFrameSync
</UL>

<P><STRONG><a name="[103]"></a>I2C_readBit</STRONG> (Thumb, 52 bytes, Stack size 32 bytes, i2cdev.o(.text), UNUSED)
<BR><BR>[Calls]<UL><LI><a href="#[101]">&gt;&gt;</a>&nbsp;&nbsp;&nbsp;I2C_readByte
</UL>
<BR>[Called By]<UL><LI><a href="#[139]">&gt;&gt;</a>&nbsp;&nbsp;&nbsp;MPU6050_getSleepEnabled
<LI><a href="#[130]">&gt;&gt;</a>&nbsp;&nbsp;&nbsp;MPU6050_getYNegMotionDetected
<LI><a href="#[124]">&gt;&gt;</a>&nbsp;&nbsp;&nbsp;MPU6050_getIntDataReadyStatus
<LI><a href="#[123]">&gt;&gt;</a>&nbsp;&nbsp;&nbsp;MPU6050_getIntI2CMasterStatus
<LI><a href="#[116]">&gt;&gt;</a>&nbsp;&nbsp;&nbsp;MPU6050_getAuxVDDIOLevel
</UL>

<P><STRONG><a name="[105]"></a>I2C_readWords</STRONG> (Thumb, 10 bytes, Stack size 12 bytes, i2cdev.o(.text), UNUSED)
<BR><BR>[Called By]<UL><LI><a href="#[104]">&gt;&gt;</a>&nbsp;&nbsp;&nbsp;I2C_readWord
</UL>

<P><STRONG><a name="[104]"></a>I2C_readWord</STRONG> (Thumb, 26 bytes, Stack size 24 bytes, i2cdev.o(.text), UNUSED)
<BR><BR>[Calls]<UL><LI><a href="#[105]">&gt;&gt;</a>&nbsp;&nbsp;&nbsp;I2C_readWords
</UL>
<BR>[Called By]<UL><LI><a href="#[10f]">&gt;&gt;</a>&nbsp;&nbsp;&nbsp;I2C_writeBitW
<LI><a href="#[107]">&gt;&gt;</a>&nbsp;&nbsp;&nbsp;I2C_readBitsW
<LI><a href="#[106]">&gt;&gt;</a>&nbsp;&nbsp;&nbsp;I2C_readBitW
</UL>

<P><STRONG><a name="[106]"></a>I2C_readBitW</STRONG> (Thumb, 56 bytes, Stack size 32 bytes, i2cdev.o(.text), UNUSED)
<BR><BR>[Calls]<UL><LI><a href="#[104]">&gt;&gt;</a>&nbsp;&nbsp;&nbsp;I2C_readWord
</UL>

<P><STRONG><a name="[107]"></a>I2C_readBitsW</STRONG> (Thumb, 88 bytes, Stack size 36 bytes, i2cdev.o(.text), UNUSED)
<BR><BR>[Calls]<UL><LI><a href="#[104]">&gt;&gt;</a>&nbsp;&nbsp;&nbsp;I2C_readWord
</UL>

<P><STRONG><a name="[108]"></a>I2C_writeBytes</STRONG> (Thumb, 34 bytes, Stack size 24 bytes, i2cdev.o(.text))
<BR><BR>[Stack]<UL><LI>Max Depth = 56<LI>Call Chain = I2C_writeBytes &rArr; NVT_WriteByteContinue_addr8 &rArr; WaitEndFlag0
</UL>
<BR>[Calls]<UL><LI><a href="#[109]">&gt;&gt;</a>&nbsp;&nbsp;&nbsp;NVT_WriteByteContinue_addr8
<LI><a href="#[ff]">&gt;&gt;</a>&nbsp;&nbsp;&nbsp;NVT_SetDeviceAddress
</UL>
<BR>[Called By]<UL><LI><a href="#[10a]">&gt;&gt;</a>&nbsp;&nbsp;&nbsp;I2C_writeByte
</UL>

<P><STRONG><a name="[10a]"></a>I2C_writeByte</STRONG> (Thumb, 20 bytes, Stack size 24 bytes, i2cdev.o(.text))
<BR><BR>[Stack]<UL><LI>Max Depth = 80<LI>Call Chain = I2C_writeByte &rArr; I2C_writeBytes &rArr; NVT_WriteByteContinue_addr8 &rArr; WaitEndFlag0
</UL>
<BR>[Calls]<UL><LI><a href="#[108]">&gt;&gt;</a>&nbsp;&nbsp;&nbsp;I2C_writeBytes
</UL>
<BR>[Called By]<UL><LI><a href="#[119]">&gt;&gt;</a>&nbsp;&nbsp;&nbsp;MPU6050_setRate
<LI><a href="#[10c]">&gt;&gt;</a>&nbsp;&nbsp;&nbsp;I2C_writeBits
<LI><a href="#[10b]">&gt;&gt;</a>&nbsp;&nbsp;&nbsp;I2C_writeBit
</UL>

<P><STRONG><a name="[10b]"></a>I2C_writeBit</STRONG> (Thumb, 66 bytes, Stack size 24 bytes, i2cdev.o(.text))
<BR><BR>[Stack]<UL><LI>Max Depth = 120<LI>Call Chain = I2C_writeBit &rArr; I2C_readByte &rArr; I2C_readBytes &rArr; NVT_ReadByteContinue_addr8 &rArr; WaitEndFlag0
</UL>
<BR>[Calls]<UL><LI><a href="#[10a]">&gt;&gt;</a>&nbsp;&nbsp;&nbsp;I2C_writeByte
<LI><a href="#[101]">&gt;&gt;</a>&nbsp;&nbsp;&nbsp;I2C_readByte
</UL>
<BR>[Called By]<UL><LI><a href="#[13b]">&gt;&gt;</a>&nbsp;&nbsp;&nbsp;MPU6050_setTempSensorEnabled
<LI><a href="#[13a]">&gt;&gt;</a>&nbsp;&nbsp;&nbsp;MPU6050_setSleepEnabled
<LI><a href="#[138]">&gt;&gt;</a>&nbsp;&nbsp;&nbsp;MPU6050_reset
<LI><a href="#[137]">&gt;&gt;</a>&nbsp;&nbsp;&nbsp;MPU6050_resetSensors
<LI><a href="#[136]">&gt;&gt;</a>&nbsp;&nbsp;&nbsp;MPU6050_setI2CMasterModeEnabled
<LI><a href="#[131]">&gt;&gt;</a>&nbsp;&nbsp;&nbsp;MPU6050_resetTemperaturePath
<LI><a href="#[122]">&gt;&gt;</a>&nbsp;&nbsp;&nbsp;MPU6050_setI2CBypassEnabled
<LI><a href="#[117]">&gt;&gt;</a>&nbsp;&nbsp;&nbsp;MPU6050_setAuxVDDIOLevel
</UL>

<P><STRONG><a name="[10c]"></a>I2C_writeBits</STRONG> (Thumb, 90 bytes, Stack size 32 bytes, i2cdev.o(.text))
<BR><BR>[Stack]<UL><LI>Max Depth = 128<LI>Call Chain = I2C_writeBits &rArr; I2C_readByte &rArr; I2C_readBytes &rArr; NVT_ReadByteContinue_addr8 &rArr; WaitEndFlag0
</UL>
<BR>[Calls]<UL><LI><a href="#[10a]">&gt;&gt;</a>&nbsp;&nbsp;&nbsp;I2C_writeByte
<LI><a href="#[101]">&gt;&gt;</a>&nbsp;&nbsp;&nbsp;I2C_readByte
</UL>
<BR>[Called By]<UL><LI><a href="#[13f]">&gt;&gt;</a>&nbsp;&nbsp;&nbsp;MPU6050_setDeviceID
<LI><a href="#[13d]">&gt;&gt;</a>&nbsp;&nbsp;&nbsp;MPU6050_setClockSource
<LI><a href="#[135]">&gt;&gt;</a>&nbsp;&nbsp;&nbsp;MPU6050_setMotionDetectionCounterDecrement
<LI><a href="#[133]">&gt;&gt;</a>&nbsp;&nbsp;&nbsp;MPU6050_setFreefallDetectionCounterDecrement
<LI><a href="#[121]">&gt;&gt;</a>&nbsp;&nbsp;&nbsp;MPU6050_setFullScaleAccelRange
<LI><a href="#[11f]">&gt;&gt;</a>&nbsp;&nbsp;&nbsp;MPU6050_setFullScaleGyroRange
<LI><a href="#[11d]">&gt;&gt;</a>&nbsp;&nbsp;&nbsp;MPU6050_setDLPFMode
<LI><a href="#[11b]">&gt;&gt;</a>&nbsp;&nbsp;&nbsp;MPU6050_setExternalFrameSync
</UL>

<P><STRONG><a name="[10e]"></a>I2C_writeWords</STRONG> (Thumb, 8 bytes, Stack size 8 bytes, i2cdev.o(.text), UNUSED)
<BR><BR>[Called By]<UL><LI><a href="#[10d]">&gt;&gt;</a>&nbsp;&nbsp;&nbsp;I2C_writeWord
</UL>

<P><STRONG><a name="[10d]"></a>I2C_writeWord</STRONG> (Thumb, 20 bytes, Stack size 24 bytes, i2cdev.o(.text), UNUSED)
<BR><BR>[Calls]<UL><LI><a href="#[10e]">&gt;&gt;</a>&nbsp;&nbsp;&nbsp;I2C_writeWords
</UL>
<BR>[Called By]<UL><LI><a href="#[10f]">&gt;&gt;</a>&nbsp;&nbsp;&nbsp;I2C_writeBitW
</UL>

<P><STRONG><a name="[10f]"></a>I2C_writeBitW</STRONG> (Thumb, 66 bytes, Stack size 24 bytes, i2cdev.o(.text), UNUSED)
<BR><BR>[Calls]<UL><LI><a href="#[10d]">&gt;&gt;</a>&nbsp;&nbsp;&nbsp;I2C_writeWord
<LI><a href="#[104]">&gt;&gt;</a>&nbsp;&nbsp;&nbsp;I2C_readWord
</UL>

<P><STRONG><a name="[2dd]"></a>I2C_writeBitsW</STRONG> (Thumb, 10 bytes, Stack size 12 bytes, i2cdev.o(.text), UNUSED)

<P><STRONG><a name="[110]"></a>PWM_ConfigOutputChannelf</STRONG> (Thumb, 342 bytes, Stack size 48 bytes, motors.o(.text))
<BR><BR>[Stack]<UL><LI>Max Depth = 88<LI>Call Chain = PWM_ConfigOutputChannelf &rArr; SystemCoreClockUpdate &rArr; CLK_GetPLLClockFreq
</UL>
<BR>[Calls]<UL><LI><a href="#[111]">&gt;&gt;</a>&nbsp;&nbsp;&nbsp;CLK_GetPLLClockFreq
<LI><a href="#[5f]">&gt;&gt;</a>&nbsp;&nbsp;&nbsp;SystemCoreClockUpdate
</UL>
<BR>[Called By]<UL><LI><a href="#[113]">&gt;&gt;</a>&nbsp;&nbsp;&nbsp;motorsInit
</UL>

<P><STRONG><a name="[fb]"></a>motorsStart</STRONG> (Thumb, 36 bytes, Stack size 8 bytes, motors.o(.text))
<BR><BR>[Stack]<UL><LI>Max Depth = 8<LI>Call Chain = motorsStart
</UL>
<BR>[Calls]<UL><LI><a href="#[112]">&gt;&gt;</a>&nbsp;&nbsp;&nbsp;PWM_Start
</UL>
<BR>[Called By]<UL><LI><a href="#[ed]">&gt;&gt;</a>&nbsp;&nbsp;&nbsp;loop
</UL>

<P><STRONG><a name="[114]"></a>motorsSetRatio</STRONG> (Thumb, 76 bytes, Stack size 8 bytes, motors.o(.text))
<BR><BR>[Stack]<UL><LI>Max Depth = 8<LI>Call Chain = motorsSetRatio
</UL>
<BR>[Called By]<UL><LI><a href="#[113]">&gt;&gt;</a>&nbsp;&nbsp;&nbsp;motorsInit
<LI><a href="#[1a6]">&gt;&gt;</a>&nbsp;&nbsp;&nbsp;distributePower
</UL>

<P><STRONG><a name="[113]"></a>motorsInit</STRONG> (Thumb, 180 bytes, Stack size 8 bytes, motors.o(.text))
<BR><BR>[Stack]<UL><LI>Max Depth = 96<LI>Call Chain = motorsInit &rArr; PWM_ConfigOutputChannelf &rArr; SystemCoreClockUpdate &rArr; CLK_GetPLLClockFreq
</UL>
<BR>[Calls]<UL><LI><a href="#[115]">&gt;&gt;</a>&nbsp;&nbsp;&nbsp;PWM_EnableOutput
<LI><a href="#[114]">&gt;&gt;</a>&nbsp;&nbsp;&nbsp;motorsSetRatio
<LI><a href="#[110]">&gt;&gt;</a>&nbsp;&nbsp;&nbsp;PWM_ConfigOutputChannelf
<LI><a href="#[ca]">&gt;&gt;</a>&nbsp;&nbsp;&nbsp;CLK_SetModuleClock
<LI><a href="#[c9]">&gt;&gt;</a>&nbsp;&nbsp;&nbsp;CLK_EnableModuleClock
</UL>
<BR>[Called By]<UL><LI><a href="#[dd]">&gt;&gt;</a>&nbsp;&nbsp;&nbsp;stabilizerInit
</UL>

<P><STRONG><a name="[de]"></a>ABRobotMotorInit</STRONG> (Thumb, 82 bytes, Stack size 8 bytes, motors.o(.text))
<BR><BR>[Stack]<UL><LI>Max Depth = 24<LI>Call Chain = ABRobotMotorInit &rArr; GPIO_SetMode
</UL>
<BR>[Calls]<UL><LI><a href="#[d4]">&gt;&gt;</a>&nbsp;&nbsp;&nbsp;GPIO_SetMode
</UL>
<BR>[Called By]<UL><LI><a href="#[d2]">&gt;&gt;</a>&nbsp;&nbsp;&nbsp;setup
</UL>

<P><STRONG><a name="[e5]"></a>SetMotorCal</STRONG> (Thumb, 94 bytes, Stack size 16 bytes, motors.o(.text))
<BR><BR>[Stack]<UL><LI>Max Depth = 256<LI>Call Chain = SetMotorCal &rArr; GetPIDfloat &rArr; __hardfp_atof &rArr; __strtod_int &rArr; _local_sscanf &rArr; _scanf_real
</UL>
<BR>[Calls]<UL><LI><a href="#[95]">&gt;&gt;</a>&nbsp;&nbsp;&nbsp;GetPIDfloat
<LI><a href="#[4f]">&gt;&gt;</a>&nbsp;&nbsp;&nbsp;GetChar
</UL>
<BR>[Called By]<UL><LI><a href="#[e2]">&gt;&gt;</a>&nbsp;&nbsp;&nbsp;CommandProcess
</UL>

<P><STRONG><a name="[1a7]"></a>GetMotorCal</STRONG> (Thumb, 4 bytes, Stack size 0 bytes, motors.o(.text))
<BR><BR>[Called By]<UL><LI><a href="#[1a6]">&gt;&gt;</a>&nbsp;&nbsp;&nbsp;distributePower
</UL>

<P><STRONG><a name="[2de]"></a>MPU6050_pgm_read_byte</STRONG> (Thumb, 6 bytes, Stack size 0 bytes, mpu6050.o(.text), UNUSED)

<P><STRONG><a name="[116]"></a>MPU6050_getAuxVDDIOLevel</STRONG> (Thumb, 26 bytes, Stack size 8 bytes, mpu6050.o(.text), UNUSED)
<BR><BR>[Calls]<UL><LI><a href="#[103]">&gt;&gt;</a>&nbsp;&nbsp;&nbsp;I2C_readBit
</UL>

<P><STRONG><a name="[117]"></a>MPU6050_setAuxVDDIOLevel</STRONG> (Thumb, 20 bytes, Stack size 8 bytes, mpu6050.o(.text), UNUSED)
<BR><BR>[Calls]<UL><LI><a href="#[10b]">&gt;&gt;</a>&nbsp;&nbsp;&nbsp;I2C_writeBit
</UL>

<P><STRONG><a name="[118]"></a>MPU6050_getRate</STRONG> (Thumb, 22 bytes, Stack size 8 bytes, mpu6050.o(.text), UNUSED)
<BR><BR>[Calls]<UL><LI><a href="#[101]">&gt;&gt;</a>&nbsp;&nbsp;&nbsp;I2C_readByte
</UL>

<P><STRONG><a name="[119]"></a>MPU6050_setRate</STRONG> (Thumb, 18 bytes, Stack size 8 bytes, mpu6050.o(.text))
<BR><BR>[Stack]<UL><LI>Max Depth = 88<LI>Call Chain = MPU6050_setRate &rArr; I2C_writeByte &rArr; I2C_writeBytes &rArr; NVT_WriteByteContinue_addr8 &rArr; WaitEndFlag0
</UL>
<BR>[Calls]<UL><LI><a href="#[10a]">&gt;&gt;</a>&nbsp;&nbsp;&nbsp;I2C_writeByte
</UL>
<BR>[Called By]<UL><LI><a href="#[141]">&gt;&gt;</a>&nbsp;&nbsp;&nbsp;MPU6050_initialize
</UL>

<P><STRONG><a name="[11a]"></a>MPU6050_getExternalFrameSync</STRONG> (Thumb, 30 bytes, Stack size 16 bytes, mpu6050.o(.text), UNUSED)
<BR><BR>[Calls]<UL><LI><a href="#[102]">&gt;&gt;</a>&nbsp;&nbsp;&nbsp;I2C_readBits
</UL>

<P><STRONG><a name="[11b]"></a>MPU6050_setExternalFrameSync</STRONG> (Thumb, 22 bytes, Stack size 16 bytes, mpu6050.o(.text), UNUSED)
<BR><BR>[Calls]<UL><LI><a href="#[10c]">&gt;&gt;</a>&nbsp;&nbsp;&nbsp;I2C_writeBits
</UL>

<P><STRONG><a name="[11c]"></a>MPU6050_getDLPFMode</STRONG> (Thumb, 30 bytes, Stack size 16 bytes, mpu6050.o(.text), UNUSED)
<BR><BR>[Calls]<UL><LI><a href="#[102]">&gt;&gt;</a>&nbsp;&nbsp;&nbsp;I2C_readBits
</UL>

<P><STRONG><a name="[11d]"></a>MPU6050_setDLPFMode</STRONG> (Thumb, 22 bytes, Stack size 16 bytes, mpu6050.o(.text))
<BR><BR>[Stack]<UL><LI>Max Depth = 144<LI>Call Chain = MPU6050_setDLPFMode &rArr; I2C_writeBits &rArr; I2C_readByte &rArr; I2C_readBytes &rArr; NVT_ReadByteContinue_addr8 &rArr; WaitEndFlag0
</UL>
<BR>[Calls]<UL><LI><a href="#[10c]">&gt;&gt;</a>&nbsp;&nbsp;&nbsp;I2C_writeBits
</UL>
<BR>[Called By]<UL><LI><a href="#[141]">&gt;&gt;</a>&nbsp;&nbsp;&nbsp;MPU6050_initialize
</UL>

<P><STRONG><a name="[11e]"></a>MPU6050_getFullScaleGyroRange</STRONG> (Thumb, 30 bytes, Stack size 16 bytes, mpu6050.o(.text), UNUSED)
<BR><BR>[Calls]<UL><LI><a href="#[102]">&gt;&gt;</a>&nbsp;&nbsp;&nbsp;I2C_readBits
</UL>

<P><STRONG><a name="[11f]"></a>MPU6050_setFullScaleGyroRange</STRONG> (Thumb, 22 bytes, Stack size 16 bytes, mpu6050.o(.text))
<BR><BR>[Stack]<UL><LI>Max Depth = 144<LI>Call Chain = MPU6050_setFullScaleGyroRange &rArr; I2C_writeBits &rArr; I2C_readByte &rArr; I2C_readBytes &rArr; NVT_ReadByteContinue_addr8 &rArr; WaitEndFlag0
</UL>
<BR>[Calls]<UL><LI><a href="#[10c]">&gt;&gt;</a>&nbsp;&nbsp;&nbsp;I2C_writeBits
</UL>
<BR>[Called By]<UL><LI><a href="#[141]">&gt;&gt;</a>&nbsp;&nbsp;&nbsp;MPU6050_initialize
</UL>

<P><STRONG><a name="[120]"></a>MPU6050_getFullScaleAccelRange</STRONG> (Thumb, 30 bytes, Stack size 16 bytes, mpu6050.o(.text), UNUSED)
<BR><BR>[Calls]<UL><LI><a href="#[102]">&gt;&gt;</a>&nbsp;&nbsp;&nbsp;I2C_readBits
</UL>

<P><STRONG><a name="[121]"></a>MPU6050_setFullScaleAccelRange</STRONG> (Thumb, 22 bytes, Stack size 16 bytes, mpu6050.o(.text))
<BR><BR>[Stack]<UL><LI>Max Depth = 144<LI>Call Chain = MPU6050_setFullScaleAccelRange &rArr; I2C_writeBits &rArr; I2C_readByte &rArr; I2C_readBytes &rArr; NVT_ReadByteContinue_addr8 &rArr; WaitEndFlag0
</UL>
<BR>[Calls]<UL><LI><a href="#[10c]">&gt;&gt;</a>&nbsp;&nbsp;&nbsp;I2C_writeBits
</UL>
<BR>[Called By]<UL><LI><a href="#[141]">&gt;&gt;</a>&nbsp;&nbsp;&nbsp;MPU6050_initialize
</UL>

<P><STRONG><a name="[122]"></a>MPU6050_setI2CBypassEnabled</STRONG> (Thumb, 20 bytes, Stack size 8 bytes, mpu6050.o(.text))
<BR><BR>[Stack]<UL><LI>Max Depth = 128<LI>Call Chain = MPU6050_setI2CBypassEnabled &rArr; I2C_writeBit &rArr; I2C_readByte &rArr; I2C_readBytes &rArr; NVT_ReadByteContinue_addr8 &rArr; WaitEndFlag0
</UL>
<BR>[Calls]<UL><LI><a href="#[10b]">&gt;&gt;</a>&nbsp;&nbsp;&nbsp;I2C_writeBit
</UL>
<BR>[Called By]<UL><LI><a href="#[141]">&gt;&gt;</a>&nbsp;&nbsp;&nbsp;MPU6050_initialize
</UL>

<P><STRONG><a name="[123]"></a>MPU6050_getIntI2CMasterStatus</STRONG> (Thumb, 34 bytes, Stack size 8 bytes, mpu6050.o(.text), UNUSED)
<BR><BR>[Calls]<UL><LI><a href="#[103]">&gt;&gt;</a>&nbsp;&nbsp;&nbsp;I2C_readBit
</UL>

<P><STRONG><a name="[124]"></a>MPU6050_getIntDataReadyStatus</STRONG> (Thumb, 34 bytes, Stack size 8 bytes, mpu6050.o(.text), UNUSED)
<BR><BR>[Calls]<UL><LI><a href="#[103]">&gt;&gt;</a>&nbsp;&nbsp;&nbsp;I2C_readBit
</UL>

<P><STRONG><a name="[125]"></a>MPU6050_getMotion6</STRONG> (Thumb, 138 bytes, Stack size 32 bytes, mpu6050.o(.text), UNUSED)
<BR><BR>[Calls]<UL><LI><a href="#[fe]">&gt;&gt;</a>&nbsp;&nbsp;&nbsp;I2C_readBytes
</UL>
<BR>[Called By]<UL><LI><a href="#[126]">&gt;&gt;</a>&nbsp;&nbsp;&nbsp;MPU6050_getMotion9
</UL>

<P><STRONG><a name="[126]"></a>MPU6050_getMotion9</STRONG> (Thumb, 40 bytes, Stack size 48 bytes, mpu6050.o(.text), UNUSED)
<BR><BR>[Calls]<UL><LI><a href="#[125]">&gt;&gt;</a>&nbsp;&nbsp;&nbsp;MPU6050_getMotion6
</UL>

<P><STRONG><a name="[127]"></a>MPU6050_getAcceleration</STRONG> (Thumb, 76 bytes, Stack size 24 bytes, mpu6050.o(.text))
<BR><BR>[Stack]<UL><LI>Max Depth = 96<LI>Call Chain = MPU6050_getAcceleration &rArr; I2C_readBytes &rArr; NVT_ReadByteContinue_addr8 &rArr; WaitEndFlag0
</UL>
<BR>[Calls]<UL><LI><a href="#[fe]">&gt;&gt;</a>&nbsp;&nbsp;&nbsp;I2C_readBytes
</UL>
<BR>[Called By]<UL><LI><a href="#[198]">&gt;&gt;</a>&nbsp;&nbsp;&nbsp;SensorReadACC
</UL>

<P><STRONG><a name="[128]"></a>MPU6050_getAccelerationX</STRONG> (Thumb, 36 bytes, Stack size 8 bytes, mpu6050.o(.text), UNUSED)
<BR><BR>[Calls]<UL><LI><a href="#[fe]">&gt;&gt;</a>&nbsp;&nbsp;&nbsp;I2C_readBytes
</UL>

<P><STRONG><a name="[129]"></a>MPU6050_getAccelerationY</STRONG> (Thumb, 36 bytes, Stack size 8 bytes, mpu6050.o(.text), UNUSED)
<BR><BR>[Calls]<UL><LI><a href="#[fe]">&gt;&gt;</a>&nbsp;&nbsp;&nbsp;I2C_readBytes
</UL>

<P><STRONG><a name="[12a]"></a>MPU6050_getAccelerationZ</STRONG> (Thumb, 36 bytes, Stack size 8 bytes, mpu6050.o(.text), UNUSED)
<BR><BR>[Calls]<UL><LI><a href="#[fe]">&gt;&gt;</a>&nbsp;&nbsp;&nbsp;I2C_readBytes
</UL>

<P><STRONG><a name="[12b]"></a>MPU6050_getTemperature</STRONG> (Thumb, 36 bytes, Stack size 8 bytes, mpu6050.o(.text), UNUSED)
<BR><BR>[Calls]<UL><LI><a href="#[fe]">&gt;&gt;</a>&nbsp;&nbsp;&nbsp;I2C_readBytes
</UL>
<BR>[Called By]<UL><LI><a href="#[18d]">&gt;&gt;</a>&nbsp;&nbsp;&nbsp;temperatureRead
</UL>

<P><STRONG><a name="[12c]"></a>MPU6050_getRotation</STRONG> (Thumb, 76 bytes, Stack size 24 bytes, mpu6050.o(.text))
<BR><BR>[Stack]<UL><LI>Max Depth = 96<LI>Call Chain = MPU6050_getRotation &rArr; I2C_readBytes &rArr; NVT_ReadByteContinue_addr8 &rArr; WaitEndFlag0
</UL>
<BR>[Calls]<UL><LI><a href="#[fe]">&gt;&gt;</a>&nbsp;&nbsp;&nbsp;I2C_readBytes
</UL>
<BR>[Called By]<UL><LI><a href="#[199]">&gt;&gt;</a>&nbsp;&nbsp;&nbsp;SensorReadGYRO
</UL>

<P><STRONG><a name="[12d]"></a>MPU6050_getRotationX</STRONG> (Thumb, 36 bytes, Stack size 8 bytes, mpu6050.o(.text), UNUSED)
<BR><BR>[Calls]<UL><LI><a href="#[fe]">&gt;&gt;</a>&nbsp;&nbsp;&nbsp;I2C_readBytes
</UL>

<P><STRONG><a name="[12e]"></a>MPU6050_getRotationY</STRONG> (Thumb, 36 bytes, Stack size 8 bytes, mpu6050.o(.text), UNUSED)
<BR><BR>[Calls]<UL><LI><a href="#[fe]">&gt;&gt;</a>&nbsp;&nbsp;&nbsp;I2C_readBytes
</UL>

<P><STRONG><a name="[12f]"></a>MPU6050_getRotationZ</STRONG> (Thumb, 36 bytes, Stack size 8 bytes, mpu6050.o(.text), UNUSED)
<BR><BR>[Calls]<UL><LI><a href="#[fe]">&gt;&gt;</a>&nbsp;&nbsp;&nbsp;I2C_readBytes
</UL>

<P><STRONG><a name="[130]"></a>MPU6050_getYNegMotionDetected</STRONG> (Thumb, 42 bytes, Stack size 8 bytes, mpu6050.o(.text), UNUSED)
<BR><BR>[Calls]<UL><LI><a href="#[103]">&gt;&gt;</a>&nbsp;&nbsp;&nbsp;I2C_readBit
</UL>

<P><STRONG><a name="[131]"></a>MPU6050_resetTemperaturePath</STRONG> (Thumb, 18 bytes, Stack size 8 bytes, mpu6050.o(.text), UNUSED)
<BR><BR>[Calls]<UL><LI><a href="#[10b]">&gt;&gt;</a>&nbsp;&nbsp;&nbsp;I2C_writeBit
</UL>

<P><STRONG><a name="[132]"></a>MPU6050_getFreefallDetectionCounterDecrement</STRONG> (Thumb, 30 bytes, Stack size 16 bytes, mpu6050.o(.text), UNUSED)
<BR><BR>[Calls]<UL><LI><a href="#[102]">&gt;&gt;</a>&nbsp;&nbsp;&nbsp;I2C_readBits
</UL>

[...]
</UL>
<BR>[Calls]<UL><LI><a href="#[1f6]">&gt;&gt;</a>&nbsp;&nbsp;&nbsp;__aeabi_dmul
<LI><a href="#[1ff]">&gt;&gt;</a>&nbsp;&nbsp;&nbsp;__aeabi_dadd
</UL>
<BR>[Called By]<UL><LI><a href="#[2cd]">&gt;&gt;</a>&nbsp;&nbsp;&nbsp;__kernel_sin
<LI><a href="#[2ce]">&gt;&gt;</a>&nbsp;&nbsp;&nbsp;__kernel_cos
<LI><a href="#[2a4]">&gt;&gt;</a>&nbsp;&nbsp;&nbsp;__hardfp_atan
</UL>

<P><STRONG><a name="[2cd]"></a>__kernel_sin</STRONG> (Thumb, 280 bytes, Stack size 72 bytes, sin_i.o(i.__kernel_sin))
<BR><BR>[Stack]<UL><LI>Max Depth = 184<LI>Call Chain = __kernel_sin &rArr; __kernel_poly &rArr; __aeabi_dmul &rArr; _double_epilogue &rArr; _double_round
</UL>
<BR>[Calls]<UL><LI><a href="#[1f6]">&gt;&gt;</a>&nbsp;&nbsp;&nbsp;__aeabi_dmul
<LI><a href="#[1ff]">&gt;&gt;</a>&nbsp;&nbsp;&nbsp;__aeabi_dadd
<LI><a href="#[2c8]">&gt;&gt;</a>&nbsp;&nbsp;&nbsp;__kernel_poly
<LI><a href="#[2c5]">&gt;&gt;</a>&nbsp;&nbsp;&nbsp;__ARM_fpclassify
<LI><a href="#[2c6]">&gt;&gt;</a>&nbsp;&nbsp;&nbsp;__mathlib_dbl_underflow
<LI><a href="#[2b2]">&gt;&gt;</a>&nbsp;&nbsp;&nbsp;__aeabi_drsub
<LI><a href="#[2aa]">&gt;&gt;</a>&nbsp;&nbsp;&nbsp;__aeabi_dsub
</UL>
<BR>[Called By]<UL><LI><a href="#[1a1]">&gt;&gt;</a>&nbsp;&nbsp;&nbsp;__hardfp_sin
<LI><a href="#[1a0]">&gt;&gt;</a>&nbsp;&nbsp;&nbsp;__hardfp_cos
</UL>

<P><STRONG><a name="[2c6]"></a>__mathlib_dbl_underflow</STRONG> (Thumb, 24 bytes, Stack size 8 bytes, dunder.o(i.__mathlib_dbl_underflow))
<BR><BR>[Stack]<UL><LI>Max Depth = 96<LI>Call Chain = __mathlib_dbl_underflow &rArr; __aeabi_dmul &rArr; _double_epilogue &rArr; _double_round
</UL>
<BR>[Calls]<UL><LI><a href="#[1f6]">&gt;&gt;</a>&nbsp;&nbsp;&nbsp;__aeabi_dmul
</UL>
<BR>[Called By]<UL><LI><a href="#[2cd]">&gt;&gt;</a>&nbsp;&nbsp;&nbsp;__kernel_sin
<LI><a href="#[2a4]">&gt;&gt;</a>&nbsp;&nbsp;&nbsp;__hardfp_atan
</UL>

<P><STRONG><a name="[2ca]"></a>__read_errno</STRONG> (Thumb, 6 bytes, Stack size 0 bytes, errno.o(i.__read_errno))
<BR><BR>[Called By]<UL><LI><a href="#[96]">&gt;&gt;</a>&nbsp;&nbsp;&nbsp;__hardfp_atof
</UL>

<P><STRONG><a name="[39c]"></a>__scatterload_copy</STRONG> (Thumb, 14 bytes, Stack size unknown bytes, handlers.o(i.__scatterload_copy), UNUSED)

<P><STRONG><a name="[39d]"></a>__scatterload_null</STRONG> (Thumb, 2 bytes, Stack size unknown bytes, handlers.o(i.__scatterload_null), UNUSED)

<P><STRONG><a name="[39e]"></a>__scatterload_zeroinit</STRONG> (Thumb, 14 bytes, Stack size unknown bytes, handlers.o(i.__scatterload_zeroinit), UNUSED)

<P><STRONG><a name="[2cb]"></a>__set_errno</STRONG> (Thumb, 6 bytes, Stack size 0 bytes, errno.o(i.__set_errno))
<BR><BR>[Called By]<UL><LI><a href="#[1fc]">&gt;&gt;</a>&nbsp;&nbsp;&nbsp;__hardfp_sqrt
<LI><a href="#[1a1]">&gt;&gt;</a>&nbsp;&nbsp;&nbsp;__hardfp_sin
<LI><a href="#[1a0]">&gt;&gt;</a>&nbsp;&nbsp;&nbsp;__hardfp_cos
<LI><a href="#[96]">&gt;&gt;</a>&nbsp;&nbsp;&nbsp;__hardfp_atof
</UL>

<P><STRONG><a name="[2c1]"></a>_is_digit</STRONG> (Thumb, 14 bytes, Stack size 0 bytes, scanf_fp.o(i._is_digit), UNUSED)
<BR><BR>[Called By]<UL><LI><a href="#[2c0]">&gt;&gt;</a>&nbsp;&nbsp;&nbsp;_scanf_really_real
</UL>

<P><STRONG><a name="[2c9]"></a>atan</STRONG> (Thumb, 16 bytes, Stack size 8 bytes, atan.o(i.atan))
<BR><BR>[Stack]<UL><LI>Max Depth = 168<LI>Call Chain = atan &rArr; __hardfp_atan &rArr; __kernel_poly &rArr; __aeabi_dmul &rArr; _double_epilogue &rArr; _double_round
</UL>
<BR>[Calls]<UL><LI><a href="#[2a4]">&gt;&gt;</a>&nbsp;&nbsp;&nbsp;__hardfp_atan
</UL>
<BR>[Called By]<UL><LI><a href="#[1fe]">&gt;&gt;</a>&nbsp;&nbsp;&nbsp;__hardfp_atan2
</UL>

<P><STRONG><a name="[2c7]"></a>fabs</STRONG> (Thumb, 32 bytes, Stack size 8 bytes, fabs.o(i.fabs))
<BR><BR>[Stack]<UL><LI>Max Depth = 8<LI>Call Chain = fabs
</UL>
<BR>[Called By]<UL><LI><a href="#[2cc]">&gt;&gt;</a>&nbsp;&nbsp;&nbsp;__ieee754_rem_pio2
<LI><a href="#[1fe]">&gt;&gt;</a>&nbsp;&nbsp;&nbsp;__hardfp_atan2
<LI><a href="#[2a4]">&gt;&gt;</a>&nbsp;&nbsp;&nbsp;__hardfp_atan
</UL>
<P>
<H3>
Local Symbols
</H3>
<P><STRONG><a name="[60]"></a>CLK_GetPLLClockFreq</STRONG> (Thumb, 84 bytes, Stack size 24 bytes, system_m451series.o(.text))
<BR><BR>[Stack]<UL><LI>Max Depth = 24<LI>Call Chain = CLK_GetPLLClockFreq
</UL>
<BR>[Called By]<UL><LI><a href="#[5f]">&gt;&gt;</a>&nbsp;&nbsp;&nbsp;SystemCoreClockUpdate
</UL>

<P><STRONG><a name="[10]"></a>Default_Handler</STRONG> (Thumb, 2 bytes, Stack size 0 bytes, startup_m451series.o(.text))
<BR><BR>[Calls]<UL><LI><a href="#[10]">&gt;&gt;</a>&nbsp;&nbsp;&nbsp;Default_Handler
</UL>
<BR>[Called By]<UL><LI><a href="#[10]">&gt;&gt;</a>&nbsp;&nbsp;&nbsp;Default_Handler
</UL>
<BR>[Address Reference Count : 1]<UL><LI> startup_m451series.o(RESET)
</UL>
<P><STRONG><a name="[9b]"></a>SYS_UnlockReg</STRONG> (Thumb, 42 bytes, Stack size 0 bytes, flashctrl.o(.text))
<BR><BR>[Called By]<UL><LI><a href="#[a8]">&gt;&gt;</a>&nbsp;&nbsp;&nbsp;UpdateBoardVersion
<LI><a href="#[a6]">&gt;&gt;</a>&nbsp;&nbsp;&nbsp;FlashInit
<LI><a href="#[a1]">&gt;&gt;</a>&nbsp;&nbsp;&nbsp;DATA_FLASH_Read
<LI><a href="#[9a]">&gt;&gt;</a>&nbsp;&nbsp;&nbsp;DATA_FLASH_Write
</UL>

<P><STRONG><a name="[9d]"></a>FMC_Read</STRONG> (Thumb, 36 bytes, Stack size 0 bytes, flashctrl.o(.text))
<BR><BR>[Called By]<UL><LI><a href="#[a1]">&gt;&gt;</a>&nbsp;&nbsp;&nbsp;DATA_FLASH_Read
<LI><a href="#[9a]">&gt;&gt;</a>&nbsp;&nbsp;&nbsp;DATA_FLASH_Write
</UL>

<P><STRONG><a name="[9e]"></a>FMC_Erase</STRONG> (Thumb, 52 bytes, Stack size 0 bytes, flashctrl.o(.text))
<BR><BR>[Called By]<UL><LI><a href="#[9a]">&gt;&gt;</a>&nbsp;&nbsp;&nbsp;DATA_FLASH_Write
<LI><a href="#[a2]">&gt;&gt;</a>&nbsp;&nbsp;&nbsp;SetDataFlashBase
</UL>

<P><STRONG><a name="[a2]"></a>SetDataFlashBase</STRONG> (Thumb, 82 bytes, Stack size 16 bytes, flashctrl.o(.text))
<BR><BR>[Stack]<UL><LI>Max Depth = 32<LI>Call Chain = SetDataFlashBase &rArr; FMC_WriteConfig
</UL>
<BR>[Calls]<UL><LI><a href="#[a5]">&gt;&gt;</a>&nbsp;&nbsp;&nbsp;FMC_WriteConfig
<LI><a href="#[a3]">&gt;&gt;</a>&nbsp;&nbsp;&nbsp;FMC_ReadConfig
<LI><a href="#[a4]">&gt;&gt;</a>&nbsp;&nbsp;&nbsp;FMC_EnableConfigUpdate
<LI><a href="#[9e]">&gt;&gt;</a>&nbsp;&nbsp;&nbsp;FMC_Erase
</UL>
<BR>[Called By]<UL><LI><a href="#[a6]">&gt;&gt;</a>&nbsp;&nbsp;&nbsp;FlashInit
</UL>

<P><STRONG><a name="[a0]"></a>SYS_LockReg</STRONG> (Thumb, 8 bytes, Stack size 0 bytes, flashctrl.o(.text))
<BR><BR>[Called By]<UL><LI><a href="#[a8]">&gt;&gt;</a>&nbsp;&nbsp;&nbsp;UpdateBoardVersion
<LI><a href="#[a6]">&gt;&gt;</a>&nbsp;&nbsp;&nbsp;FlashInit
<LI><a href="#[a1]">&gt;&gt;</a>&nbsp;&nbsp;&nbsp;DATA_FLASH_Read
<LI><a href="#[9a]">&gt;&gt;</a>&nbsp;&nbsp;&nbsp;DATA_FLASH_Write
</UL>

<P><STRONG><a name="[c2]"></a>SYS_UnlockReg</STRONG> (Thumb, 42 bytes, Stack size 0 bytes, abrobot.o(.text))
<BR><BR>[Called By]<UL><LI><a href="#[e2]">&gt;&gt;</a>&nbsp;&nbsp;&nbsp;CommandProcess
<LI><a href="#[c1]">&gt;&gt;</a>&nbsp;&nbsp;&nbsp;setupSystemClock
</UL>

<P><STRONG><a name="[111]"></a>CLK_GetPLLClockFreq</STRONG> (Thumb, 84 bytes, Stack size 24 bytes, motors.o(.text))
<BR><BR>[Stack]<UL><LI>Max Depth = 24<LI>Call Chain = CLK_GetPLLClockFreq
</UL>
<BR>[Called By]<UL><LI><a href="#[110]">&gt;&gt;</a>&nbsp;&nbsp;&nbsp;PWM_ConfigOutputChannelf
</UL>

<P><STRONG><a name="[14c]"></a>SYS_UnlockReg</STRONG> (Thumb, 42 bytes, Stack size 0 bytes, nvt_i2c.o(.text))
<BR><BR>[Called By]<UL><LI><a href="#[109]">&gt;&gt;</a>&nbsp;&nbsp;&nbsp;NVT_WriteByteContinue_addr8
<LI><a href="#[100]">&gt;&gt;</a>&nbsp;&nbsp;&nbsp;NVT_ReadByteContinue_addr8
</UL>

<P><STRONG><a name="[1a6]"></a>distributePower</STRONG> (Thumb, 504 bytes, Stack size 32 bytes, stabilizer.o(.text))
<BR><BR>[Stack]<UL><LI>Max Depth = 40<LI>Call Chain = distributePower &rArr; motorsSetRatio
</UL>
<BR>[Calls]<UL><LI><a href="#[1a7]">&gt;&gt;</a>&nbsp;&nbsp;&nbsp;GetMotorCal
<LI><a href="#[114]">&gt;&gt;</a>&nbsp;&nbsp;&nbsp;motorsSetRatio
</UL>
<BR>[Called By]<UL><LI><a href="#[fc]">&gt;&gt;</a>&nbsp;&nbsp;&nbsp;stabilizer
</UL>

<P><STRONG><a name="[1ae]"></a>NVIC_SetPriority</STRONG> (Thumb, 32 bytes, Stack size 8 bytes, timer_ctrl.o(.text))
<BR><BR>[Stack]<UL><LI>Max Depth = 8<LI>Call Chain = NVIC_SetPriority
</UL>
<BR>[Called By]<UL><LI><a href="#[d3]">&gt;&gt;</a>&nbsp;&nbsp;&nbsp;setup_system_tick
<LI><a href="#[db]">&gt;&gt;</a>&nbsp;&nbsp;&nbsp;TIMER_Init
</UL>

<P><STRONG><a name="[1b5]"></a>NVIC_EnableIRQ</STRONG> (Thumb, 24 bytes, Stack size 0 bytes, timer_ctrl.o(.text))
<BR><BR>[Called By]<UL><LI><a href="#[db]">&gt;&gt;</a>&nbsp;&nbsp;&nbsp;TIMER_Init
</UL>

<P><STRONG><a name="[1b6]"></a>TIMER_Start</STRONG> (Thumb, 10 bytes, Stack size 0 bytes, timer_ctrl.o(.text))
<BR><BR>[Called By]<UL><LI><a href="#[db]">&gt;&gt;</a>&nbsp;&nbsp;&nbsp;TIMER_Init
</UL>

<P><STRONG><a name="[1b3]"></a>TIMER_EnableInt</STRONG> (Thumb, 10 bytes, Stack size 0 bytes, timer_ctrl.o(.text))
<BR><BR>[Called By]<UL><LI><a href="#[db]">&gt;&gt;</a>&nbsp;&nbsp;&nbsp;TIMER_Init
<LI><a href="#[76]">&gt;&gt;</a>&nbsp;&nbsp;&nbsp;TIMER_Enable
</UL>

<P><STRONG><a name="[1e9]"></a>NVIC_EnableIRQ</STRONG> (Thumb, 24 bytes, Stack size 0 bytes, battery.o(.text))
<BR><BR>[Called By]<UL><LI><a href="#[da]">&gt;&gt;</a>&nbsp;&nbsp;&nbsp;Battery_Init
</UL>

<P><STRONG><a name="[1f8]"></a>check_missed_wp</STRONG> (Thumb, 84 bytes, Stack size 24 bytes, gps.o(.text), UNUSED)
<BR><BR>[Calls]<UL><LI><a href="#[1fa]">&gt;&gt;</a>&nbsp;&nbsp;&nbsp;__aeabi_cdrcmple
<LI><a href="#[1f9]">&gt;&gt;</a>&nbsp;&nbsp;&nbsp;wrap_18000
<LI><a href="#[1a2]">&gt;&gt;</a>&nbsp;&nbsp;&nbsp;__aeabi_i2d
<LI><a href="#[1a3]">&gt;&gt;</a>&nbsp;&nbsp;&nbsp;__hardfp_fabs
</UL>
<BR>[Called By]<UL><LI><a href="#[20e]">&gt;&gt;</a>&nbsp;&nbsp;&nbsp;GPS_NewData
</UL>

<P><STRONG><a name="[201]"></a>GPS_calc_velocity</STRONG> (Thumb, 176 bytes, Stack size 4 bytes, gps.o(.text), UNUSED)
<BR><BR>[Calls]<UL><LI><a href="#[203]">&gt;&gt;</a>&nbsp;&nbsp;&nbsp;LeadFilterY_get_position
<LI><a href="#[202]">&gt;&gt;</a>&nbsp;&nbsp;&nbsp;LeadFilterX_get_position
</UL>
<BR>[Called By]<UL><LI><a href="#[20e]">&gt;&gt;</a>&nbsp;&nbsp;&nbsp;GPS_NewData
</UL>

<P><STRONG><a name="[210]"></a>GPS_calc_location_error</STRONG> (Thumb, 48 bytes, Stack size 12 bytes, gps.o(.text), UNUSED)
<BR><BR>[Called By]<UL><LI><a href="#[20e]">&gt;&gt;</a>&nbsp;&nbsp;&nbsp;GPS_NewData
</UL>

<P><STRONG><a name="[204]"></a>GPS_calc_poshold</STRONG> (Thumb, 340 bytes, Stack size 40 bytes, gps.o(.text), UNUSED)
<BR><BR>[Calls]<UL><LI><a href="#[206]">&gt;&gt;</a>&nbsp;&nbsp;&nbsp;get_D
<LI><a href="#[1ea]">&gt;&gt;</a>&nbsp;&nbsp;&nbsp;get_I
<LI><a href="#[205]">&gt;&gt;</a>&nbsp;&nbsp;&nbsp;get_P
<LI><a href="#[1a2]">&gt;&gt;</a>&nbsp;&nbsp;&nbsp;__aeabi_i2d
<LI><a href="#[1a4]">&gt;&gt;</a>&nbsp;&nbsp;&nbsp;__aeabi_cdcmple
<LI><a href="#[1eb]">&gt;&gt;</a>&nbsp;&nbsp;&nbsp;constrain
<LI><a href="#[1a3]">&gt;&gt;</a>&nbsp;&nbsp;&nbsp;__hardfp_fabs
</UL>
<BR>[Called By]<UL><LI><a href="#[20e]">&gt;&gt;</a>&nbsp;&nbsp;&nbsp;GPS_NewData
</UL>

<P><STRONG><a name="[207]"></a>GPS_update_crosstrack</STRONG> (Thumb, 428 bytes, Stack size 40 bytes, gps.o(.text), UNUSED)
<BR><BR>[Calls]<UL><LI><a href="#[ae]">&gt;&gt;</a>&nbsp;&nbsp;&nbsp;__aeabi_f2d
<LI><a href="#[97]">&gt;&gt;</a>&nbsp;&nbsp;&nbsp;__aeabi_d2f
<LI><a href="#[208]">&gt;&gt;</a>&nbsp;&nbsp;&nbsp;__aeabi_ui2d
<LI><a href="#[1f6]">&gt;&gt;</a>&nbsp;&nbsp;&nbsp;__aeabi_dmul
<LI><a href="#[200]">&gt;&gt;</a>&nbsp;&nbsp;&nbsp;__aeabi_d2iz
<LI><a href="#[209]">&gt;&gt;</a>&nbsp;&nbsp;&nbsp;wrap_36000
<LI><a href="#[1f9]">&gt;&gt;</a>&nbsp;&nbsp;&nbsp;wrap_18000
<LI><a href="#[1a2]">&gt;&gt;</a>&nbsp;&nbsp;&nbsp;__aeabi_i2d
<LI><a href="#[1a4]">&gt;&gt;</a>&nbsp;&nbsp;&nbsp;__aeabi_cdcmple
<LI><a href="#[1eb]">&gt;&gt;</a>&nbsp;&nbsp;&nbsp;constrain
<LI><a href="#[1a1]">&gt;&gt;</a>&nbsp;&nbsp;&nbsp;__hardfp_sin
<LI><a href="#[1a3]">&gt;&gt;</a>&nbsp;&nbsp;&nbsp;__hardfp_fabs
</UL>
<BR>[Called By]<UL><LI><a href="#[20a]">&gt;&gt;</a>&nbsp;&nbsp;&nbsp;GPS_calc_nav_rate
</UL>

<P><STRONG><a name="[20a]"></a>GPS_calc_nav_rate</STRONG> (Thumb, 422 bytes, Stack size 48 bytes, gps.o(.text), UNUSED)
<BR><BR>[Calls]<UL><LI><a href="#[ae]">&gt;&gt;</a>&nbsp;&nbsp;&nbsp;__aeabi_f2d
<LI><a href="#[97]">&gt;&gt;</a>&nbsp;&nbsp;&nbsp;__aeabi_d2f
<LI><a href="#[1f6]">&gt;&gt;</a>&nbsp;&nbsp;&nbsp;__aeabi_dmul
<LI><a href="#[206]">&gt;&gt;</a>&nbsp;&nbsp;&nbsp;get_D
<LI><a href="#[1ea]">&gt;&gt;</a>&nbsp;&nbsp;&nbsp;get_I
<LI><a href="#[205]">&gt;&gt;</a>&nbsp;&nbsp;&nbsp;get_P
<LI><a href="#[207]">&gt;&gt;</a>&nbsp;&nbsp;&nbsp;GPS_update_crosstrack
<LI><a href="#[1a2]">&gt;&gt;</a>&nbsp;&nbsp;&nbsp;__aeabi_i2d
<LI><a href="#[1eb]">&gt;&gt;</a>&nbsp;&nbsp;&nbsp;constrain
<LI><a href="#[1a1]">&gt;&gt;</a>&nbsp;&nbsp;&nbsp;__hardfp_sin
<LI><a href="#[1a0]">&gt;&gt;</a>&nbsp;&nbsp;&nbsp;__hardfp_cos
</UL>
<BR>[Called By]<UL><LI><a href="#[20e]">&gt;&gt;</a>&nbsp;&nbsp;&nbsp;GPS_NewData
</UL>

<P><STRONG><a name="[211]"></a>GPS_calc_desired_speed</STRONG> (Thumb, 102 bytes, Stack size 0 bytes, gps.o(.text), UNUSED)
<BR><BR>[Called By]<UL><LI><a href="#[20e]">&gt;&gt;</a>&nbsp;&nbsp;&nbsp;GPS_NewData
</UL>

<P><STRONG><a name="[223]"></a>CLK_GetPLLClockFreq</STRONG> (Thumb, 84 bytes, Stack size 24 bytes, pwm.o(.text))
<BR><BR>[Stack]<UL><LI>Max Depth = 24<LI>Call Chain = CLK_GetPLLClockFreq
</UL>
<BR>[Called By]<UL><LI><a href="#[21e]">&gt;&gt;</a>&nbsp;&nbsp;&nbsp;PWM_ConfigOutputChannel
<LI><a href="#[21f]">&gt;&gt;</a>&nbsp;&nbsp;&nbsp;PWM_ConfigCaptureChannel
</UL>

<P><STRONG><a name="[228]"></a>CLK_GetPLLClockFreq</STRONG> (Thumb, 84 bytes, Stack size 24 bytes, uart.o(.text))
<BR><BR>[Stack]<UL><LI>Max Depth = 24<LI>Call Chain = CLK_GetPLLClockFreq
</UL>
<BR>[Called By]<UL><LI><a href="#[cc]">&gt;&gt;</a>&nbsp;&nbsp;&nbsp;UART_Open
<LI><a href="#[22a]">&gt;&gt;</a>&nbsp;&nbsp;&nbsp;UART_SelectIrDAMode
<LI><a href="#[229]">&gt;&gt;</a>&nbsp;&nbsp;&nbsp;UART_SetLine_Config
</UL>

<P><STRONG><a name="[227]"></a>NVIC_EnableIRQ</STRONG> (Thumb, 24 bytes, Stack size 0 bytes, uart.o(.text), UNUSED)
<BR><BR>[Called By]<UL><LI><a href="#[20d]">&gt;&gt;</a>&nbsp;&nbsp;&nbsp;UART_EnableInt
</UL>

<P><STRONG><a name="[226]"></a>NVIC_DisableIRQ</STRONG> (Thumb, 18 bytes, Stack size 0 bytes, uart.o(.text), UNUSED)
<BR><BR>[Called By]<UL><LI><a href="#[20c]">&gt;&gt;</a>&nbsp;&nbsp;&nbsp;UART_DisableInt
</UL>

<P><STRONG><a name="[232]"></a>CLK_GetPLLClockFreq</STRONG> (Thumb, 174 bytes, Stack size 24 bytes, clk.o(.text))
<BR><BR>[Stack]<UL><LI>Max Depth = 24<LI>Call Chain = CLK_GetPLLClockFreq
</UL>
<BR>[Called By]<UL><LI><a href="#[230]">&gt;&gt;</a>&nbsp;&nbsp;&nbsp;CLK_EnablePLL
</UL>

<P><STRONG><a name="[233]"></a>FMC_Read</STRONG> (Thumb, 36 bytes, Stack size 0 bytes, fmc.o(.text))
<BR><BR>[Called By]<UL><LI><a href="#[a5]">&gt;&gt;</a>&nbsp;&nbsp;&nbsp;FMC_WriteConfig
<LI><a href="#[a3]">&gt;&gt;</a>&nbsp;&nbsp;&nbsp;FMC_ReadConfig
</UL>

<P><STRONG><a name="[234]"></a>CLK_GetPLLClockFreq</STRONG> (Thumb, 84 bytes, Stack size 24 bytes, spi.o(.text), UNUSED)
<BR><BR>[Called By]<UL><LI><a href="#[1e1]">&gt;&gt;</a>&nbsp;&nbsp;&nbsp;SPI_Open
<LI><a href="#[236]">&gt;&gt;</a>&nbsp;&nbsp;&nbsp;SPI_GetBusClock
<LI><a href="#[235]">&gt;&gt;</a>&nbsp;&nbsp;&nbsp;SPI_SetBusClock
<LI><a href="#[237]">&gt;&gt;</a>&nbsp;&nbsp;&nbsp;I2S_GetSourceClockFreq
</UL>

<P><STRONG><a name="[237]"></a>I2S_GetSourceClockFreq</STRONG> (Thumb, 164 bytes, Stack size 16 bytes, spi.o(.text), UNUSED)
<BR><BR>[Calls]<UL><LI><a href="#[234]">&gt;&gt;</a>&nbsp;&nbsp;&nbsp;CLK_GetPLLClockFreq
<LI><a href="#[22e]">&gt;&gt;</a>&nbsp;&nbsp;&nbsp;CLK_GetHCLKFreq
</UL>
<BR>[Called By]<UL><LI><a href="#[239]">&gt;&gt;</a>&nbsp;&nbsp;&nbsp;I2S_EnableMCLK
<LI><a href="#[238]">&gt;&gt;</a>&nbsp;&nbsp;&nbsp;I2S_Open
</UL>

<P><STRONG><a name="[4c]"></a>stackDump</STRONG> (Thumb, 70 bytes, Stack size 8 bytes, retarget.o(.text))
<BR><BR>[Stack]<UL><LI>Max Depth = 32<LI>Call Chain = stackDump &rArr; __2printf
</UL>
<BR>[Calls]<UL><LI><a href="#[72]">&gt;&gt;</a>&nbsp;&nbsp;&nbsp;__2printf
</UL>
<BR>[Called By]<UL><LI><a href="#[44]">&gt;&gt;</a>&nbsp;&nbsp;&nbsp;Hard_Fault_Handler
</UL>

<P><STRONG><a name="[23b]"></a>RTC_WaitAccessEnable</STRONG> (Thumb, 38 bytes, Stack size 0 bytes, rtc.o(.text))
<BR><BR>[Called By]<UL><LI><a href="#[e9]">&gt;&gt;</a>&nbsp;&nbsp;&nbsp;RTC_SetTime
<LI><a href="#[d0]">&gt;&gt;</a>&nbsp;&nbsp;&nbsp;RTC_SetTickPeriod
<LI><a href="#[e8]">&gt;&gt;</a>&nbsp;&nbsp;&nbsp;RTC_SetDate
<LI><a href="#[cf]">&gt;&gt;</a>&nbsp;&nbsp;&nbsp;RTC_32KCalibration
<LI><a href="#[243]">&gt;&gt;</a>&nbsp;&nbsp;&nbsp;RTC_DisableSnooperDetection
<LI><a href="#[242]">&gt;&gt;</a>&nbsp;&nbsp;&nbsp;RTC_EnableSnooperDetection
<LI><a href="#[241]">&gt;&gt;</a>&nbsp;&nbsp;&nbsp;RTC_DisableSpareRegister
<LI><a href="#[240]">&gt;&gt;</a>&nbsp;&nbsp;&nbsp;RTC_EnableSpareAccess
<LI><a href="#[23f]">&gt;&gt;</a>&nbsp;&nbsp;&nbsp;RTC_SetAlarmTime
<LI><a href="#[23e]">&gt;&gt;</a>&nbsp;&nbsp;&nbsp;RTC_SetAlarmDate
<LI><a href="#[23d]">&gt;&gt;</a>&nbsp;&nbsp;&nbsp;RTC_SetAlarmDateAndTime
<LI><a href="#[23c]">&gt;&gt;</a>&nbsp;&nbsp;&nbsp;RTC_GetAlarmDateAndTime
<LI><a href="#[23a]">&gt;&gt;</a>&nbsp;&nbsp;&nbsp;RTC_SetDateAndTime
</UL>

<P><STRONG><a name="[2a8]"></a>invSqrt</STRONG> (Thumb, 40 bytes, Stack size 0 bytes, sensorfusion6.o(.text))
<BR><BR>[Called By]<UL><LI><a href="#[265]">&gt;&gt;</a>&nbsp;&nbsp;&nbsp;sensfusion9UpdateQ
<LI><a href="#[2a7]">&gt;&gt;</a>&nbsp;&nbsp;&nbsp;sensfusion6UpdateQ
</UL>

<P><STRONG><a name="[2cf]"></a>_fp_digits</STRONG> (Thumb, 326 bytes, Stack size 56 bytes, printfa.o(i._fp_digits), UNUSED)
<BR><BR>[Calls]<UL><LI><a href="#[1f6]">&gt;&gt;</a>&nbsp;&nbsp;&nbsp;__aeabi_dmul
<LI><a href="#[1f5]">&gt;&gt;</a>&nbsp;&nbsp;&nbsp;__aeabi_ddiv
<LI><a href="#[1ff]">&gt;&gt;</a>&nbsp;&nbsp;&nbsp;__aeabi_dadd
<LI><a href="#[1fa]">&gt;&gt;</a>&nbsp;&nbsp;&nbsp;__aeabi_cdrcmple
<LI><a href="#[2bc]">&gt;&gt;</a>&nbsp;&nbsp;&nbsp;__aeabi_d2ulz
<LI><a href="#[2b5]">&gt;&gt;</a>&nbsp;&nbsp;&nbsp;__aeabi_uldivmod
</UL>
<BR>[Called By]<UL><LI><a href="#[2c4]">&gt;&gt;</a>&nbsp;&nbsp;&nbsp;_printf_core
</UL>

<P><STRONG><a name="[2c4]"></a>_printf_core</STRONG> (Thumb, 1762 bytes, Stack size 136 bytes, printfa.o(i._printf_core), UNUSED)
<BR><BR>[Calls]<UL><LI><a href="#[2d0]">&gt;&gt;</a>&nbsp;&nbsp;&nbsp;_printf_pre_padding
<LI><a href="#[2d1]">&gt;&gt;</a>&nbsp;&nbsp;&nbsp;_printf_post_padding
<LI><a href="#[2cf]">&gt;&gt;</a>&nbsp;&nbsp;&nbsp;_fp_digits
<LI><a href="#[2b5]">&gt;&gt;</a>&nbsp;&nbsp;&nbsp;__aeabi_uldivmod
<LI><a href="#[2d2]">&gt;&gt;</a>&nbsp;&nbsp;&nbsp;__aeabi_uidivmod
</UL>
<BR>[Called By]<UL><LI><a href="#[2c3]">&gt;&gt;</a>&nbsp;&nbsp;&nbsp;__0printf
</UL>

<P><STRONG><a name="[2d1]"></a>_printf_post_padding</STRONG> (Thumb, 38 bytes, Stack size 24 bytes, printfa.o(i._printf_post_padding), UNUSED)
<BR><BR>[Called By]<UL><LI><a href="#[2c4]">&gt;&gt;</a>&nbsp;&nbsp;&nbsp;_printf_core
</UL>

<P><STRONG><a name="[2d0]"></a>_printf_pre_padding</STRONG> (Thumb, 48 bytes, Stack size 24 bytes, printfa.o(i._printf_pre_padding), UNUSED)
<BR><BR>[Called By]<UL><LI><a href="#[2c4]">&gt;&gt;</a>&nbsp;&nbsp;&nbsp;_printf_core
</UL>

<P><STRONG><a name="[2b6]"></a>_local_sscanf</STRONG> (Thumb, 54 bytes, Stack size 56 bytes, strtod.o(.text))
<BR><BR>[Stack]<UL><LI>Max Depth = 160<LI>Call Chain = _local_sscanf &rArr; _scanf_real
</UL>
<BR>[Calls]<UL><LI><a href="#[2b7]">&gt;&gt;</a>&nbsp;&nbsp;&nbsp;_scanf_real
</UL>
<BR>[Called By]<UL><LI><a href="#[2b8]">&gt;&gt;</a>&nbsp;&nbsp;&nbsp;__strtod_int
</UL>

<P><STRONG><a name="[2be]"></a>_fp_value</STRONG> (Thumb, 256 bytes, Stack size 56 bytes, scanf_fp.o(.text), UNUSED)
<BR><BR>[Calls]<UL><LI><a href="#[1f6]">&gt;&gt;</a>&nbsp;&nbsp;&nbsp;__aeabi_dmul
<LI><a href="#[1f5]">&gt;&gt;</a>&nbsp;&nbsp;&nbsp;__aeabi_ddiv
<LI><a href="#[2bf]">&gt;&gt;</a>&nbsp;&nbsp;&nbsp;__aeabi_ul2d
</UL>
<BR>[Called By]<UL><LI><a href="#[2c0]">&gt;&gt;</a>&nbsp;&nbsp;&nbsp;_scanf_really_real
</UL>
<P>
<H3>
Undefined Global Symbols
</H3><HR></body></html>
