<html>
<body>
<pre>
<h1>µVision Build Log</h1>
<h2>Project:</h2>
D:\SP UFD U3\M451\M451BSP\SampleCode\FlyController\ABRobot-master - V1.71-all\ABRobot.uvproj
Project File Date:  12/25/2015

<h2>Output:</h2>
Build target 'ABRobot'
creating preprocessor file for system_M451Series.c...
compiling system_M451Series.c...
assembling startup_M451Series.s...
creating preprocessor file for Adafruit_BMP085.c...
compiling Adafruit_BMP085.c...
creating preprocessor file for ak8975.c...
compiling ak8975.c...
creating preprocessor file for AltHold.c...
compiling AltHold.c...
creating preprocessor file for Calibrate.c...
compiling Calibrate.c...
creating preprocessor file for controller.c...
compiling controller.c...
creating preprocessor file for FlashCtrl.c...
compiling FlashCtrl.c...
creating preprocessor file for ABRobot.c...
compiling ABRobot.c...
ABRobot.c(318): warning:  #167-D: argument of type "char *" is incompatible with parameter of type "uint8_t *"
ABRobot.c(324): warning:  #167-D: argument of type "char *" is incompatible with parameter of type "uint8_t *"
ABRobot.c(341): warning:  #167-D: argument of type "char *" is incompatible with parameter of type "uint8_t *"
ABRobot.c(347): warning:  #167-D: argument of type "char *" is incompatible with parameter of type "uint8_t *"
ABRobot.c(362): warning:  #167-D: argument of type "char *" is incompatible with parameter of type "uint8_t *"
ABRobot.c(368): warning:  #167-D: argument of type "char *" is incompatible with parameter of type "uint8_t *"
ABRobot.c(387): warning:  #167-D: argument of type "char *" is incompatible with parameter of type "uint8_t *"
ABRobot.c(393): warning:  #167-D: argument of type "char *" is incompatible with parameter of type "uint8_t *"
creating preprocessor file for hmc5883l.c...
compiling hmc5883l.c...
creating preprocessor file for I2Cdev.c...
compiling I2Cdev.c...
creating preprocessor file for motors.c...
compiling motors.c...
creating preprocessor file for MPU6050.c...
compiling MPU6050.c...
creating preprocessor file for NVT_I2C.c...
compiling NVT_I2C.c...
creating preprocessor file for pid.c...
compiling pid.c...
creating preprocessor file for RC.c...
compiling RC.c...
creating preprocessor file for Report.c...
compiling Report.c...
creating preprocessor file for Sensors.c...
compiling Sensors.c...
creating preprocessor file for stabilizer.c...
compiling stabilizer.c...
stabilizer.c(133): warning:  #550-D: variable "rc_aux2" was set but never used
stabilizer.c(221): warning:  #550-D: variable "rc_thrust" was set but never used
creating preprocessor file for Timer_Ctrl.c...
compiling Timer_Ctrl.c...
creating preprocessor file for ms5611.c...
compiling ms5611.c...
creating preprocessor file for RC_pwm.c...
compiling RC_pwm.c...
RC_pwm.c(56): warning:  #177-D: variable "RX_PORTB_PINS" was declared but never referenced
creating preprocessor file for LED.c...
compiling LED.c...
creating preprocessor file for ssv7241.c...
compiling ssv7241.c...
creating preprocessor file for RC_ssv.c...
compiling RC_ssv.c...
RC_ssv.c(113): warning:  #550-D: variable "THR_SCALE" was set but never used
RC_ssv.c(113): warning:  #550-D: variable "PITCH_SCALE" was set but never used
RC_ssv.c(113): warning:  #550-D: variable "ROLL_SCALE" was set but never used
RC_ssv.c(147): warning:  #223-D: function "GetChar" declared implicitly
creating preprocessor file for battery.c...
compiling battery.c...
battery.c(40): warning:  #550-D: variable "BAT_TEMP2" was set but never used
battery.c(40): warning:  #550-D: variable "BAT_TEMP1" was set but never used
battery.c(41): warning:  #177-D: variable "BatteryPercent" was declared but never referenced
creating preprocessor file for BMP280.c...
compiling BMP280.c...
creating preprocessor file for gps.c...
compiling gps.c...
creating preprocessor file for IR.c...
compiling IR.c...
creating preprocessor file for Hall.c...
compiling Hall.c...
creating preprocessor file for gpio.c...
compiling gpio.c...
creating preprocessor file for i2c.c...
compiling i2c.c...
creating preprocessor file for pwm.c...
compiling pwm.c...
creating preprocessor file for timer.c...
compiling timer.c...
creating preprocessor file for sys.c...
compiling sys.c...
creating preprocessor file for uart.c...
compiling uart.c...
creating preprocessor file for clk.c...
compiling clk.c...
creating preprocessor file for fmc.c...
compiling fmc.c...
creating preprocessor file for spi.c...
compiling spi.c...
creating preprocessor file for eadc.c...
compiling eadc.c...
creating preprocessor file for retarget.c...
compiling retarget.c...
creating preprocessor file for rtc.c...
compiling rtc.c...
linking...
Program Size: Code=75900 RO-data=1124 RW-data=1320 ZI-data=12720  
User command #1: fromelf --bin ".\obj\ABRobot.axf" --output ".\obj\ABRobot.bin"
User command #2: fromelf --text -c ".\obj\ABRobot.axf" --output ".\obj\ABRobot.txt"
".\obj\ABRobot.axf" - 0 Error(s), 18 Warning(s).
